08:01:11 **** Build of configuration Debug for project STM32F103C6_Drivers ****
make -j8 all 
arm-none-eabi-gcc -gdwarf-2 -mcpu=cortex-m3 -g3 -c -x assembler-with-cpp -MMD -MP -MF"Startup/startup_stm32f103c6tx.d" -MT"Startup/startup_stm32f103c6tx.o" --specs=nano.specs -mfloat-abi=soft -mthumb -o "Startup/startup_stm32f103c6tx.o" "../Startup/startup_stm32f103c6tx.s"
arm-none-eabi-gcc -gdwarf-2 "../Src/main.c" -mcpu=cortex-m3 -std=gnu11 -g3 -DSTM32 -DSTM32F1 -DSTM32F103C6Tx -DDEBUG -c -I../Inc -I"D:/Embedded/KEROLES/Mastering Embedded System/github/Mastering-Embedded-Diploma/DRIVERS/STM32F103C6_Drivers/STM32F103C6_gpio_driver/inc" -O0 -ffunction-sections -fdata-sections -Wall -fstack-usage -MMD -MP -MF"Src/main.d" -MT"Src/main.o" --specs=nano.specs -mfloat-abi=soft -mthumb -o "Src/main.o"
arm-none-eabi-gcc -gdwarf-2 "../Src/syscalls.c" -mcpu=cortex-m3 -std=gnu11 -g3 -DSTM32 -DSTM32F1 -DSTM32F103C6Tx -DDEBUG -c -I../Inc -I"D:/Embedded/KEROLES/Mastering Embedded System/github/Mastering-Embedded-Diploma/DRIVERS/STM32F103C6_Drivers/STM32F103C6_gpio_driver/inc" -O0 -ffunction-sections -fdata-sections -Wall -fstack-usage -MMD -MP -MF"Src/syscalls.d" -MT"Src/syscalls.o" --specs=nano.specs -mfloat-abi=soft -mthumb -o "Src/syscalls.o"
arm-none-eabi-gcc -gdwarf-2 "../Src/sysmem.c" -mcpu=cortex-m3 -std=gnu11 -g3 -DSTM32 -DSTM32F1 -DSTM32F103C6Tx -DDEBUG -c -I../Inc -I"D:/Embedded/KEROLES/Mastering Embedded System/github/Mastering-Embedded-Diploma/DRIVERS/STM32F103C6_Drivers/STM32F103C6_gpio_driver/inc" -O0 -ffunction-sections -fdata-sections -Wall -fstack-usage -MMD -MP -MF"Src/sysmem.d" -MT"Src/sysmem.o" --specs=nano.specs -mfloat-abi=soft -mthumb -o "Src/sysmem.o"
arm-none-eabi-gcc -gdwarf-2 "../STM32F103C6_gpio_driver/STM32F103C6_gpio_driver.c" -mcpu=cortex-m3 -std=gnu11 -g3 -DSTM32 -DSTM32F1 -DSTM32F103C6Tx -DDEBUG -c -I../Inc -I"D:/Embedded/KEROLES/Mastering Embedded System/github/Mastering-Embedded-Diploma/DRIVERS/STM32F103C6_Drivers/STM32F103C6_gpio_driver/inc" -O0 -ffunction-sections -fdata-sections -Wall -fstack-usage -MMD -MP -MF"STM32F103C6_gpio_driver/STM32F103C6_gpio_driver.d" -MT"STM32F103C6_gpio_driver/STM32F103C6_gpio_driver.o" --specs=nano.specs -mfloat-abi=soft -mthumb -o "STM32F103C6_gpio_driver/STM32F103C6_gpio_driver.o"
arm-none-eabi-gcc -gdwarf-2 -o "STM32F103C6_Drivers.elf" @"objects.list"   -mcpu=cortex-m3 -T"D:\Embedded\KEROLES\Mastering Embedded System\github\Mastering-Embedded-Diploma\DRIVERS\STM32F103C6_Drivers\STM32F103C6TX_FLASH.ld" --specs=nosys.specs -Wl,-Map="STM32F103C6_Drivers.map" -Wl,--gc-sections -static --specs=nano.specs -mfloat-abi=soft -mthumb -Wl,--start-group -lc -lm -Wl,--end-group
Finished building target: STM32F103C6_Drivers.elf
 
arm-none-eabi-size   STM32F103C6_Drivers.elf 
arm-none-eabi-objdump -h -S  STM32F103C6_Drivers.elf  > "STM32F103C6_Drivers.list"
arm-none-eabi-objcopy  -O binary  STM32F103C6_Drivers.elf  "STM32F103C6_Drivers.bin"
   text	   data	    bss	    dec	    hex	filename
    556	      8	   1568	   2132	    854	STM32F103C6_Drivers.elf
Finished building: default.size.stdout
 
Finished building: STM32F103C6_Drivers.bin
Finished building: STM32F103C6_Drivers.list
 
 
14:52:22 **** Incremental Build of configuration Debug for project STM32F103C6_Drivers ****
make -j8 all 
arm-none-eabi-gcc -gdwarf-2 "../Src/main.c" -mcpu=cortex-m3 -std=gnu11 -g3 -DSTM32 -DSTM32F1 -DSTM32F103C6Tx -DDEBUG -c -I../Inc -I"D:/Embedded/KEROLES/Mastering Embedded System/github/Mastering-Embedded-Diploma/DRIVERS/STM32F103C6_Drivers/STM32F103C6_gpio_driver/inc" -O0 -ffunction-sections -fdata-sections -Wall -fstack-usage -MMD -MP -MF"Src/main.d" -MT"Src/main.o" --specs=nano.specs -mfloat-abi=soft -mthumb -o "Src/main.o"
arm-none-eabi-gcc -gdwarf-2 -o "STM32F103C6_Drivers.elf" @"objects.list"   -mcpu=cortex-m3 -T"D:\Embedded\KEROLES\Mastering Embedded System\github\Mastering-Embedded-Diploma\DRIVERS\STM32F103C6_Drivers\STM32F103C6TX_FLASH.ld" --specs=nosys.specs -Wl,-Map="STM32F103C6_Drivers.map" -Wl,--gc-sections -static --specs=nano.specs -mfloat-abi=soft -mthumb -Wl,--start-group -lc -lm -Wl,--end-group
Finished building target: STM32F103C6_Drivers.elf
 
arm-none-eabi-objdump -h -S  STM32F103C6_Drivers.elf  > "STM32F103C6_Drivers.list"
arm-none-eabi-objcopy  -O binary  STM32F103C6_Drivers.elf  "STM32F103C6_Drivers.bin"
arm-none-eabi-size   STM32F103C6_Drivers.elf 
   text	   data	    bss	    dec	    hex	filename
    556	      8	   1568	   2132	    854	STM32F103C6_Drivers.elf
Finished building: default.size.stdout
 
Finished building: STM32F103C6_Drivers.bin
Finished building: STM32F103C6_Drivers.list
 
 
15:27:56 **** Incremental Build of configuration Debug for project STM32F103C6_Drivers ****
make -j8 all 
arm-none-eabi-gcc -gdwarf-2 "../Src/main.c" -mcpu=cortex-m3 -std=gnu11 -g3 -DSTM32 -DSTM32F1 -DSTM32F103C6Tx -DDEBUG -c -I../Inc -I"D:/Embedded/KEROLES/Mastering Embedded System/github/Mastering-Embedded-Diploma/DRIVERS/STM32F103C6_Drivers/STM32F103C6_gpio_driver/inc" -O0 -ffunction-sections -fdata-sections -Wall -fstack-usage -MMD -MP -MF"Src/main.d" -MT"Src/main.o" --specs=nano.specs -mfloat-abi=soft -mthumb -o "Src/main.o"
In file included from ../Src/main.c:24:0:
D:/Embedded/KEROLES/Mastering Embedded System/github/Mastering-Embedded-Diploma/DRIVERS/STM32F103C6_Drivers/STM32F103C6_gpio_driver/inc/STM32F103x6.h:42:0: warning: "GPIOA_BASE" redefined
 #define GPIOA_BASE          (0x4001 0C00)
 
D:/Embedded/KEROLES/Mastering Embedded System/github/Mastering-Embedded-Diploma/DRIVERS/STM32F103C6_Drivers/STM32F103C6_gpio_driver/inc/STM32F103x6.h:41:0: note: this is the location of the previous definition
 #define GPIOA_BASE          (0x4001 0800)
 
arm-none-eabi-gcc -gdwarf-2 -o "STM32F103C6_Drivers.elf" @"objects.list"   -mcpu=cortex-m3 -T"D:\Embedded\KEROLES\Mastering Embedded System\github\Mastering-Embedded-Diploma\DRIVERS\STM32F103C6_Drivers\STM32F103C6TX_FLASH.ld" --specs=nosys.specs -Wl,-Map="STM32F103C6_Drivers.map" -Wl,--gc-sections -static --specs=nano.specs -mfloat-abi=soft -mthumb -Wl,--start-group -lc -lm -Wl,--end-group
Finished building target: STM32F103C6_Drivers.elf
 
arm-none-eabi-objdump -h -S  STM32F103C6_Drivers.elf  > "STM32F103C6_Drivers.list"
arm-none-eabi-objcopy  -O binary  STM32F103C6_Drivers.elf  "STM32F103C6_Drivers.bin"
arm-none-eabi-size   STM32F103C6_Drivers.elf 
   text	   data	    bss	    dec	    hex	filename
    556	      8	   1568	   2132	    854	STM32F103C6_Drivers.elf
Finished building: default.size.stdout
 
Finished building: STM32F103C6_Drivers.bin
Finished building: STM32F103C6_Drivers.list
 
 
15:28:26 **** Incremental Build of configuration Debug for project STM32F103C6_Drivers ****
make -j8 all 
arm-none-eabi-gcc -gdwarf-2 "../Src/main.c" -mcpu=cortex-m3 -std=gnu11 -g3 -DSTM32 -DSTM32F1 -DSTM32F103C6Tx -DDEBUG -c -I../Inc -I"D:/Embedded/KEROLES/Mastering Embedded System/github/Mastering-Embedded-Diploma/DRIVERS/STM32F103C6_Drivers/STM32F103C6_gpio_driver/inc" -O0 -ffunction-sections -fdata-sections -Wall -fstack-usage -MMD -MP -MF"Src/main.d" -MT"Src/main.o" --specs=nano.specs -mfloat-abi=soft -mthumb -o "Src/main.o"
arm-none-eabi-gcc -gdwarf-2 -o "STM32F103C6_Drivers.elf" @"objects.list"   -mcpu=cortex-m3 -T"D:\Embedded\KEROLES\Mastering Embedded System\github\Mastering-Embedded-Diploma\DRIVERS\STM32F103C6_Drivers\STM32F103C6TX_FLASH.ld" --specs=nosys.specs -Wl,-Map="STM32F103C6_Drivers.map" -Wl,--gc-sections -static --specs=nano.specs -mfloat-abi=soft -mthumb -Wl,--start-group -lc -lm -Wl,--end-group
Finished building target: STM32F103C6_Drivers.elf
 
arm-none-eabi-objdump -h -S  STM32F103C6_Drivers.elf  > "STM32F103C6_Drivers.list"
arm-none-eabi-objcopy  -O binary  STM32F103C6_Drivers.elf  "STM32F103C6_Drivers.bin"
arm-none-eabi-size   STM32F103C6_Drivers.elf 
   text	   data	    bss	    dec	    hex	filename
    556	      8	   1568	   2132	    854	STM32F103C6_Drivers.elf
Finished building: default.size.stdout
 
Finished building: STM32F103C6_Drivers.bin
Finished building: STM32F103C6_Drivers.list
 
 
20:12:27 **** Incremental Build of configuration Debug for project STM32F103C6_Drivers ****
make -j8 all 
arm-none-eabi-gcc -gdwarf-2 "../Src/main.c" -mcpu=cortex-m3 -std=gnu11 -g3 -DSTM32 -DSTM32F1 -DSTM32F103C6Tx -DDEBUG -c -I../Inc -I"D:/Embedded/KEROLES/Mastering Embedded System/github/Mastering-Embedded-Diploma/DRIVERS/STM32F103C6_Drivers/STM32F103C6_gpio_driver/inc" -O0 -ffunction-sections -fdata-sections -Wall -fstack-usage -MMD -MP -MF"Src/main.d" -MT"Src/main.o" --specs=nano.specs -mfloat-abi=soft -mthumb -o "Src/main.o"
arm-none-eabi-gcc -gdwarf-2 -o "STM32F103C6_Drivers.elf" @"objects.list"   -mcpu=cortex-m3 -T"D:\Embedded\KEROLES\Mastering Embedded System\github\Mastering-Embedded-Diploma\DRIVERS\STM32F103C6_Drivers\STM32F103C6TX_FLASH.ld" --specs=nosys.specs -Wl,-Map="STM32F103C6_Drivers.map" -Wl,--gc-sections -static --specs=nano.specs -mfloat-abi=soft -mthumb -Wl,--start-group -lc -lm -Wl,--end-group
Finished building target: STM32F103C6_Drivers.elf
 
arm-none-eabi-objdump -h -S  STM32F103C6_Drivers.elf  > "STM32F103C6_Drivers.list"
arm-none-eabi-objcopy  -O binary  STM32F103C6_Drivers.elf  "STM32F103C6_Drivers.bin"
arm-none-eabi-size   STM32F103C6_Drivers.elf 
   text	   data	    bss	    dec	    hex	filename
    556	      8	   1568	   2132	    854	STM32F103C6_Drivers.elf
Finished building: default.size.stdout
 
Finished building: STM32F103C6_Drivers.bin
Finished building: STM32F103C6_Drivers.list
 
 
20:18:37 **** Incremental Build of configuration Debug for project STM32F103C6_Drivers ****
make -j8 all 
arm-none-eabi-gcc -gdwarf-2 "../Src/main.c" -mcpu=cortex-m3 -std=gnu11 -g3 -DSTM32 -DSTM32F1 -DSTM32F103C6Tx -DDEBUG -c -I../Inc -I"D:/Embedded/KEROLES/Mastering Embedded System/github/Mastering-Embedded-Diploma/DRIVERS/STM32F103C6_Drivers/STM32F103C6_gpio_driver/inc" -O0 -ffunction-sections -fdata-sections -Wall -fstack-usage -MMD -MP -MF"Src/main.d" -MT"Src/main.o" --specs=nano.specs -mfloat-abi=soft -mthumb -o "Src/main.o"
arm-none-eabi-gcc -gdwarf-2 -o "STM32F103C6_Drivers.elf" @"objects.list"   -mcpu=cortex-m3 -T"D:\Embedded\KEROLES\Mastering Embedded System\github\Mastering-Embedded-Diploma\DRIVERS\STM32F103C6_Drivers\STM32F103C6TX_FLASH.ld" --specs=nosys.specs -Wl,-Map="STM32F103C6_Drivers.map" -Wl,--gc-sections -static --specs=nano.specs -mfloat-abi=soft -mthumb -Wl,--start-group -lc -lm -Wl,--end-group
Finished building target: STM32F103C6_Drivers.elf
 
arm-none-eabi-objdump -h -S  STM32F103C6_Drivers.elf  > "STM32F103C6_Drivers.list"
arm-none-eabi-objcopy  -O binary  STM32F103C6_Drivers.elf  "STM32F103C6_Drivers.bin"
arm-none-eabi-size   STM32F103C6_Drivers.elf 
   text	   data	    bss	    dec	    hex	filename
    556	      8	   1568	   2132	    854	STM32F103C6_Drivers.elf
Finished building: default.size.stdout
 
Finished building: STM32F103C6_Drivers.bin
Finished building: STM32F103C6_Drivers.list
 
 
21:35:07 **** Incremental Build of configuration Debug for project STM32F103C6_Drivers ****
make -j8 all 
arm-none-eabi-gcc -gdwarf-2 "../Src/main.c" -mcpu=cortex-m3 -std=gnu11 -g3 -DSTM32 -DSTM32F1 -DSTM32F103C6Tx -DDEBUG -c -I../Inc -I"D:/Embedded/KEROLES/Mastering Embedded System/github/Mastering-Embedded-Diploma/DRIVERS/STM32F103C6_Drivers/STM32F103C6_gpio_driver/inc" -O0 -ffunction-sections -fdata-sections -Wall -fstack-usage -MMD -MP -MF"Src/main.d" -MT"Src/main.o" --specs=nano.specs -mfloat-abi=soft -mthumb -o "Src/main.o"
arm-none-eabi-gcc -gdwarf-2 -o "STM32F103C6_Drivers.elf" @"objects.list"   -mcpu=cortex-m3 -T"D:\Embedded\KEROLES\Mastering Embedded System\github\Mastering-Embedded-Diploma\DRIVERS\STM32F103C6_Drivers\STM32F103C6TX_FLASH.ld" --specs=nosys.specs -Wl,-Map="STM32F103C6_Drivers.map" -Wl,--gc-sections -static --specs=nano.specs -mfloat-abi=soft -mthumb -Wl,--start-group -lc -lm -Wl,--end-group
Finished building target: STM32F103C6_Drivers.elf
 
arm-none-eabi-objdump -h -S  STM32F103C6_Drivers.elf  > "STM32F103C6_Drivers.list"
arm-none-eabi-objcopy  -O binary  STM32F103C6_Drivers.elf  "STM32F103C6_Drivers.bin"
arm-none-eabi-size   STM32F103C6_Drivers.elf 
   text	   data	    bss	    dec	    hex	filename
    556	      8	   1568	   2132	    854	STM32F103C6_Drivers.elf
Finished building: default.size.stdout
 
Finished building: STM32F103C6_Drivers.bin
Finished building: STM32F103C6_Drivers.list
 
 
21:48:23 **** Incremental Build of configuration Debug for project STM32F103C6_Drivers ****
make -j8 all 
arm-none-eabi-gcc -gdwarf-2 "../Src/main.c" -mcpu=cortex-m3 -std=gnu11 -g3 -DSTM32 -DSTM32F1 -DSTM32F103C6Tx -DDEBUG -c -I../Inc -I"D:/Embedded/KEROLES/Mastering Embedded System/github/Mastering-Embedded-Diploma/DRIVERS/STM32F103C6_Drivers/STM32F103C6_gpio_driver/inc" -O0 -ffunction-sections -fdata-sections -Wall -fstack-usage -MMD -MP -MF"Src/main.d" -MT"Src/main.o" --specs=nano.specs -mfloat-abi=soft -mthumb -o "Src/main.o"
arm-none-eabi-gcc -gdwarf-2 "../STM32F103C6_gpio_driver/STM32F103C6_gpio_driver.c" -mcpu=cortex-m3 -std=gnu11 -g3 -DSTM32 -DSTM32F1 -DSTM32F103C6Tx -DDEBUG -c -I../Inc -I"D:/Embedded/KEROLES/Mastering Embedded System/github/Mastering-Embedded-Diploma/DRIVERS/STM32F103C6_Drivers/STM32F103C6_gpio_driver/inc" -O0 -ffunction-sections -fdata-sections -Wall -fstack-usage -MMD -MP -MF"STM32F103C6_gpio_driver/STM32F103C6_gpio_driver.d" -MT"STM32F103C6_gpio_driver/STM32F103C6_gpio_driver.o" --specs=nano.specs -mfloat-abi=soft -mthumb -o "STM32F103C6_gpio_driver/STM32F103C6_gpio_driver.o"
../STM32F103C6_gpio_driver/STM32F103C6_gpio_driver.c: In function 'MCAL_GPIO_init':
../STM32F103C6_gpio_driver/STM32F103C6_gpio_driver.c:81:17: warning: assignment from incompatible pointer type [-Wincompatible-pointer-types]
  configRegister = (pinConfig->GPIO_PinNum) < GPIO_PIN_8 ? &GPIOx->CRL : &GPIOx->CRH;
                 ^
../STM32F103C6_gpio_driver/STM32F103C6_gpio_driver.c:84:20: error: invalid operands to binary & (have 'GPIO_typedefConfig {aka struct <anonymous>}' and 'int')
  (*configRegister) &= ~(0xf<<GPIO_CRLH_PIN_POSITION(pinConfig->GPIO_PinNum));
                    ^~ ~~~~~~~~~~~~~~~~~~~~~~~~~~~~~~~~~~~~~~~~~~~~~~~~~~~~~~
../STM32F103C6_gpio_driver/STM32F103C6_gpio_driver.c:90:39: warning: suggest parentheses around '-' inside '<<' [-Wparentheses]
   Pin_Conf = ((pinConfig->GPIO_PinMode-4 << 2) | ((pinConfig->GPIO_Output_Speed )& 0x0f));
                ~~~~~~~~~~~~~~~~~~~~~~~^~
../STM32F103C6_gpio_driver/STM32F103C6_gpio_driver.c:79:10: warning: variable 'Pin_Conf' set but not used [-Wunused-but-set-variable]
  uint8_t Pin_Conf = 0;
          ^~~~~~~~
make: *** [STM32F103C6_gpio_driver/subdir.mk:18: STM32F103C6_gpio_driver/STM32F103C6_gpio_driver.o] Error 1
make: *** Waiting for unfinished jobs....
"make -j8 all" terminated with exit code 2. Build might be incomplete.
21:48:57 **** Incremental Build of configuration Debug for project STM32F103C6_Drivers ****
make -j8 all 
arm-none-eabi-gcc -gdwarf-2 "../STM32F103C6_gpio_driver/STM32F103C6_gpio_driver.c" -mcpu=cortex-m3 -std=gnu11 -g3 -DSTM32 -DSTM32F1 -DSTM32F103C6Tx -DDEBUG -c -I../Inc -I"D:/Embedded/KEROLES/Mastering Embedded System/github/Mastering-Embedded-Diploma/DRIVERS/STM32F103C6_Drivers/STM32F103C6_gpio_driver/inc" -O0 -ffunction-sections -fdata-sections -Wall -fstack-usage -MMD -MP -MF"STM32F103C6_gpio_driver/STM32F103C6_gpio_driver.d" -MT"STM32F103C6_gpio_driver/STM32F103C6_gpio_driver.o" --specs=nano.specs -mfloat-abi=soft -mthumb -o "STM32F103C6_gpio_driver/STM32F103C6_gpio_driver.o"
../STM32F103C6_gpio_driver/STM32F103C6_gpio_driver.c: In function 'MCAL_GPIO_init':
../STM32F103C6_gpio_driver/STM32F103C6_gpio_driver.c:81:17: warning: assignment from incompatible pointer type [-Wincompatible-pointer-types]
  configRegister = (pinConfig->GPIO_PinNum) < GPIO_PIN_8 ? &GPIOx->CRL : &GPIOx->CRH;
                 ^
../STM32F103C6_gpio_driver/STM32F103C6_gpio_driver.c:84:18: error: invalid operands to binary & (have 'GPIO_typedefConfig {aka struct <anonymous>}' and 'int')
  *configRegister &= ~(0xf<<GPIO_CRLH_PIN_POSITION(pinConfig->GPIO_PinNum));
                  ^~ ~~~~~~~~~~~~~~~~~~~~~~~~~~~~~~~~~~~~~~~~~~~~~~~~~~~~~~
../STM32F103C6_gpio_driver/STM32F103C6_gpio_driver.c:90:39: warning: suggest parentheses around '-' inside '<<' [-Wparentheses]
   Pin_Conf = ((pinConfig->GPIO_PinMode-4 << 2) | ((pinConfig->GPIO_Output_Speed )& 0x0f));
                ~~~~~~~~~~~~~~~~~~~~~~~^~
../STM32F103C6_gpio_driver/STM32F103C6_gpio_driver.c:79:10: warning: variable 'Pin_Conf' set but not used [-Wunused-but-set-variable]
  uint8_t Pin_Conf = 0;
          ^~~~~~~~
make: *** [STM32F103C6_gpio_driver/subdir.mk:18: STM32F103C6_gpio_driver/STM32F103C6_gpio_driver.o] Error 1
"make -j8 all" terminated with exit code 2. Build might be incomplete.
21:49:56 **** Incremental Build of configuration Debug for project STM32F103C6_Drivers ****
make -j8 all 
arm-none-eabi-gcc -gdwarf-2 "../STM32F103C6_gpio_driver/STM32F103C6_gpio_driver.c" -mcpu=cortex-m3 -std=gnu11 -g3 -DSTM32 -DSTM32F1 -DSTM32F103C6Tx -DDEBUG -c -I../Inc -I"D:/Embedded/KEROLES/Mastering Embedded System/github/Mastering-Embedded-Diploma/DRIVERS/STM32F103C6_Drivers/STM32F103C6_gpio_driver/inc" -O0 -ffunction-sections -fdata-sections -Wall -fstack-usage -MMD -MP -MF"STM32F103C6_gpio_driver/STM32F103C6_gpio_driver.d" -MT"STM32F103C6_gpio_driver/STM32F103C6_gpio_driver.o" --specs=nano.specs -mfloat-abi=soft -mthumb -o "STM32F103C6_gpio_driver/STM32F103C6_gpio_driver.o"
../STM32F103C6_gpio_driver/STM32F103C6_gpio_driver.c: In function 'MCAL_GPIO_init':
../STM32F103C6_gpio_driver/STM32F103C6_gpio_driver.c:81:17: warning: assignment from incompatible pointer type [-Wincompatible-pointer-types]
  configRegister = (pinConfig->GPIO_PinNum)<GPIO_PIN_8 ? &GPIOx->CRL : &GPIOx->CRH;
                 ^
../STM32F103C6_gpio_driver/STM32F103C6_gpio_driver.c:84:18: error: invalid operands to binary & (have 'GPIO_typedefConfig {aka struct <anonymous>}' and 'int')
  *configRegister &= ~(0xf<<GPIO_CRLH_PIN_POSITION(pinConfig->GPIO_PinNum));
                  ^~ ~~~~~~~~~~~~~~~~~~~~~~~~~~~~~~~~~~~~~~~~~~~~~~~~~~~~~~
../STM32F103C6_gpio_driver/STM32F103C6_gpio_driver.c:90:39: warning: suggest parentheses around '-' inside '<<' [-Wparentheses]
   Pin_Conf = ((pinConfig->GPIO_PinMode-4 << 2) | ((pinConfig->GPIO_Output_Speed )& 0x0f));
                ~~~~~~~~~~~~~~~~~~~~~~~^~
../STM32F103C6_gpio_driver/STM32F103C6_gpio_driver.c:79:10: warning: variable 'Pin_Conf' set but not used [-Wunused-but-set-variable]
  uint8_t Pin_Conf = 0;
          ^~~~~~~~
make: *** [STM32F103C6_gpio_driver/subdir.mk:18: STM32F103C6_gpio_driver/STM32F103C6_gpio_driver.o] Error 1
"make -j8 all" terminated with exit code 2. Build might be incomplete.
21:51:06 **** Incremental Build of configuration Debug for project STM32F103C6_Drivers ****
make -j8 all 
arm-none-eabi-gcc -gdwarf-2 "../STM32F103C6_gpio_driver/STM32F103C6_gpio_driver.c" -mcpu=cortex-m3 -std=gnu11 -g3 -DSTM32 -DSTM32F1 -DSTM32F103C6Tx -DDEBUG -c -I../Inc -I"D:/Embedded/KEROLES/Mastering Embedded System/github/Mastering-Embedded-Diploma/DRIVERS/STM32F103C6_Drivers/STM32F103C6_gpio_driver/inc" -O0 -ffunction-sections -fdata-sections -Wall -fstack-usage -MMD -MP -MF"STM32F103C6_gpio_driver/STM32F103C6_gpio_driver.d" -MT"STM32F103C6_gpio_driver/STM32F103C6_gpio_driver.o" --specs=nano.specs -mfloat-abi=soft -mthumb -o "STM32F103C6_gpio_driver/STM32F103C6_gpio_driver.o"
../STM32F103C6_gpio_driver/STM32F103C6_gpio_driver.c: In function 'MCAL_GPIO_init':
../STM32F103C6_gpio_driver/STM32F103C6_gpio_driver.c:81:17: warning: assignment from incompatible pointer type [-Wincompatible-pointer-types]
  configRegister = (pinConfig->GPIO_PinNum)<GPIO_PIN_8 ? &GPIOx->CRL : &GPIOx->CRH;
                 ^
../STM32F103C6_gpio_driver/STM32F103C6_gpio_driver.c:84:18: error: invalid operands to binary & (have 'GPIO_typedefConfig {aka struct <anonymous>}' and 'int')
  *configRegister &= ~(0xf<<(GPIO_CRLH_PIN_POSITION(pinConfig->GPIO_PinNum)));
                  ^~ ~~~~~~~~~~~~~~~~~~~~~~~~~~~~~~~~~~~~~~~~~~~~~~~~~~~~~~~~
../STM32F103C6_gpio_driver/STM32F103C6_gpio_driver.c:90:39: warning: suggest parentheses around '-' inside '<<' [-Wparentheses]
   Pin_Conf = ((pinConfig->GPIO_PinMode-4 << 2) | ((pinConfig->GPIO_Output_Speed )& 0x0f));
                ~~~~~~~~~~~~~~~~~~~~~~~^~
../STM32F103C6_gpio_driver/STM32F103C6_gpio_driver.c:79:10: warning: variable 'Pin_Conf' set but not used [-Wunused-but-set-variable]
  uint8_t Pin_Conf = 0;
          ^~~~~~~~
make: *** [STM32F103C6_gpio_driver/subdir.mk:18: STM32F103C6_gpio_driver/STM32F103C6_gpio_driver.o] Error 1
"make -j8 all" terminated with exit code 2. Build might be incomplete.
21:51:45 **** Incremental Build of configuration Debug for project STM32F103C6_Drivers ****
make -j8 all 
arm-none-eabi-gcc -gdwarf-2 "../STM32F103C6_gpio_driver/STM32F103C6_gpio_driver.c" -mcpu=cortex-m3 -std=gnu11 -g3 -DSTM32 -DSTM32F1 -DSTM32F103C6Tx -DDEBUG -c -I../Inc -I"D:/Embedded/KEROLES/Mastering Embedded System/github/Mastering-Embedded-Diploma/DRIVERS/STM32F103C6_Drivers/STM32F103C6_gpio_driver/inc" -O0 -ffunction-sections -fdata-sections -Wall -fstack-usage -MMD -MP -MF"STM32F103C6_gpio_driver/STM32F103C6_gpio_driver.d" -MT"STM32F103C6_gpio_driver/STM32F103C6_gpio_driver.o" --specs=nano.specs -mfloat-abi=soft -mthumb -o "STM32F103C6_gpio_driver/STM32F103C6_gpio_driver.o"
../STM32F103C6_gpio_driver/STM32F103C6_gpio_driver.c: In function 'MCAL_GPIO_init':
../STM32F103C6_gpio_driver/STM32F103C6_gpio_driver.c:81:17: warning: assignment from incompatible pointer type [-Wincompatible-pointer-types]
  configRegister = (pinConfig->GPIO_PinNum)<GPIO_PIN_8 ? &GPIOx->CRL : &GPIOx->CRH;
                 ^
../STM32F103C6_gpio_driver/STM32F103C6_gpio_driver.c:84:76: error: expected ')' before ';' token
  *configRegister &= ~(0xf<<(GPIO_CRLH_PIN_POSITION(pinConfig->GPIO_PinNum));
                                                                            ^
../STM32F103C6_gpio_driver/STM32F103C6_gpio_driver.c:84:18: error: invalid operands to binary & (have 'GPIO_typedefConfig {aka struct <anonymous>}' and 'int')
  *configRegister &= ~(0xf<<(GPIO_CRLH_PIN_POSITION(pinConfig->GPIO_PinNum));
                  ^~ ~~~~~~~~~~~~~~~~~~~~~~~~~~~~~~~~~~~~~~~~~~~~~~~~~~~~~~~~
../STM32F103C6_gpio_driver/STM32F103C6_gpio_driver.c:111:1: error: expected ';' before '}' token
 }
 ^
../STM32F103C6_gpio_driver/STM32F103C6_gpio_driver.c:79:10: warning: unused variable 'Pin_Conf' [-Wunused-variable]
  uint8_t Pin_Conf = 0;
          ^~~~~~~~
make: *** [STM32F103C6_gpio_driver/subdir.mk:18: STM32F103C6_gpio_driver/STM32F103C6_gpio_driver.o] Error 1
"make -j8 all" terminated with exit code 2. Build might be incomplete.
21:52:11 **** Incremental Build of configuration Debug for project STM32F103C6_Drivers ****
make -j8 all 
arm-none-eabi-gcc -gdwarf-2 "../STM32F103C6_gpio_driver/STM32F103C6_gpio_driver.c" -mcpu=cortex-m3 -std=gnu11 -g3 -DSTM32 -DSTM32F1 -DSTM32F103C6Tx -DDEBUG -c -I../Inc -I"D:/Embedded/KEROLES/Mastering Embedded System/github/Mastering-Embedded-Diploma/DRIVERS/STM32F103C6_Drivers/STM32F103C6_gpio_driver/inc" -O0 -ffunction-sections -fdata-sections -Wall -fstack-usage -MMD -MP -MF"STM32F103C6_gpio_driver/STM32F103C6_gpio_driver.d" -MT"STM32F103C6_gpio_driver/STM32F103C6_gpio_driver.o" --specs=nano.specs -mfloat-abi=soft -mthumb -o "STM32F103C6_gpio_driver/STM32F103C6_gpio_driver.o"
../STM32F103C6_gpio_driver/STM32F103C6_gpio_driver.c: In function 'MCAL_GPIO_init':
../STM32F103C6_gpio_driver/STM32F103C6_gpio_driver.c:81:17: warning: assignment from incompatible pointer type [-Wincompatible-pointer-types]
  configRegister = (pinConfig->GPIO_PinNum)<GPIO_PIN_8 ? &GPIOx->CRL : &GPIOx->CRH;
                 ^
../STM32F103C6_gpio_driver/STM32F103C6_gpio_driver.c:84:76: error: expected ')' before ';' token
  *configRegister &= ~(0xf<<(GPIO_CRLH_PIN_POSITION(pinConfig->GPIO_PinNum));
                                                                            ^
../STM32F103C6_gpio_driver/STM32F103C6_gpio_driver.c:84:18: error: invalid operands to binary & (have 'GPIO_typedefConfig {aka struct <anonymous>}' and 'int')
  *configRegister &= ~(0xf<<(GPIO_CRLH_PIN_POSITION(pinConfig->GPIO_PinNum));
                  ^~ ~~~~~~~~~~~~~~~~~~~~~~~~~~~~~~~~~~~~~~~~~~~~~~~~~~~~~~~~
../STM32F103C6_gpio_driver/STM32F103C6_gpio_driver.c:111:1: error: expected ';' before '}' token
 }
 ^
../STM32F103C6_gpio_driver/STM32F103C6_gpio_driver.c:79:10: warning: unused variable 'Pin_Conf' [-Wunused-variable]
  uint8_t Pin_Conf = 0;
          ^~~~~~~~
../STM32F103C6_gpio_driver/STM32F103C6_gpio_driver.c: At top level:
../STM32F103C6_gpio_driver/STM32F103C6_gpio_driver.c:114:1: error: expected identifier or '(' before '}' token
 }
 ^
make: *** [STM32F103C6_gpio_driver/subdir.mk:18: STM32F103C6_gpio_driver/STM32F103C6_gpio_driver.o] Error 1
"make -j8 all" terminated with exit code 2. Build might be incomplete.
21:52:13 **** Incremental Build of configuration Debug for project STM32F103C6_Drivers ****
make -j8 all 
arm-none-eabi-gcc -gdwarf-2 "../STM32F103C6_gpio_driver/STM32F103C6_gpio_driver.c" -mcpu=cortex-m3 -std=gnu11 -g3 -DSTM32 -DSTM32F1 -DSTM32F103C6Tx -DDEBUG -c -I../Inc -I"D:/Embedded/KEROLES/Mastering Embedded System/github/Mastering-Embedded-Diploma/DRIVERS/STM32F103C6_Drivers/STM32F103C6_gpio_driver/inc" -O0 -ffunction-sections -fdata-sections -Wall -fstack-usage -MMD -MP -MF"STM32F103C6_gpio_driver/STM32F103C6_gpio_driver.d" -MT"STM32F103C6_gpio_driver/STM32F103C6_gpio_driver.o" --specs=nano.specs -mfloat-abi=soft -mthumb -o "STM32F103C6_gpio_driver/STM32F103C6_gpio_driver.o"
../STM32F103C6_gpio_driver/STM32F103C6_gpio_driver.c: In function 'MCAL_GPIO_init':
../STM32F103C6_gpio_driver/STM32F103C6_gpio_driver.c:81:17: warning: assignment from incompatible pointer type [-Wincompatible-pointer-types]
  configRegister = (pinConfig->GPIO_PinNum)<GPIO_PIN_8 ? &GPIOx->CRL : &GPIOx->CRH;
                 ^
../STM32F103C6_gpio_driver/STM32F103C6_gpio_driver.c:84:76: error: expected ')' before ';' token
  *configRegister &= ~(0xf<<(GPIO_CRLH_PIN_POSITION(pinConfig->GPIO_PinNum));
                                                                            ^
../STM32F103C6_gpio_driver/STM32F103C6_gpio_driver.c:84:18: error: invalid operands to binary & (have 'GPIO_typedefConfig {aka struct <anonymous>}' and 'int')
  *configRegister &= ~(0xf<<(GPIO_CRLH_PIN_POSITION(pinConfig->GPIO_PinNum));
                  ^~ ~~~~~~~~~~~~~~~~~~~~~~~~~~~~~~~~~~~~~~~~~~~~~~~~~~~~~~~~
../STM32F103C6_gpio_driver/STM32F103C6_gpio_driver.c:111:1: error: expected ';' before '}' token
 }
 ^
../STM32F103C6_gpio_driver/STM32F103C6_gpio_driver.c:79:10: warning: unused variable 'Pin_Conf' [-Wunused-variable]
  uint8_t Pin_Conf = 0;
          ^~~~~~~~
../STM32F103C6_gpio_driver/STM32F103C6_gpio_driver.c: At top level:
../STM32F103C6_gpio_driver/STM32F103C6_gpio_driver.c:114:1: error: expected identifier or '(' before '}' token
 }
 ^
make: *** [STM32F103C6_gpio_driver/subdir.mk:18: STM32F103C6_gpio_driver/STM32F103C6_gpio_driver.o] Error 1
"make -j8 all" terminated with exit code 2. Build might be incomplete.
21:52:20 **** Incremental Build of configuration Debug for project STM32F103C6_Drivers ****
make -j8 all 
arm-none-eabi-gcc -gdwarf-2 "../STM32F103C6_gpio_driver/STM32F103C6_gpio_driver.c" -mcpu=cortex-m3 -std=gnu11 -g3 -DSTM32 -DSTM32F1 -DSTM32F103C6Tx -DDEBUG -c -I../Inc -I"D:/Embedded/KEROLES/Mastering Embedded System/github/Mastering-Embedded-Diploma/DRIVERS/STM32F103C6_Drivers/STM32F103C6_gpio_driver/inc" -O0 -ffunction-sections -fdata-sections -Wall -fstack-usage -MMD -MP -MF"STM32F103C6_gpio_driver/STM32F103C6_gpio_driver.d" -MT"STM32F103C6_gpio_driver/STM32F103C6_gpio_driver.o" --specs=nano.specs -mfloat-abi=soft -mthumb -o "STM32F103C6_gpio_driver/STM32F103C6_gpio_driver.o"
../STM32F103C6_gpio_driver/STM32F103C6_gpio_driver.c: In function 'MCAL_GPIO_init':
../STM32F103C6_gpio_driver/STM32F103C6_gpio_driver.c:81:17: warning: assignment from incompatible pointer type [-Wincompatible-pointer-types]
  configRegister = (pinConfig->GPIO_PinNum)<GPIO_PIN_8 ? &GPIOx->CRL : &GPIOx->CRH;
                 ^
../STM32F103C6_gpio_driver/STM32F103C6_gpio_driver.c:84:76: error: expected ')' before ';' token
  *configRegister &= ~(0xf<<(GPIO_CRLH_PIN_POSITION(pinConfig->GPIO_PinNum));
                                                                            ^
../STM32F103C6_gpio_driver/STM32F103C6_gpio_driver.c:84:18: error: invalid operands to binary & (have 'GPIO_typedefConfig {aka struct <anonymous>}' and 'int')
  *configRegister &= ~(0xf<<(GPIO_CRLH_PIN_POSITION(pinConfig->GPIO_PinNum));
                  ^~ ~~~~~~~~~~~~~~~~~~~~~~~~~~~~~~~~~~~~~~~~~~~~~~~~~~~~~~~~
../STM32F103C6_gpio_driver/STM32F103C6_gpio_driver.c:129:1: error: expected declaration or statement at end of input
 void MCAL_GPIO_Lock_Pin(GPIO_typedefConfig* GPIOx, uint16_t pinNumber);
 ^~~~
../STM32F103C6_gpio_driver/STM32F103C6_gpio_driver.c:79:10: warning: unused variable 'Pin_Conf' [-Wunused-variable]
  uint8_t Pin_Conf = 0;
          ^~~~~~~~
make: *** [STM32F103C6_gpio_driver/subdir.mk:18: STM32F103C6_gpio_driver/STM32F103C6_gpio_driver.o] Error 1
"make -j8 all" terminated with exit code 2. Build might be incomplete.
21:53:38 **** Incremental Build of configuration Debug for project STM32F103C6_Drivers ****
make -j8 all 
arm-none-eabi-gcc -gdwarf-2 "../STM32F103C6_gpio_driver/STM32F103C6_gpio_driver.c" -mcpu=cortex-m3 -std=gnu11 -g3 -DSTM32 -DSTM32F1 -DSTM32F103C6Tx -DDEBUG -c -I../Inc -I"D:/Embedded/KEROLES/Mastering Embedded System/github/Mastering-Embedded-Diploma/DRIVERS/STM32F103C6_Drivers/STM32F103C6_gpio_driver/inc" -O0 -ffunction-sections -fdata-sections -Wall -fstack-usage -MMD -MP -MF"STM32F103C6_gpio_driver/STM32F103C6_gpio_driver.d" -MT"STM32F103C6_gpio_driver/STM32F103C6_gpio_driver.o" --specs=nano.specs -mfloat-abi=soft -mthumb -o "STM32F103C6_gpio_driver/STM32F103C6_gpio_driver.o"
../STM32F103C6_gpio_driver/STM32F103C6_gpio_driver.c: In function 'MCAL_GPIO_init':
../STM32F103C6_gpio_driver/STM32F103C6_gpio_driver.c:81:17: warning: assignment from incompatible pointer type [-Wincompatible-pointer-types]
  configRegister = (pinConfig->GPIO_PinNum)<GPIO_PIN_8 ? &GPIOx->CRL : &GPIOx->CRH;
                 ^
../STM32F103C6_gpio_driver/STM32F103C6_gpio_driver.c:84:76: error: expected ')' before ';' token
  *configRegister &= ~(0xf<<(GPIO_CRLH_PIN_POSITION(pinConfig->GPIO_PinNum));
                                                                            ^
../STM32F103C6_gpio_driver/STM32F103C6_gpio_driver.c:84:18: error: invalid operands to binary & (have 'GPIO_typedefConfig {aka struct <anonymous>}' and 'int')
  *configRegister &= ~(0xf<<(GPIO_CRLH_PIN_POSITION(pinConfig->GPIO_PinNum));
                  ^~ ~~~~~~~~~~~~~~~~~~~~~~~~~~~~~~~~~~~~~~~~~~~~~~~~~~~~~~~~
../STM32F103C6_gpio_driver/STM32F103C6_gpio_driver.c:112:1: error: expected ';' before '}' token
 }
 ^
../STM32F103C6_gpio_driver/STM32F103C6_gpio_driver.c:79:10: warning: unused variable 'Pin_Conf' [-Wunused-variable]
  uint8_t Pin_Conf = 0;
          ^~~~~~~~
make: *** [STM32F103C6_gpio_driver/subdir.mk:18: STM32F103C6_gpio_driver/STM32F103C6_gpio_driver.o] Error 1
"make -j8 all" terminated with exit code 2. Build might be incomplete.
21:54:05 **** Incremental Build of configuration Debug for project STM32F103C6_Drivers ****
make -j8 all 
arm-none-eabi-gcc -gdwarf-2 "../STM32F103C6_gpio_driver/STM32F103C6_gpio_driver.c" -mcpu=cortex-m3 -std=gnu11 -g3 -DSTM32 -DSTM32F1 -DSTM32F103C6Tx -DDEBUG -c -I../Inc -I"D:/Embedded/KEROLES/Mastering Embedded System/github/Mastering-Embedded-Diploma/DRIVERS/STM32F103C6_Drivers/STM32F103C6_gpio_driver/inc" -O0 -ffunction-sections -fdata-sections -Wall -fstack-usage -MMD -MP -MF"STM32F103C6_gpio_driver/STM32F103C6_gpio_driver.d" -MT"STM32F103C6_gpio_driver/STM32F103C6_gpio_driver.o" --specs=nano.specs -mfloat-abi=soft -mthumb -o "STM32F103C6_gpio_driver/STM32F103C6_gpio_driver.o"
../STM32F103C6_gpio_driver/STM32F103C6_gpio_driver.c: In function 'MCAL_GPIO_init':
../STM32F103C6_gpio_driver/STM32F103C6_gpio_driver.c:81:17: warning: assignment from incompatible pointer type [-Wincompatible-pointer-types]
  configRegister = (pinConfig->GPIO_PinNum)<GPIO_PIN_8 ? &GPIOx->CRL : &GPIOx->CRH;
                 ^
../STM32F103C6_gpio_driver/STM32F103C6_gpio_driver.c:84:76: error: expected ')' before ';' token
  *configRegister &= ~(0xf<<(GPIO_CRLH_PIN_POSITION(pinConfig->GPIO_PinNum));
                                                                            ^
../STM32F103C6_gpio_driver/STM32F103C6_gpio_driver.c:84:18: error: invalid operands to binary & (have 'GPIO_typedefConfig {aka struct <anonymous>}' and 'int')
  *configRegister &= ~(0xf<<(GPIO_CRLH_PIN_POSITION(pinConfig->GPIO_PinNum));
                  ^~ ~~~~~~~~~~~~~~~~~~~~~~~~~~~~~~~~~~~~~~~~~~~~~~~~~~~~~~~~
../STM32F103C6_gpio_driver/STM32F103C6_gpio_driver.c:112:1: error: expected ';' before '}' token
 }
 ^
../STM32F103C6_gpio_driver/STM32F103C6_gpio_driver.c:79:10: warning: unused variable 'Pin_Conf' [-Wunused-variable]
  uint8_t Pin_Conf = 0;
          ^~~~~~~~
make: *** [STM32F103C6_gpio_driver/subdir.mk:18: STM32F103C6_gpio_driver/STM32F103C6_gpio_driver.o] Error 1
"make -j8 all" terminated with exit code 2. Build might be incomplete.
21:54:08 **** Incremental Build of configuration Debug for project STM32F103C6_Drivers ****
make -j8 all 
arm-none-eabi-gcc -gdwarf-2 "../STM32F103C6_gpio_driver/STM32F103C6_gpio_driver.c" -mcpu=cortex-m3 -std=gnu11 -g3 -DSTM32 -DSTM32F1 -DSTM32F103C6Tx -DDEBUG -c -I../Inc -I"D:/Embedded/KEROLES/Mastering Embedded System/github/Mastering-Embedded-Diploma/DRIVERS/STM32F103C6_Drivers/STM32F103C6_gpio_driver/inc" -O0 -ffunction-sections -fdata-sections -Wall -fstack-usage -MMD -MP -MF"STM32F103C6_gpio_driver/STM32F103C6_gpio_driver.d" -MT"STM32F103C6_gpio_driver/STM32F103C6_gpio_driver.o" --specs=nano.specs -mfloat-abi=soft -mthumb -o "STM32F103C6_gpio_driver/STM32F103C6_gpio_driver.o"
../STM32F103C6_gpio_driver/STM32F103C6_gpio_driver.c: In function 'MCAL_GPIO_init':
../STM32F103C6_gpio_driver/STM32F103C6_gpio_driver.c:81:17: warning: assignment from incompatible pointer type [-Wincompatible-pointer-types]
  configRegister = (pinConfig->GPIO_PinNum)<GPIO_PIN_8 ? &GPIOx->CRL : &GPIOx->CRH;
                 ^
../STM32F103C6_gpio_driver/STM32F103C6_gpio_driver.c:84:76: error: expected ')' before ';' token
  *configRegister &= ~(0xf<<(GPIO_CRLH_PIN_POSITION(pinConfig->GPIO_PinNum));
                                                                            ^
../STM32F103C6_gpio_driver/STM32F103C6_gpio_driver.c:84:18: error: invalid operands to binary & (have 'GPIO_typedefConfig {aka struct <anonymous>}' and 'int')
  *configRegister &= ~(0xf<<(GPIO_CRLH_PIN_POSITION(pinConfig->GPIO_PinNum));
                  ^~ ~~~~~~~~~~~~~~~~~~~~~~~~~~~~~~~~~~~~~~~~~~~~~~~~~~~~~~~~
../STM32F103C6_gpio_driver/STM32F103C6_gpio_driver.c:112:1: error: expected ';' before '}' token
 }
 ^
../STM32F103C6_gpio_driver/STM32F103C6_gpio_driver.c:79:10: warning: unused variable 'Pin_Conf' [-Wunused-variable]
  uint8_t Pin_Conf = 0;
          ^~~~~~~~
make: *** [STM32F103C6_gpio_driver/subdir.mk:18: STM32F103C6_gpio_driver/STM32F103C6_gpio_driver.o] Error 1
"make -j8 all" terminated with exit code 2. Build might be incomplete.
21:54:09 **** Incremental Build of configuration Debug for project STM32F103C6_Drivers ****
make -j8 all 
arm-none-eabi-gcc -gdwarf-2 "../STM32F103C6_gpio_driver/STM32F103C6_gpio_driver.c" -mcpu=cortex-m3 -std=gnu11 -g3 -DSTM32 -DSTM32F1 -DSTM32F103C6Tx -DDEBUG -c -I../Inc -I"D:/Embedded/KEROLES/Mastering Embedded System/github/Mastering-Embedded-Diploma/DRIVERS/STM32F103C6_Drivers/STM32F103C6_gpio_driver/inc" -O0 -ffunction-sections -fdata-sections -Wall -fstack-usage -MMD -MP -MF"STM32F103C6_gpio_driver/STM32F103C6_gpio_driver.d" -MT"STM32F103C6_gpio_driver/STM32F103C6_gpio_driver.o" --specs=nano.specs -mfloat-abi=soft -mthumb -o "STM32F103C6_gpio_driver/STM32F103C6_gpio_driver.o"
../STM32F103C6_gpio_driver/STM32F103C6_gpio_driver.c: In function 'MCAL_GPIO_init':
../STM32F103C6_gpio_driver/STM32F103C6_gpio_driver.c:81:17: warning: assignment from incompatible pointer type [-Wincompatible-pointer-types]
  configRegister = (pinConfig->GPIO_PinNum)<GPIO_PIN_8 ? &GPIOx->CRL : &GPIOx->CRH;
                 ^
../STM32F103C6_gpio_driver/STM32F103C6_gpio_driver.c:84:76: error: expected ')' before ';' token
  *configRegister &= ~(0xf<<(GPIO_CRLH_PIN_POSITION(pinConfig->GPIO_PinNum));
                                                                            ^
../STM32F103C6_gpio_driver/STM32F103C6_gpio_driver.c:84:18: error: invalid operands to binary & (have 'GPIO_typedefConfig {aka struct <anonymous>}' and 'int')
  *configRegister &= ~(0xf<<(GPIO_CRLH_PIN_POSITION(pinConfig->GPIO_PinNum));
                  ^~ ~~~~~~~~~~~~~~~~~~~~~~~~~~~~~~~~~~~~~~~~~~~~~~~~~~~~~~~~
../STM32F103C6_gpio_driver/STM32F103C6_gpio_driver.c:112:1: error: expected ';' before '}' token
 }
 ^
../STM32F103C6_gpio_driver/STM32F103C6_gpio_driver.c:79:10: warning: unused variable 'Pin_Conf' [-Wunused-variable]
  uint8_t Pin_Conf = 0;
          ^~~~~~~~
make: *** [STM32F103C6_gpio_driver/subdir.mk:18: STM32F103C6_gpio_driver/STM32F103C6_gpio_driver.o] Error 1
"make -j8 all" terminated with exit code 2. Build might be incomplete.
21:54:50 **** Incremental Build of configuration Debug for project STM32F103C6_Drivers ****
make -j8 all 
arm-none-eabi-gcc -gdwarf-2 "../STM32F103C6_gpio_driver/STM32F103C6_gpio_driver.c" -mcpu=cortex-m3 -std=gnu11 -g3 -DSTM32 -DSTM32F1 -DSTM32F103C6Tx -DDEBUG -c -I../Inc -I"D:/Embedded/KEROLES/Mastering Embedded System/github/Mastering-Embedded-Diploma/DRIVERS/STM32F103C6_Drivers/STM32F103C6_gpio_driver/inc" -O0 -ffunction-sections -fdata-sections -Wall -fstack-usage -MMD -MP -MF"STM32F103C6_gpio_driver/STM32F103C6_gpio_driver.d" -MT"STM32F103C6_gpio_driver/STM32F103C6_gpio_driver.o" --specs=nano.specs -mfloat-abi=soft -mthumb -o "STM32F103C6_gpio_driver/STM32F103C6_gpio_driver.o"
../STM32F103C6_gpio_driver/STM32F103C6_gpio_driver.c: In function 'MCAL_GPIO_init':
../STM32F103C6_gpio_driver/STM32F103C6_gpio_driver.c:81:17: warning: assignment from incompatible pointer type [-Wincompatible-pointer-types]
  configRegister = (pinConfig->GPIO_PinNum)<GPIO_PIN_8 ? &GPIOx->CRL : &GPIOx->CRH;
                 ^
../STM32F103C6_gpio_driver/STM32F103C6_gpio_driver.c:84:76: error: expected ')' before ';' token
  *configRegister &= ~(0xf<<(GPIO_CRLH_PIN_POSITION(pinConfig->GPIO_PinNum));
                                                                            ^
../STM32F103C6_gpio_driver/STM32F103C6_gpio_driver.c:84:18: error: invalid operands to binary & (have 'GPIO_typedefConfig {aka struct <anonymous>}' and 'int')
  *configRegister &= ~(0xf<<(GPIO_CRLH_PIN_POSITION(pinConfig->GPIO_PinNum));
                  ^~ ~~~~~~~~~~~~~~~~~~~~~~~~~~~~~~~~~~~~~~~~~~~~~~~~~~~~~~~~
../STM32F103C6_gpio_driver/STM32F103C6_gpio_driver.c:112:1: error: expected ';' before '}' token
 }
 ^
../STM32F103C6_gpio_driver/STM32F103C6_gpio_driver.c:79:10: warning: unused variable 'Pin_Conf' [-Wunused-variable]
  uint8_t Pin_Conf = 0;
          ^~~~~~~~
make: *** [STM32F103C6_gpio_driver/subdir.mk:18: STM32F103C6_gpio_driver/STM32F103C6_gpio_driver.o] Error 1
"make -j8 all" terminated with exit code 2. Build might be incomplete.
21:55:24 **** Incremental Build of configuration Debug for project STM32F103C6_Drivers ****
make -j8 all 
arm-none-eabi-gcc -gdwarf-2 "../STM32F103C6_gpio_driver/STM32F103C6_gpio_driver.c" -mcpu=cortex-m3 -std=gnu11 -g3 -DSTM32 -DSTM32F1 -DSTM32F103C6Tx -DDEBUG -c -I../Inc -I"D:/Embedded/KEROLES/Mastering Embedded System/github/Mastering-Embedded-Diploma/DRIVERS/STM32F103C6_Drivers/STM32F103C6_gpio_driver/inc" -O0 -ffunction-sections -fdata-sections -Wall -fstack-usage -MMD -MP -MF"STM32F103C6_gpio_driver/STM32F103C6_gpio_driver.d" -MT"STM32F103C6_gpio_driver/STM32F103C6_gpio_driver.o" --specs=nano.specs -mfloat-abi=soft -mthumb -o "STM32F103C6_gpio_driver/STM32F103C6_gpio_driver.o"
../STM32F103C6_gpio_driver/STM32F103C6_gpio_driver.c: In function 'MCAL_GPIO_init':
../STM32F103C6_gpio_driver/STM32F103C6_gpio_driver.c:81:17: warning: assignment from incompatible pointer type [-Wincompatible-pointer-types]
  configRegister = (pinConfig->GPIO_PinNum)<GPIO_PIN_8 ? &GPIOx->CRL : &GPIOx->CRH;
                 ^
../STM32F103C6_gpio_driver/STM32F103C6_gpio_driver.c:84:18: error: invalid operands to binary & (have 'GPIO_typedefConfig {aka struct <anonymous>}' and 'int')
  *configRegister &= ~(0xf<<(GPIO_CRLH_PIN_POSITION(pinConfig->GPIO_PinNum)));
                  ^~ ~~~~~~~~~~~~~~~~~~~~~~~~~~~~~~~~~~~~~~~~~~~~~~~~~~~~~~~~
../STM32F103C6_gpio_driver/STM32F103C6_gpio_driver.c:90:39: warning: suggest parentheses around '-' inside '<<' [-Wparentheses]
   Pin_Conf = ((pinConfig->GPIO_PinMode-4 << 2) | ((pinConfig->GPIO_Output_Speed )& 0x0f));
                ~~~~~~~~~~~~~~~~~~~~~~~^~
../STM32F103C6_gpio_driver/STM32F103C6_gpio_driver.c:110:18: error: invalid operands to binary | (have 'GPIO_typedefConfig {aka struct <anonymous>}' and 'int')
  *configRegister |= ((Pin_Conf)<<GPIO_CRLH_PIN_POSITION(pinConfig->GPIO_PinNum));
                  ^~ ~~~~~~~~~~~~~~~~~~~~~~~~~~~~~~~~~~~~~~~~~~~~~~~~~~~~~~~~~~~~
make: *** [STM32F103C6_gpio_driver/subdir.mk:18: STM32F103C6_gpio_driver/STM32F103C6_gpio_driver.o] Error 1
"make -j8 all" terminated with exit code 2. Build might be incomplete.
21:55:42 **** Incremental Build of configuration Debug for project STM32F103C6_Drivers ****
make -j8 all 
arm-none-eabi-gcc -gdwarf-2 "../STM32F103C6_gpio_driver/STM32F103C6_gpio_driver.c" -mcpu=cortex-m3 -std=gnu11 -g3 -DSTM32 -DSTM32F1 -DSTM32F103C6Tx -DDEBUG -c -I../Inc -I"D:/Embedded/KEROLES/Mastering Embedded System/github/Mastering-Embedded-Diploma/DRIVERS/STM32F103C6_Drivers/STM32F103C6_gpio_driver/inc" -O0 -ffunction-sections -fdata-sections -Wall -fstack-usage -MMD -MP -MF"STM32F103C6_gpio_driver/STM32F103C6_gpio_driver.d" -MT"STM32F103C6_gpio_driver/STM32F103C6_gpio_driver.o" --specs=nano.specs -mfloat-abi=soft -mthumb -o "STM32F103C6_gpio_driver/STM32F103C6_gpio_driver.o"
../STM32F103C6_gpio_driver/STM32F103C6_gpio_driver.c: In function 'MCAL_GPIO_init':
../STM32F103C6_gpio_driver/STM32F103C6_gpio_driver.c:81:17: warning: assignment from incompatible pointer type [-Wincompatible-pointer-types]
  configRegister = (pinConfig->GPIO_PinNum)<GPIO_PIN_8 ? &GPIOx->CRL : &GPIOx->CRH;
                 ^
../STM32F103C6_gpio_driver/STM32F103C6_gpio_driver.c:84:20: error: invalid operands to binary & (have 'GPIO_typedefConfig {aka struct <anonymous>}' and 'int')
  (*configRegister) &= ~(0xf<<(GPIO_CRLH_PIN_POSITION(pinConfig->GPIO_PinNum)));
                    ^~ ~~~~~~~~~~~~~~~~~~~~~~~~~~~~~~~~~~~~~~~~~~~~~~~~~~~~~~~~
../STM32F103C6_gpio_driver/STM32F103C6_gpio_driver.c:90:39: warning: suggest parentheses around '-' inside '<<' [-Wparentheses]
   Pin_Conf = ((pinConfig->GPIO_PinMode-4 << 2) | ((pinConfig->GPIO_Output_Speed )& 0x0f));
                ~~~~~~~~~~~~~~~~~~~~~~~^~
../STM32F103C6_gpio_driver/STM32F103C6_gpio_driver.c:110:18: error: invalid operands to binary | (have 'GPIO_typedefConfig {aka struct <anonymous>}' and 'int')
  *configRegister |= ((Pin_Conf)<<GPIO_CRLH_PIN_POSITION(pinConfig->GPIO_PinNum));
                  ^~ ~~~~~~~~~~~~~~~~~~~~~~~~~~~~~~~~~~~~~~~~~~~~~~~~~~~~~~~~~~~~
make: *** [STM32F103C6_gpio_driver/subdir.mk:18: STM32F103C6_gpio_driver/STM32F103C6_gpio_driver.o] Error 1
"make -j8 all" terminated with exit code 2. Build might be incomplete.
21:57:00 **** Incremental Build of configuration Debug for project STM32F103C6_Drivers ****
make -j8 all 
arm-none-eabi-gcc -gdwarf-2 "../STM32F103C6_gpio_driver/STM32F103C6_gpio_driver.c" -mcpu=cortex-m3 -std=gnu11 -g3 -DSTM32 -DSTM32F1 -DSTM32F103C6Tx -DDEBUG -c -I../Inc -I"D:/Embedded/KEROLES/Mastering Embedded System/github/Mastering-Embedded-Diploma/DRIVERS/STM32F103C6_Drivers/STM32F103C6_gpio_driver/inc" -O0 -ffunction-sections -fdata-sections -Wall -fstack-usage -MMD -MP -MF"STM32F103C6_gpio_driver/STM32F103C6_gpio_driver.d" -MT"STM32F103C6_gpio_driver/STM32F103C6_gpio_driver.o" --specs=nano.specs -mfloat-abi=soft -mthumb -o "STM32F103C6_gpio_driver/STM32F103C6_gpio_driver.o"
../STM32F103C6_gpio_driver/STM32F103C6_gpio_driver.c: In function 'MCAL_GPIO_init':
../STM32F103C6_gpio_driver/STM32F103C6_gpio_driver.c:81:17: warning: assignment from incompatible pointer type [-Wincompatible-pointer-types]
  configRegister = (pinConfig->GPIO_PinNum)<GPIO_PIN_8 ? &GPIOx->CRL : &GPIOx->CRH;
                 ^
../STM32F103C6_gpio_driver/STM32F103C6_gpio_driver.c:84:20: error: invalid operands to binary & (have 'GPIO_typedefConfig {aka struct <anonymous>}' and 'int')
  (*configRegister) &= ~(0xf<<GPIO_CRLH_PIN_POSITION(pinConfig->GPIO_PinNum));
                    ^~ ~~~~~~~~~~~~~~~~~~~~~~~~~~~~~~~~~~~~~~~~~~~~~~~~~~~~~~
../STM32F103C6_gpio_driver/STM32F103C6_gpio_driver.c:90:39: warning: suggest parentheses around '-' inside '<<' [-Wparentheses]
   Pin_Conf = ((pinConfig->GPIO_PinMode-4 << 2) | ((pinConfig->GPIO_Output_Speed )& 0x0f));
                ~~~~~~~~~~~~~~~~~~~~~~~^~
../STM32F103C6_gpio_driver/STM32F103C6_gpio_driver.c:110:18: error: invalid operands to binary | (have 'GPIO_typedefConfig {aka struct <anonymous>}' and 'int')
  *configRegister |= ((Pin_Conf)<<GPIO_CRLH_PIN_POSITION(pinConfig->GPIO_PinNum));
                  ^~ ~~~~~~~~~~~~~~~~~~~~~~~~~~~~~~~~~~~~~~~~~~~~~~~~~~~~~~~~~~~~
make: *** [STM32F103C6_gpio_driver/subdir.mk:18: STM32F103C6_gpio_driver/STM32F103C6_gpio_driver.o] Error 1
"make -j8 all" terminated with exit code 2. Build might be incomplete.
21:57:56 **** Incremental Build of configuration Debug for project STM32F103C6_Drivers ****
make -j8 all 
arm-none-eabi-gcc -gdwarf-2 "../STM32F103C6_gpio_driver/STM32F103C6_gpio_driver.c" -mcpu=cortex-m3 -std=gnu11 -g3 -DSTM32 -DSTM32F1 -DSTM32F103C6Tx -DDEBUG -c -I../Inc -I"D:/Embedded/KEROLES/Mastering Embedded System/github/Mastering-Embedded-Diploma/DRIVERS/STM32F103C6_Drivers/STM32F103C6_gpio_driver/inc" -O0 -ffunction-sections -fdata-sections -Wall -fstack-usage -MMD -MP -MF"STM32F103C6_gpio_driver/STM32F103C6_gpio_driver.d" -MT"STM32F103C6_gpio_driver/STM32F103C6_gpio_driver.o" --specs=nano.specs -mfloat-abi=soft -mthumb -o "STM32F103C6_gpio_driver/STM32F103C6_gpio_driver.o"
../STM32F103C6_gpio_driver/STM32F103C6_gpio_driver.c: In function 'MCAL_GPIO_init':
../STM32F103C6_gpio_driver/STM32F103C6_gpio_driver.c:90:39: warning: suggest parentheses around '-' inside '<<' [-Wparentheses]
   Pin_Conf = ((pinConfig->GPIO_PinMode-4 << 2) | ((pinConfig->GPIO_Output_Speed )& 0x0f));
                ~~~~~~~~~~~~~~~~~~~~~~~^~
arm-none-eabi-gcc -gdwarf-2 -o "STM32F103C6_Drivers.elf" @"objects.list"   -mcpu=cortex-m3 -T"D:\Embedded\KEROLES\Mastering Embedded System\github\Mastering-Embedded-Diploma\DRIVERS\STM32F103C6_Drivers\STM32F103C6TX_FLASH.ld" --specs=nosys.specs -Wl,-Map="STM32F103C6_Drivers.map" -Wl,--gc-sections -static --specs=nano.specs -mfloat-abi=soft -mthumb -Wl,--start-group -lc -lm -Wl,--end-group
Finished building target: STM32F103C6_Drivers.elf
 
arm-none-eabi-objdump -h -S  STM32F103C6_Drivers.elf  > "STM32F103C6_Drivers.list"
arm-none-eabi-objcopy  -O binary  STM32F103C6_Drivers.elf  "STM32F103C6_Drivers.bin"
arm-none-eabi-size   STM32F103C6_Drivers.elf 
   text	   data	    bss	    dec	    hex	filename
    556	      8	   1568	   2132	    854	STM32F103C6_Drivers.elf
Finished building: default.size.stdout
 
Finished building: STM32F103C6_Drivers.bin
Finished building: STM32F103C6_Drivers.list
 
 
21:59:05 **** Incremental Build of configuration Debug for project STM32F103C6_Drivers ****
make -j8 all 
arm-none-eabi-gcc -gdwarf-2 "../STM32F103C6_gpio_driver/STM32F103C6_gpio_driver.c" -mcpu=cortex-m3 -std=gnu11 -g3 -DSTM32 -DSTM32F1 -DSTM32F103C6Tx -DDEBUG -c -I../Inc -I"D:/Embedded/KEROLES/Mastering Embedded System/github/Mastering-Embedded-Diploma/DRIVERS/STM32F103C6_Drivers/STM32F103C6_gpio_driver/inc" -O0 -ffunction-sections -fdata-sections -Wall -fstack-usage -MMD -MP -MF"STM32F103C6_gpio_driver/STM32F103C6_gpio_driver.d" -MT"STM32F103C6_gpio_driver/STM32F103C6_gpio_driver.o" --specs=nano.specs -mfloat-abi=soft -mthumb -o "STM32F103C6_gpio_driver/STM32F103C6_gpio_driver.o"
../STM32F103C6_gpio_driver/STM32F103C6_gpio_driver.c: In function 'MCAL_GPIO_init':
../STM32F103C6_gpio_driver/STM32F103C6_gpio_driver.c:90:39: warning: suggest parentheses around '-' inside '<<' [-Wparentheses]
   Pin_Conf = ((pinConfig->GPIO_PinMode-4 << 2) | ((pinConfig->GPIO_Output_Speed )& 0x0f));
                ~~~~~~~~~~~~~~~~~~~~~~~^~
arm-none-eabi-gcc -gdwarf-2 -o "STM32F103C6_Drivers.elf" @"objects.list"   -mcpu=cortex-m3 -T"D:\Embedded\KEROLES\Mastering Embedded System\github\Mastering-Embedded-Diploma\DRIVERS\STM32F103C6_Drivers\STM32F103C6TX_FLASH.ld" --specs=nosys.specs -Wl,-Map="STM32F103C6_Drivers.map" -Wl,--gc-sections -static --specs=nano.specs -mfloat-abi=soft -mthumb -Wl,--start-group -lc -lm -Wl,--end-group
Finished building target: STM32F103C6_Drivers.elf
 
arm-none-eabi-objdump -h -S  STM32F103C6_Drivers.elf  > "STM32F103C6_Drivers.list"
arm-none-eabi-objcopy  -O binary  STM32F103C6_Drivers.elf  "STM32F103C6_Drivers.bin"
arm-none-eabi-size   STM32F103C6_Drivers.elf 
   text	   data	    bss	    dec	    hex	filename
    556	      8	   1568	   2132	    854	STM32F103C6_Drivers.elf
Finished building: default.size.stdout
 
Finished building: STM32F103C6_Drivers.bin
Finished building: STM32F103C6_Drivers.list
 
 
22:04:31 **** Incremental Build of configuration Debug for project STM32F103C6_Drivers ****
make -j8 all 
arm-none-eabi-gcc -gdwarf-2 "../STM32F103C6_gpio_driver/STM32F103C6_gpio_driver.c" -mcpu=cortex-m3 -std=gnu11 -g3 -DSTM32 -DSTM32F1 -DSTM32F103C6Tx -DDEBUG -c -I../Inc -I"D:/Embedded/KEROLES/Mastering Embedded System/github/Mastering-Embedded-Diploma/DRIVERS/STM32F103C6_Drivers/STM32F103C6_gpio_driver/inc" -O0 -ffunction-sections -fdata-sections -Wall -fstack-usage -MMD -MP -MF"STM32F103C6_gpio_driver/STM32F103C6_gpio_driver.d" -MT"STM32F103C6_gpio_driver/STM32F103C6_gpio_driver.o" --specs=nano.specs -mfloat-abi=soft -mthumb -o "STM32F103C6_gpio_driver/STM32F103C6_gpio_driver.o"
../STM32F103C6_gpio_driver/STM32F103C6_gpio_driver.c: In function 'MCAL_GPIO_init':
../STM32F103C6_gpio_driver/STM32F103C6_gpio_driver.c:92:39: warning: suggest parentheses around '-' inside '<<' [-Wparentheses]
   Pin_Conf = ((pinConfig->GPIO_PinMode-4 << 2) | ((pinConfig->GPIO_Output_Speed )& 0x0f));
                ~~~~~~~~~~~~~~~~~~~~~~~^~
../STM32F103C6_gpio_driver/STM32F103C6_gpio_driver.c: In function 'MCAL_GPIO_Deinit':
../STM32F103C6_gpio_driver/STM32F103C6_gpio_driver.c:130:22: error: expected ';' before numeric constant
  GPIOx->BRR = 0x0000 0000;
                      ^~~~
../STM32F103C6_gpio_driver/STM32F103C6_gpio_driver.c:131:22: error: expected ';' before numeric constant
  GPIOx->BSRR =0x0000 0000 ;
                      ^~~~
../STM32F103C6_gpio_driver/STM32F103C6_gpio_driver.c:132:21: error: expected ';' before numeric constant
  GPIOx->CRH =0x4444 4444;
                     ^~~~
../STM32F103C6_gpio_driver/STM32F103C6_gpio_driver.c:133:22: error: expected ';' before numeric constant
  GPIOx->CRL = 0x4444 4444;
                      ^~~~
../STM32F103C6_gpio_driver/STM32F103C6_gpio_driver.c:135:22: error: expected ';' before numeric constant
  GPIOx->LCKR =0x0000 0000;
                      ^~~~
../STM32F103C6_gpio_driver/STM32F103C6_gpio_driver.c:136:21: error: expected ';' before numeric constant
  GPIOx->ODR =0x0000 0000;
                     ^~~~
make: *** [STM32F103C6_gpio_driver/subdir.mk:18: STM32F103C6_gpio_driver/STM32F103C6_gpio_driver.o] Error 1
"make -j8 all" terminated with exit code 2. Build might be incomplete.
22:04:54 **** Incremental Build of configuration Debug for project STM32F103C6_Drivers ****
make -j8 all 
arm-none-eabi-gcc -gdwarf-2 "../STM32F103C6_gpio_driver/STM32F103C6_gpio_driver.c" -mcpu=cortex-m3 -std=gnu11 -g3 -DSTM32 -DSTM32F1 -DSTM32F103C6Tx -DDEBUG -c -I../Inc -I"D:/Embedded/KEROLES/Mastering Embedded System/github/Mastering-Embedded-Diploma/DRIVERS/STM32F103C6_Drivers/STM32F103C6_gpio_driver/inc" -O0 -ffunction-sections -fdata-sections -Wall -fstack-usage -MMD -MP -MF"STM32F103C6_gpio_driver/STM32F103C6_gpio_driver.d" -MT"STM32F103C6_gpio_driver/STM32F103C6_gpio_driver.o" --specs=nano.specs -mfloat-abi=soft -mthumb -o "STM32F103C6_gpio_driver/STM32F103C6_gpio_driver.o"
../STM32F103C6_gpio_driver/STM32F103C6_gpio_driver.c: In function 'MCAL_GPIO_init':
../STM32F103C6_gpio_driver/STM32F103C6_gpio_driver.c:92:39: warning: suggest parentheses around '-' inside '<<' [-Wparentheses]
   Pin_Conf = ((pinConfig->GPIO_PinMode-4 << 2) | ((pinConfig->GPIO_Output_Speed )& 0x0f));
                ~~~~~~~~~~~~~~~~~~~~~~~^~
../STM32F103C6_gpio_driver/STM32F103C6_gpio_driver.c: In function 'MCAL_GPIO_Deinit':
../STM32F103C6_gpio_driver/STM32F103C6_gpio_driver.c:132:21: error: expected ';' before numeric constant
  GPIOx->CRH =0x4444 4444;
                     ^~~~
../STM32F103C6_gpio_driver/STM32F103C6_gpio_driver.c:133:22: error: expected ';' before numeric constant
  GPIOx->CRL = 0x4444 4444;
                      ^~~~
../STM32F103C6_gpio_driver/STM32F103C6_gpio_driver.c:135:22: error: expected ';' before numeric constant
  GPIOx->LCKR =0x0000 0000;
                      ^~~~
../STM32F103C6_gpio_driver/STM32F103C6_gpio_driver.c:136:21: error: expected ';' before numeric constant
  GPIOx->ODR =0x0000 0000;
                     ^~~~
make: *** [STM32F103C6_gpio_driver/subdir.mk:18: STM32F103C6_gpio_driver/STM32F103C6_gpio_driver.o] Error 1
"make -j8 all" terminated with exit code 2. Build might be incomplete.
22:05:01 **** Incremental Build of configuration Debug for project STM32F103C6_Drivers ****
make -j8 all 
arm-none-eabi-gcc -gdwarf-2 "../STM32F103C6_gpio_driver/STM32F103C6_gpio_driver.c" -mcpu=cortex-m3 -std=gnu11 -g3 -DSTM32 -DSTM32F1 -DSTM32F103C6Tx -DDEBUG -c -I../Inc -I"D:/Embedded/KEROLES/Mastering Embedded System/github/Mastering-Embedded-Diploma/DRIVERS/STM32F103C6_Drivers/STM32F103C6_gpio_driver/inc" -O0 -ffunction-sections -fdata-sections -Wall -fstack-usage -MMD -MP -MF"STM32F103C6_gpio_driver/STM32F103C6_gpio_driver.d" -MT"STM32F103C6_gpio_driver/STM32F103C6_gpio_driver.o" --specs=nano.specs -mfloat-abi=soft -mthumb -o "STM32F103C6_gpio_driver/STM32F103C6_gpio_driver.o"
../STM32F103C6_gpio_driver/STM32F103C6_gpio_driver.c: In function 'MCAL_GPIO_init':
../STM32F103C6_gpio_driver/STM32F103C6_gpio_driver.c:92:39: warning: suggest parentheses around '-' inside '<<' [-Wparentheses]
   Pin_Conf = ((pinConfig->GPIO_PinMode-4 << 2) | ((pinConfig->GPIO_Output_Speed )& 0x0f));
                ~~~~~~~~~~~~~~~~~~~~~~~^~
../STM32F103C6_gpio_driver/STM32F103C6_gpio_driver.c: In function 'MCAL_GPIO_Deinit':
../STM32F103C6_gpio_driver/STM32F103C6_gpio_driver.c:135:22: error: expected ';' before numeric constant
  GPIOx->LCKR =0x0000 0000;
                      ^~~~
../STM32F103C6_gpio_driver/STM32F103C6_gpio_driver.c:136:21: error: expected ';' before numeric constant
  GPIOx->ODR =0x0000 0000;
                     ^~~~
make: *** [STM32F103C6_gpio_driver/subdir.mk:18: STM32F103C6_gpio_driver/STM32F103C6_gpio_driver.o] Error 1
"make -j8 all" terminated with exit code 2. Build might be incomplete.
22:05:05 **** Incremental Build of configuration Debug for project STM32F103C6_Drivers ****
make -j8 all 
arm-none-eabi-gcc -gdwarf-2 "../STM32F103C6_gpio_driver/STM32F103C6_gpio_driver.c" -mcpu=cortex-m3 -std=gnu11 -g3 -DSTM32 -DSTM32F1 -DSTM32F103C6Tx -DDEBUG -c -I../Inc -I"D:/Embedded/KEROLES/Mastering Embedded System/github/Mastering-Embedded-Diploma/DRIVERS/STM32F103C6_Drivers/STM32F103C6_gpio_driver/inc" -O0 -ffunction-sections -fdata-sections -Wall -fstack-usage -MMD -MP -MF"STM32F103C6_gpio_driver/STM32F103C6_gpio_driver.d" -MT"STM32F103C6_gpio_driver/STM32F103C6_gpio_driver.o" --specs=nano.specs -mfloat-abi=soft -mthumb -o "STM32F103C6_gpio_driver/STM32F103C6_gpio_driver.o"
../STM32F103C6_gpio_driver/STM32F103C6_gpio_driver.c: In function 'MCAL_GPIO_init':
../STM32F103C6_gpio_driver/STM32F103C6_gpio_driver.c:92:39: warning: suggest parentheses around '-' inside '<<' [-Wparentheses]
   Pin_Conf = ((pinConfig->GPIO_PinMode-4 << 2) | ((pinConfig->GPIO_Output_Speed )& 0x0f));
                ~~~~~~~~~~~~~~~~~~~~~~~^~
../STM32F103C6_gpio_driver/STM32F103C6_gpio_driver.c: In function 'MCAL_GPIO_Deinit':
../STM32F103C6_gpio_driver/STM32F103C6_gpio_driver.c:136:21: error: expected ';' before numeric constant
  GPIOx->ODR =0x0000 0000;
                     ^~~~
make: *** [STM32F103C6_gpio_driver/subdir.mk:18: STM32F103C6_gpio_driver/STM32F103C6_gpio_driver.o] Error 1
"make -j8 all" terminated with exit code 2. Build might be incomplete.
22:05:07 **** Incremental Build of configuration Debug for project STM32F103C6_Drivers ****
make -j8 all 
arm-none-eabi-gcc -gdwarf-2 "../STM32F103C6_gpio_driver/STM32F103C6_gpio_driver.c" -mcpu=cortex-m3 -std=gnu11 -g3 -DSTM32 -DSTM32F1 -DSTM32F103C6Tx -DDEBUG -c -I../Inc -I"D:/Embedded/KEROLES/Mastering Embedded System/github/Mastering-Embedded-Diploma/DRIVERS/STM32F103C6_Drivers/STM32F103C6_gpio_driver/inc" -O0 -ffunction-sections -fdata-sections -Wall -fstack-usage -MMD -MP -MF"STM32F103C6_gpio_driver/STM32F103C6_gpio_driver.d" -MT"STM32F103C6_gpio_driver/STM32F103C6_gpio_driver.o" --specs=nano.specs -mfloat-abi=soft -mthumb -o "STM32F103C6_gpio_driver/STM32F103C6_gpio_driver.o"
../STM32F103C6_gpio_driver/STM32F103C6_gpio_driver.c: In function 'MCAL_GPIO_init':
../STM32F103C6_gpio_driver/STM32F103C6_gpio_driver.c:92:39: warning: suggest parentheses around '-' inside '<<' [-Wparentheses]
   Pin_Conf = ((pinConfig->GPIO_PinMode-4 << 2) | ((pinConfig->GPIO_Output_Speed )& 0x0f));
                ~~~~~~~~~~~~~~~~~~~~~~~^~
arm-none-eabi-gcc -gdwarf-2 -o "STM32F103C6_Drivers.elf" @"objects.list"   -mcpu=cortex-m3 -T"D:\Embedded\KEROLES\Mastering Embedded System\github\Mastering-Embedded-Diploma\DRIVERS\STM32F103C6_Drivers\STM32F103C6TX_FLASH.ld" --specs=nosys.specs -Wl,-Map="STM32F103C6_Drivers.map" -Wl,--gc-sections -static --specs=nano.specs -mfloat-abi=soft -mthumb -Wl,--start-group -lc -lm -Wl,--end-group
Finished building target: STM32F103C6_Drivers.elf
 
arm-none-eabi-objdump -h -S  STM32F103C6_Drivers.elf  > "STM32F103C6_Drivers.list"
arm-none-eabi-objcopy  -O binary  STM32F103C6_Drivers.elf  "STM32F103C6_Drivers.bin"
arm-none-eabi-size   STM32F103C6_Drivers.elf 
   text	   data	    bss	    dec	    hex	filename
    556	      8	   1568	   2132	    854	STM32F103C6_Drivers.elf
Finished building: default.size.stdout
 
Finished building: STM32F103C6_Drivers.bin
Finished building: STM32F103C6_Drivers.list
 
 
22:10:51 **** Incremental Build of configuration Debug for project STM32F103C6_Drivers ****
make -j8 all 
arm-none-eabi-gcc -gdwarf-2 "../STM32F103C6_gpio_driver/STM32F103C6_gpio_driver.c" -mcpu=cortex-m3 -std=gnu11 -g3 -DSTM32 -DSTM32F1 -DSTM32F103C6Tx -DDEBUG -c -I../Inc -I"D:/Embedded/KEROLES/Mastering Embedded System/github/Mastering-Embedded-Diploma/DRIVERS/STM32F103C6_Drivers/STM32F103C6_gpio_driver/inc" -O0 -ffunction-sections -fdata-sections -Wall -fstack-usage -MMD -MP -MF"STM32F103C6_gpio_driver/STM32F103C6_gpio_driver.d" -MT"STM32F103C6_gpio_driver/STM32F103C6_gpio_driver.o" --specs=nano.specs -mfloat-abi=soft -mthumb -o "STM32F103C6_gpio_driver/STM32F103C6_gpio_driver.o"
../STM32F103C6_gpio_driver/STM32F103C6_gpio_driver.c: In function 'MCAL_GPIO_init':
../STM32F103C6_gpio_driver/STM32F103C6_gpio_driver.c:92:39: warning: suggest parentheses around '-' inside '<<' [-Wparentheses]
   Pin_Conf = ((pinConfig->GPIO_PinMode-4 << 2) | ((pinConfig->GPIO_Output_Speed )& 0x0f));
                ~~~~~~~~~~~~~~~~~~~~~~~^~
../STM32F103C6_gpio_driver/STM32F103C6_gpio_driver.c: In function 'MCAL_GPIO_Deinit':
../STM32F103C6_gpio_driver/STM32F103C6_gpio_driver.c:141:9: error: switch quantity not an integer
  switch(GPIOx){
         ^~~~~
In file included from D:/Embedded/KEROLES/Mastering Embedded System/github/Mastering-Embedded-Diploma/DRIVERS/STM32F103C6_Drivers/STM32F103C6_gpio_driver/inc/STM32F103C6_gpio_driver.h:10:0,
                 from ../STM32F103C6_gpio_driver/STM32F103C6_gpio_driver.c:7:
D:/Embedded/KEROLES/Mastering Embedded System/github/Mastering-Embedded-Diploma/DRIVERS/STM32F103C6_Drivers/STM32F103C6_gpio_driver/inc/STM32F103x6.h:47:37: error: invalid digit "8" in octal constant
 #define GPIOA_BASE          (0x4001 0800)
                                     ^
D:/Embedded/KEROLES/Mastering Embedded System/github/Mastering-Embedded-Diploma/DRIVERS/STM32F103C6_Drivers/STM32F103C6_gpio_driver/inc/STM32F103x6.h:140:47: note: in expansion of macro 'GPIOA_BASE'
 #define GPIOA           ((GPIO_typedefConfig*)GPIOA_BASE)
                                               ^~~~~~~~~~
../STM32F103C6_gpio_driver/STM32F103C6_gpio_driver.c:142:7: note: in expansion of macro 'GPIOA'
  case GPIOA:
       ^~~~~
D:/Embedded/KEROLES/Mastering Embedded System/github/Mastering-Embedded-Diploma/DRIVERS/STM32F103C6_Drivers/STM32F103C6_gpio_driver/inc/STM32F103x6.h:47:37: error: expected ')' before numeric constant
 #define GPIOA_BASE          (0x4001 0800)
                                     ^
D:/Embedded/KEROLES/Mastering Embedded System/github/Mastering-Embedded-Diploma/DRIVERS/STM32F103C6_Drivers/STM32F103C6_gpio_driver/inc/STM32F103x6.h:140:47: note: in expansion of macro 'GPIOA_BASE'
 #define GPIOA           ((GPIO_typedefConfig*)GPIOA_BASE)
                                               ^~~~~~~~~~
../STM32F103C6_gpio_driver/STM32F103C6_gpio_driver.c:142:7: note: in expansion of macro 'GPIOA'
  case GPIOA:
       ^~~~~
../STM32F103C6_gpio_driver/STM32F103C6_gpio_driver.c:142:2: error: pointers are not permitted as case values
  case GPIOA:
  ^~~~
In file included from D:/Embedded/KEROLES/Mastering Embedded System/github/Mastering-Embedded-Diploma/DRIVERS/STM32F103C6_Drivers/STM32F103C6_gpio_driver/inc/STM32F103C6_gpio_driver.h:10:0,
                 from ../STM32F103C6_gpio_driver/STM32F103C6_gpio_driver.c:7:
D:/Embedded/KEROLES/Mastering Embedded System/github/Mastering-Embedded-Diploma/DRIVERS/STM32F103C6_Drivers/STM32F103C6_gpio_driver/inc/STM32F103x6.h:60:35: error: expected ')' before numeric constant
 #define RCC_BASE          (0x4002 1000)
                                   ^
D:/Embedded/KEROLES/Mastering Embedded System/github/Mastering-Embedded-Diploma/DRIVERS/STM32F103C6_Drivers/STM32F103C6_gpio_driver/inc/STM32F103x6.h:150:38: note: in expansion of macro 'RCC_BASE'
 #define RCC           ((RCC_typedef*)RCC_BASE)
                                      ^~~~~~~~
../STM32F103C6_gpio_driver/STM32F103C6_gpio_driver.c:143:3: note: in expansion of macro 'RCC'
   RCC->
   ^~~
../STM32F103C6_gpio_driver/STM32F103C6_gpio_driver.c:144:2: error: expected identifier before '}' token
  }
  ^
make: *** [STM32F103C6_gpio_driver/subdir.mk:18: STM32F103C6_gpio_driver/STM32F103C6_gpio_driver.o] Error 1
"make -j8 all" terminated with exit code 2. Build might be incomplete.
22:11:06 **** Incremental Build of configuration Debug for project STM32F103C6_Drivers ****
make -j8 all 
arm-none-eabi-gcc -gdwarf-2 "../STM32F103C6_gpio_driver/STM32F103C6_gpio_driver.c" -mcpu=cortex-m3 -std=gnu11 -g3 -DSTM32 -DSTM32F1 -DSTM32F103C6Tx -DDEBUG -c -I../Inc -I"D:/Embedded/KEROLES/Mastering Embedded System/github/Mastering-Embedded-Diploma/DRIVERS/STM32F103C6_Drivers/STM32F103C6_gpio_driver/inc" -O0 -ffunction-sections -fdata-sections -Wall -fstack-usage -MMD -MP -MF"STM32F103C6_gpio_driver/STM32F103C6_gpio_driver.d" -MT"STM32F103C6_gpio_driver/STM32F103C6_gpio_driver.o" --specs=nano.specs -mfloat-abi=soft -mthumb -o "STM32F103C6_gpio_driver/STM32F103C6_gpio_driver.o"
../STM32F103C6_gpio_driver/STM32F103C6_gpio_driver.c: In function 'MCAL_GPIO_init':
../STM32F103C6_gpio_driver/STM32F103C6_gpio_driver.c:92:39: warning: suggest parentheses around '-' inside '<<' [-Wparentheses]
   Pin_Conf = ((pinConfig->GPIO_PinMode-4 << 2) | ((pinConfig->GPIO_Output_Speed )& 0x0f));
                ~~~~~~~~~~~~~~~~~~~~~~~^~
../STM32F103C6_gpio_driver/STM32F103C6_gpio_driver.c: In function 'MCAL_GPIO_Deinit':
../STM32F103C6_gpio_driver/STM32F103C6_gpio_driver.c:141:9: error: switch quantity not an integer
  switch(GPIOx){
         ^~~~~
In file included from D:/Embedded/KEROLES/Mastering Embedded System/github/Mastering-Embedded-Diploma/DRIVERS/STM32F103C6_Drivers/STM32F103C6_gpio_driver/inc/STM32F103C6_gpio_driver.h:10:0,
                 from ../STM32F103C6_gpio_driver/STM32F103C6_gpio_driver.c:7:
D:/Embedded/KEROLES/Mastering Embedded System/github/Mastering-Embedded-Diploma/DRIVERS/STM32F103C6_Drivers/STM32F103C6_gpio_driver/inc/STM32F103x6.h:47:37: error: invalid digit "8" in octal constant
 #define GPIOA_BASE          (0x4001 0800)
                                     ^
D:/Embedded/KEROLES/Mastering Embedded System/github/Mastering-Embedded-Diploma/DRIVERS/STM32F103C6_Drivers/STM32F103C6_gpio_driver/inc/STM32F103x6.h:140:47: note: in expansion of macro 'GPIOA_BASE'
 #define GPIOA           ((GPIO_typedefConfig*)GPIOA_BASE)
                                               ^~~~~~~~~~
../STM32F103C6_gpio_driver/STM32F103C6_gpio_driver.c:142:7: note: in expansion of macro 'GPIOA'
  case GPIOA:
       ^~~~~
D:/Embedded/KEROLES/Mastering Embedded System/github/Mastering-Embedded-Diploma/DRIVERS/STM32F103C6_Drivers/STM32F103C6_gpio_driver/inc/STM32F103x6.h:47:37: error: expected ')' before numeric constant
 #define GPIOA_BASE          (0x4001 0800)
                                     ^
D:/Embedded/KEROLES/Mastering Embedded System/github/Mastering-Embedded-Diploma/DRIVERS/STM32F103C6_Drivers/STM32F103C6_gpio_driver/inc/STM32F103x6.h:140:47: note: in expansion of macro 'GPIOA_BASE'
 #define GPIOA           ((GPIO_typedefConfig*)GPIOA_BASE)
                                               ^~~~~~~~~~
../STM32F103C6_gpio_driver/STM32F103C6_gpio_driver.c:142:7: note: in expansion of macro 'GPIOA'
  case GPIOA:
       ^~~~~
../STM32F103C6_gpio_driver/STM32F103C6_gpio_driver.c:142:2: error: pointers are not permitted as case values
  case GPIOA:
  ^~~~
make: *** [STM32F103C6_gpio_driver/subdir.mk:18: STM32F103C6_gpio_driver/STM32F103C6_gpio_driver.o] Error 1
"make -j8 all" terminated with exit code 2. Build might be incomplete.
22:11:48 **** Incremental Build of configuration Debug for project STM32F103C6_Drivers ****
make -j8 all 
arm-none-eabi-gcc -gdwarf-2 "../STM32F103C6_gpio_driver/STM32F103C6_gpio_driver.c" -mcpu=cortex-m3 -std=gnu11 -g3 -DSTM32 -DSTM32F1 -DSTM32F103C6Tx -DDEBUG -c -I../Inc -I"D:/Embedded/KEROLES/Mastering Embedded System/github/Mastering-Embedded-Diploma/DRIVERS/STM32F103C6_Drivers/STM32F103C6_gpio_driver/inc" -O0 -ffunction-sections -fdata-sections -Wall -fstack-usage -MMD -MP -MF"STM32F103C6_gpio_driver/STM32F103C6_gpio_driver.d" -MT"STM32F103C6_gpio_driver/STM32F103C6_gpio_driver.o" --specs=nano.specs -mfloat-abi=soft -mthumb -o "STM32F103C6_gpio_driver/STM32F103C6_gpio_driver.o"
../STM32F103C6_gpio_driver/STM32F103C6_gpio_driver.c: In function 'MCAL_GPIO_init':
../STM32F103C6_gpio_driver/STM32F103C6_gpio_driver.c:92:39: warning: suggest parentheses around '-' inside '<<' [-Wparentheses]
   Pin_Conf = ((pinConfig->GPIO_PinMode-4 << 2) | ((pinConfig->GPIO_Output_Speed )& 0x0f));
                ~~~~~~~~~~~~~~~~~~~~~~~^~
../STM32F103C6_gpio_driver/STM32F103C6_gpio_driver.c: In function 'MCAL_GPIO_Deinit':
../STM32F103C6_gpio_driver/STM32F103C6_gpio_driver.c:141:9: error: switch quantity not an integer
  switch(GPIOx){
         ^~~~~
In file included from D:/Embedded/KEROLES/Mastering Embedded System/github/Mastering-Embedded-Diploma/DRIVERS/STM32F103C6_Drivers/STM32F103C6_gpio_driver/inc/STM32F103C6_gpio_driver.h:10:0,
                 from ../STM32F103C6_gpio_driver/STM32F103C6_gpio_driver.c:7:
D:/Embedded/KEROLES/Mastering Embedded System/github/Mastering-Embedded-Diploma/DRIVERS/STM32F103C6_Drivers/STM32F103C6_gpio_driver/inc/STM32F103x6.h:47:37: error: invalid digit "8" in octal constant
 #define GPIOA_BASE          (0x4001 0800)
                                     ^
D:/Embedded/KEROLES/Mastering Embedded System/github/Mastering-Embedded-Diploma/DRIVERS/STM32F103C6_Drivers/STM32F103C6_gpio_driver/inc/STM32F103x6.h:140:47: note: in expansion of macro 'GPIOA_BASE'
 #define GPIOA           ((GPIO_typedefConfig*)GPIOA_BASE)
                                               ^~~~~~~~~~
../STM32F103C6_gpio_driver/STM32F103C6_gpio_driver.c:142:8: note: in expansion of macro 'GPIOA'
  case *GPIOA:
        ^~~~~
D:/Embedded/KEROLES/Mastering Embedded System/github/Mastering-Embedded-Diploma/DRIVERS/STM32F103C6_Drivers/STM32F103C6_gpio_driver/inc/STM32F103x6.h:47:37: error: expected ')' before numeric constant
 #define GPIOA_BASE          (0x4001 0800)
                                     ^
D:/Embedded/KEROLES/Mastering Embedded System/github/Mastering-Embedded-Diploma/DRIVERS/STM32F103C6_Drivers/STM32F103C6_gpio_driver/inc/STM32F103x6.h:140:47: note: in expansion of macro 'GPIOA_BASE'
 #define GPIOA           ((GPIO_typedefConfig*)GPIOA_BASE)
                                               ^~~~~~~~~~
../STM32F103C6_gpio_driver/STM32F103C6_gpio_driver.c:142:8: note: in expansion of macro 'GPIOA'
  case *GPIOA:
        ^~~~~
../STM32F103C6_gpio_driver/STM32F103C6_gpio_driver.c:142:2: error: case label does not reduce to an integer constant
  case *GPIOA:
  ^~~~
make: *** [STM32F103C6_gpio_driver/subdir.mk:18: STM32F103C6_gpio_driver/STM32F103C6_gpio_driver.o] Error 1
"make -j8 all" terminated with exit code 2. Build might be incomplete.
22:15:03 **** Incremental Build of configuration Debug for project STM32F103C6_Drivers ****
make -j8 all 
arm-none-eabi-gcc -gdwarf-2 "../STM32F103C6_gpio_driver/STM32F103C6_gpio_driver.c" -mcpu=cortex-m3 -std=gnu11 -g3 -DSTM32 -DSTM32F1 -DSTM32F103C6Tx -DDEBUG -c -I../Inc -I"D:/Embedded/KEROLES/Mastering Embedded System/github/Mastering-Embedded-Diploma/DRIVERS/STM32F103C6_Drivers/STM32F103C6_gpio_driver/inc" -O0 -ffunction-sections -fdata-sections -Wall -fstack-usage -MMD -MP -MF"STM32F103C6_gpio_driver/STM32F103C6_gpio_driver.d" -MT"STM32F103C6_gpio_driver/STM32F103C6_gpio_driver.o" --specs=nano.specs -mfloat-abi=soft -mthumb -o "STM32F103C6_gpio_driver/STM32F103C6_gpio_driver.o"
../STM32F103C6_gpio_driver/STM32F103C6_gpio_driver.c: In function 'MCAL_GPIO_init':
../STM32F103C6_gpio_driver/STM32F103C6_gpio_driver.c:92:39: warning: suggest parentheses around '-' inside '<<' [-Wparentheses]
   Pin_Conf = ((pinConfig->GPIO_PinMode-4 << 2) | ((pinConfig->GPIO_Output_Speed )& 0x0f));
                ~~~~~~~~~~~~~~~~~~~~~~~^~
In file included from D:/Embedded/KEROLES/Mastering Embedded System/github/Mastering-Embedded-Diploma/DRIVERS/STM32F103C6_Drivers/STM32F103C6_gpio_driver/inc/STM32F103C6_gpio_driver.h:10:0,
                 from ../STM32F103C6_gpio_driver/STM32F103C6_gpio_driver.c:7:
../STM32F103C6_gpio_driver/STM32F103C6_gpio_driver.c: In function 'MCAL_GPIO_Deinit':
D:/Embedded/KEROLES/Mastering Embedded System/github/Mastering-Embedded-Diploma/DRIVERS/STM32F103C6_Drivers/STM32F103C6_gpio_driver/inc/STM32F103x6.h:47:37: error: invalid digit "8" in octal constant
 #define GPIOA_BASE          (0x4001 0800)
                                     ^
D:/Embedded/KEROLES/Mastering Embedded System/github/Mastering-Embedded-Diploma/DRIVERS/STM32F103C6_Drivers/STM32F103C6_gpio_driver/inc/STM32F103x6.h:140:47: note: in expansion of macro 'GPIOA_BASE'
 #define GPIOA           ((GPIO_typedefConfig*)GPIOA_BASE)
                                               ^~~~~~~~~~
../STM32F103C6_gpio_driver/STM32F103C6_gpio_driver.c:142:14: note: in expansion of macro 'GPIOA'
  if(GPIOx == GPIOA){
              ^~~~~
D:/Embedded/KEROLES/Mastering Embedded System/github/Mastering-Embedded-Diploma/DRIVERS/STM32F103C6_Drivers/STM32F103C6_gpio_driver/inc/STM32F103x6.h:47:37: error: expected ')' before numeric constant
 #define GPIOA_BASE          (0x4001 0800)
                                     ^
D:/Embedded/KEROLES/Mastering Embedded System/github/Mastering-Embedded-Diploma/DRIVERS/STM32F103C6_Drivers/STM32F103C6_gpio_driver/inc/STM32F103x6.h:140:47: note: in expansion of macro 'GPIOA_BASE'
 #define GPIOA           ((GPIO_typedefConfig*)GPIOA_BASE)
                                               ^~~~~~~~~~
../STM32F103C6_gpio_driver/STM32F103C6_gpio_driver.c:142:14: note: in expansion of macro 'GPIOA'
  if(GPIOx == GPIOA){
              ^~~~~
make: *** [STM32F103C6_gpio_driver/subdir.mk:18: STM32F103C6_gpio_driver/STM32F103C6_gpio_driver.o] Error 1
"make -j8 all" terminated with exit code 2. Build might be incomplete.
22:15:37 **** Incremental Build of configuration Debug for project STM32F103C6_Drivers ****
make -j8 all 
arm-none-eabi-gcc -gdwarf-2 "../Src/main.c" -mcpu=cortex-m3 -std=gnu11 -g3 -DSTM32 -DSTM32F1 -DSTM32F103C6Tx -DDEBUG -c -I../Inc -I"D:/Embedded/KEROLES/Mastering Embedded System/github/Mastering-Embedded-Diploma/DRIVERS/STM32F103C6_Drivers/STM32F103C6_gpio_driver/inc" -O0 -ffunction-sections -fdata-sections -Wall -fstack-usage -MMD -MP -MF"Src/main.d" -MT"Src/main.o" --specs=nano.specs -mfloat-abi=soft -mthumb -o "Src/main.o"
arm-none-eabi-gcc -gdwarf-2 "../STM32F103C6_gpio_driver/STM32F103C6_gpio_driver.c" -mcpu=cortex-m3 -std=gnu11 -g3 -DSTM32 -DSTM32F1 -DSTM32F103C6Tx -DDEBUG -c -I../Inc -I"D:/Embedded/KEROLES/Mastering Embedded System/github/Mastering-Embedded-Diploma/DRIVERS/STM32F103C6_Drivers/STM32F103C6_gpio_driver/inc" -O0 -ffunction-sections -fdata-sections -Wall -fstack-usage -MMD -MP -MF"STM32F103C6_gpio_driver/STM32F103C6_gpio_driver.d" -MT"STM32F103C6_gpio_driver/STM32F103C6_gpio_driver.o" --specs=nano.specs -mfloat-abi=soft -mthumb -o "STM32F103C6_gpio_driver/STM32F103C6_gpio_driver.o"
../STM32F103C6_gpio_driver/STM32F103C6_gpio_driver.c: In function 'MCAL_GPIO_init':
../STM32F103C6_gpio_driver/STM32F103C6_gpio_driver.c:92:39: warning: suggest parentheses around '-' inside '<<' [-Wparentheses]
   Pin_Conf = ((pinConfig->GPIO_PinMode-4 << 2) | ((pinConfig->GPIO_Output_Speed )& 0x0f));
                ~~~~~~~~~~~~~~~~~~~~~~~^~
arm-none-eabi-gcc -gdwarf-2 -o "STM32F103C6_Drivers.elf" @"objects.list"   -mcpu=cortex-m3 -T"D:\Embedded\KEROLES\Mastering Embedded System\github\Mastering-Embedded-Diploma\DRIVERS\STM32F103C6_Drivers\STM32F103C6TX_FLASH.ld" --specs=nosys.specs -Wl,-Map="STM32F103C6_Drivers.map" -Wl,--gc-sections -static --specs=nano.specs -mfloat-abi=soft -mthumb -Wl,--start-group -lc -lm -Wl,--end-group
Finished building target: STM32F103C6_Drivers.elf
 
arm-none-eabi-objdump -h -S  STM32F103C6_Drivers.elf  > "STM32F103C6_Drivers.list"
arm-none-eabi-objcopy  -O binary  STM32F103C6_Drivers.elf  "STM32F103C6_Drivers.bin"
arm-none-eabi-size   STM32F103C6_Drivers.elf 
   text	   data	    bss	    dec	    hex	filename
    556	      8	   1568	   2132	    854	STM32F103C6_Drivers.elf
Finished building: default.size.stdout
Finished building: STM32F103C6_Drivers.bin
 
Finished building: STM32F103C6_Drivers.list
 
 
22:19:58 **** Incremental Build of configuration Debug for project STM32F103C6_Drivers ****
make -j8 all 
arm-none-eabi-gcc -gdwarf-2 "../STM32F103C6_gpio_driver/STM32F103C6_gpio_driver.c" -mcpu=cortex-m3 -std=gnu11 -g3 -DSTM32 -DSTM32F1 -DSTM32F103C6Tx -DDEBUG -c -I../Inc -I"D:/Embedded/KEROLES/Mastering Embedded System/github/Mastering-Embedded-Diploma/DRIVERS/STM32F103C6_Drivers/STM32F103C6_gpio_driver/inc" -O0 -ffunction-sections -fdata-sections -Wall -fstack-usage -MMD -MP -MF"STM32F103C6_gpio_driver/STM32F103C6_gpio_driver.d" -MT"STM32F103C6_gpio_driver/STM32F103C6_gpio_driver.o" --specs=nano.specs -mfloat-abi=soft -mthumb -o "STM32F103C6_gpio_driver/STM32F103C6_gpio_driver.o"
../STM32F103C6_gpio_driver/STM32F103C6_gpio_driver.c: In function 'MCAL_GPIO_init':
../STM32F103C6_gpio_driver/STM32F103C6_gpio_driver.c:92:39: warning: suggest parentheses around '-' inside '<<' [-Wparentheses]
   Pin_Conf = ((pinConfig->GPIO_PinMode-4 << 2) | ((pinConfig->GPIO_Output_Speed )& 0x0f));
                ~~~~~~~~~~~~~~~~~~~~~~~^~
arm-none-eabi-gcc -gdwarf-2 -o "STM32F103C6_Drivers.elf" @"objects.list"   -mcpu=cortex-m3 -T"D:\Embedded\KEROLES\Mastering Embedded System\github\Mastering-Embedded-Diploma\DRIVERS\STM32F103C6_Drivers\STM32F103C6TX_FLASH.ld" --specs=nosys.specs -Wl,-Map="STM32F103C6_Drivers.map" -Wl,--gc-sections -static --specs=nano.specs -mfloat-abi=soft -mthumb -Wl,--start-group -lc -lm -Wl,--end-group
Finished building target: STM32F103C6_Drivers.elf
 
arm-none-eabi-objdump -h -S  STM32F103C6_Drivers.elf  > "STM32F103C6_Drivers.list"
arm-none-eabi-objcopy  -O binary  STM32F103C6_Drivers.elf  "STM32F103C6_Drivers.bin"
arm-none-eabi-size   STM32F103C6_Drivers.elf 
   text	   data	    bss	    dec	    hex	filename
    556	      8	   1568	   2132	    854	STM32F103C6_Drivers.elf
Finished building: default.size.stdout
 
Finished building: STM32F103C6_Drivers.bin
Finished building: STM32F103C6_Drivers.list
 
 
10:25:52 **** Incremental Build of configuration Debug for project STM32F103C6_Drivers ****
make -j8 all 
arm-none-eabi-gcc -gdwarf-2 "../Src/main.c" -mcpu=cortex-m3 -std=gnu11 -g3 -DSTM32 -DSTM32F1 -DSTM32F103C6Tx -DDEBUG -c -I../Inc -I"D:/Embedded/KEROLES/Mastering Embedded System/github/Mastering-Embedded-Diploma/DRIVERS/STM32F103C6_Drivers/STM32F103C6_gpio_driver/inc" -O0 -ffunction-sections -fdata-sections -Wall -fstack-usage -MMD -MP -MF"Src/main.d" -MT"Src/main.o" --specs=nano.specs -mfloat-abi=soft -mthumb -o "Src/main.o"
arm-none-eabi-gcc -gdwarf-2 "../STM32F103C6_gpio_driver/STM32F103C6_gpio_driver.c" -mcpu=cortex-m3 -std=gnu11 -g3 -DSTM32 -DSTM32F1 -DSTM32F103C6Tx -DDEBUG -c -I../Inc -I"D:/Embedded/KEROLES/Mastering Embedded System/github/Mastering-Embedded-Diploma/DRIVERS/STM32F103C6_Drivers/STM32F103C6_gpio_driver/inc" -O0 -ffunction-sections -fdata-sections -Wall -fstack-usage -MMD -MP -MF"STM32F103C6_gpio_driver/STM32F103C6_gpio_driver.d" -MT"STM32F103C6_gpio_driver/STM32F103C6_gpio_driver.o" --specs=nano.specs -mfloat-abi=soft -mthumb -o "STM32F103C6_gpio_driver/STM32F103C6_gpio_driver.o"
../STM32F103C6_gpio_driver/STM32F103C6_gpio_driver.c: In function 'MCAL_GPIO_init':
../STM32F103C6_gpio_driver/STM32F103C6_gpio_driver.c:92:39: warning: suggest parentheses around '-' inside '<<' [-Wparentheses]
   Pin_Conf = ((pinConfig->GPIO_PinMode-4 << 2) | ((pinConfig->GPIO_Output_Speed )& 0x0f));
                ~~~~~~~~~~~~~~~~~~~~~~~^~
arm-none-eabi-gcc -gdwarf-2 -o "STM32F103C6_Drivers.elf" @"objects.list"   -mcpu=cortex-m3 -T"D:\Embedded\KEROLES\Mastering Embedded System\github\Mastering-Embedded-Diploma\DRIVERS\STM32F103C6_Drivers\STM32F103C6TX_FLASH.ld" --specs=nosys.specs -Wl,-Map="STM32F103C6_Drivers.map" -Wl,--gc-sections -static --specs=nano.specs -mfloat-abi=soft -mthumb -Wl,--start-group -lc -lm -Wl,--end-group
Finished building target: STM32F103C6_Drivers.elf
 
arm-none-eabi-objdump -h -S  STM32F103C6_Drivers.elf  > "STM32F103C6_Drivers.list"
arm-none-eabi-objcopy  -O binary  STM32F103C6_Drivers.elf  "STM32F103C6_Drivers.bin"
arm-none-eabi-size   STM32F103C6_Drivers.elf 
   text	   data	    bss	    dec	    hex	filename
    556	      8	   1568	   2132	    854	STM32F103C6_Drivers.elf
Finished building: default.size.stdout
 
Finished building: STM32F103C6_Drivers.bin
 
Finished building: STM32F103C6_Drivers.list
 
15:00:16 **** Incremental Build of configuration Debug for project STM32F103C6_Drivers ****
make -j8 all 
arm-none-eabi-gcc -gdwarf-2 "../Src/main.c" -mcpu=cortex-m3 -std=gnu11 -g3 -DSTM32 -DSTM32F1 -DSTM32F103C6Tx -DDEBUG -c -I../Inc -I"D:/Embedded/KEROLES/Mastering Embedded System/github/Mastering-Embedded-Diploma/DRIVERS/STM32F103C6_Drivers/STM32F103C6_gpio_driver/inc" -O0 -ffunction-sections -fdata-sections -Wall -fstack-usage -MMD -MP -MF"Src/main.d" -MT"Src/main.o" --specs=nano.specs -mfloat-abi=soft -mthumb -o "Src/main.o"
[...]
In file included from ../Src/main.c:28:0:
D:/Embedded/KEROLES/Mastering Embedded System/github/Mastering-Embedded-Diploma/DRIVERS/STM32F103C6_Drivers/STM32F103C6_drivers/inc/keypad.h:13:0: warning: "F_CPU" redefined
 #define F_CPU 8000000UL
 
In file included from ../Src/main.c:27:0:
D:/Embedded/KEROLES/Mastering Embedded System/github/Mastering-Embedded-Diploma/DRIVERS/STM32F103C6_Drivers/STM32F103C6_drivers/inc/lcd.h:13:0: note: this is the location of the previous definition
 #define F_CPU 1000000UL
 
arm-none-eabi-gcc -gdwarf-2 -o "STM32F103C6_Drivers.elf" @"objects.list"   -mcpu=cortex-m3 -T"D:\Embedded\KEROLES\Mastering Embedded System\github\Mastering-Embedded-Diploma\DRIVERS\STM32F103C6_Drivers\STM32F103C6TX_FLASH.ld" --specs=nosys.specs -Wl,-Map="STM32F103C6_Drivers.map" -Wl,--gc-sections -static --specs=nano.specs -mfloat-abi=soft -mthumb -Wl,--start-group -lc -lm -Wl,--end-group
Finished building target: STM32F103C6_Drivers.elf
 
arm-none-eabi-objdump -h -S  STM32F103C6_Drivers.elf  > "STM32F103C6_Drivers.list"
arm-none-eabi-objcopy  -O binary  STM32F103C6_Drivers.elf  "STM32F103C6_Drivers.bin"
arm-none-eabi-size   STM32F103C6_Drivers.elf 
   text	   data	    bss	    dec	    hex	filename
   2792	     40	   1568	   4400	   1130	STM32F103C6_Drivers.elf
Finished building: default.size.stdout
 
Finished building: STM32F103C6_Drivers.bin
Finished building: STM32F103C6_Drivers.list
 
 
05:42:37 **** Incremental Build of configuration Debug for project STM32F103C6_Drivers ****
make -j8 all 
arm-none-eabi-gcc -gdwarf-2 "../Src/main.c" -mcpu=cortex-m3 -std=gnu11 -g3 -DSTM32 -DSTM32F1 -DSTM32F103C6Tx -DDEBUG -c -I../Inc -I"D:/Embedded/KEROLES/Mastering Embedded System/github/Mastering-Embedded-Diploma/DRIVERS/STM32F103C6_Drivers/STM32F103C6_drivers/inc" -I"D:/Embedded/KEROLES/Mastering Embedded System/github/Mastering-Embedded-Diploma/DRIVERS/STM32F103C6_Drivers/Inc" -O0 -ffunction-sections -fdata-sections -Wall -fstack-usage -MMD -MP -MF"Src/main.d" -MT"Src/main.o" --specs=nano.specs -mfloat-abi=soft -mthumb -o "Src/main.o"
In file included from ../Src/main.c:28:0:
D:/Embedded/KEROLES/Mastering Embedded System/github/Mastering-Embedded-Diploma/DRIVERS/STM32F103C6_Drivers/STM32F103C6_drivers/inc/keypad.h:13:0: warning: "F_CPU" redefined
 #define F_CPU 8000000UL
 
In file included from ../Src/main.c:27:0:
D:/Embedded/KEROLES/Mastering Embedded System/github/Mastering-Embedded-Diploma/DRIVERS/STM32F103C6_Drivers/STM32F103C6_drivers/inc/lcd.h:13:0: note: this is the location of the previous definition
 #define F_CPU 1000000UL
 
arm-none-eabi-gcc -gdwarf-2 -o "STM32F103C6_Drivers.elf" @"objects.list"   -mcpu=cortex-m3 -T"D:\Embedded\KEROLES\Mastering Embedded System\github\Mastering-Embedded-Diploma\DRIVERS\STM32F103C6_Drivers\STM32F103C6TX_FLASH.ld" --specs=nosys.specs -Wl,-Map="STM32F103C6_Drivers.map" -Wl,--gc-sections -static --specs=nano.specs -mfloat-abi=soft -mthumb -Wl,--start-group -lc -lm -Wl,--end-group
Finished building target: STM32F103C6_Drivers.elf
 
arm-none-eabi-objdump -h -S  STM32F103C6_Drivers.elf  > "STM32F103C6_Drivers.list"
arm-none-eabi-objcopy  -O binary  STM32F103C6_Drivers.elf  "STM32F103C6_Drivers.bin"
arm-none-eabi-size   STM32F103C6_Drivers.elf 
   text	   data	    bss	    dec	    hex	filename
   2804	     40	   1576	   4420	   1144	STM32F103C6_Drivers.elf
Finished building: default.size.stdout
 
Finished building: STM32F103C6_Drivers.bin
Finished building: STM32F103C6_Drivers.list
 
 
06:11:39 **** Incremental Build of configuration Debug for project STM32F103C6_Drivers ****
make -j8 all 
arm-none-eabi-gcc -gdwarf-2 "../Src/main.c" -mcpu=cortex-m3 -std=gnu11 -g3 -DSTM32 -DSTM32F1 -DSTM32F103C6Tx -DDEBUG -c -I../Inc -I"D:/Embedded/KEROLES/Mastering Embedded System/github/Mastering-Embedded-Diploma/DRIVERS/STM32F103C6_Drivers/STM32F103C6_drivers/inc" -I"D:/Embedded/KEROLES/Mastering Embedded System/github/Mastering-Embedded-Diploma/DRIVERS/STM32F103C6_Drivers/Inc" -O0 -ffunction-sections -fdata-sections -Wall -fstack-usage -MMD -MP -MF"Src/main.d" -MT"Src/main.o" --specs=nano.specs -mfloat-abi=soft -mthumb -o "Src/main.o"
arm-none-eabi-gcc -gdwarf-2 "../STM32F103C6_drivers/lcd_driver/lcd.c" -mcpu=cortex-m3 -std=gnu11 -g3 -DSTM32 -DSTM32F1 -DSTM32F103C6Tx -DDEBUG -c -I../Inc -I"D:/Embedded/KEROLES/Mastering Embedded System/github/Mastering-Embedded-Diploma/DRIVERS/STM32F103C6_Drivers/STM32F103C6_drivers/inc" -I"D:/Embedded/KEROLES/Mastering Embedded System/github/Mastering-Embedded-Diploma/DRIVERS/STM32F103C6_Drivers/Inc" -O0 -ffunction-sections -fdata-sections -Wall -fstack-usage -MMD -MP -MF"STM32F103C6_drivers/lcd_driver/lcd.d" -MT"STM32F103C6_drivers/lcd_driver/lcd.o" --specs=nano.specs -mfloat-abi=soft -mthumb -o "STM32F103C6_drivers/lcd_driver/lcd.o"
arm-none-eabi-gcc -gdwarf-2 "../STM32F103C6_drivers/keypad_driver/keypad.c" -mcpu=cortex-m3 -std=gnu11 -g3 -DSTM32 -DSTM32F1 -DSTM32F103C6Tx -DDEBUG -c -I../Inc -I"D:/Embedded/KEROLES/Mastering Embedded System/github/Mastering-Embedded-Diploma/DRIVERS/STM32F103C6_Drivers/STM32F103C6_drivers/inc" -I"D:/Embedded/KEROLES/Mastering Embedded System/github/Mastering-Embedded-Diploma/DRIVERS/STM32F103C6_Drivers/Inc" -O0 -ffunction-sections -fdata-sections -Wall -fstack-usage -MMD -MP -MF"STM32F103C6_drivers/keypad_driver/keypad.d" -MT"STM32F103C6_drivers/keypad_driver/keypad.o" --specs=nano.specs -mfloat-abi=soft -mthumb -o "STM32F103C6_drivers/keypad_driver/keypad.o"
arm-none-eabi-gcc -gdwarf-2 -o "STM32F103C6_Drivers.elf" @"objects.list"   -mcpu=cortex-m3 -T"D:\Embedded\KEROLES\Mastering Embedded System\github\Mastering-Embedded-Diploma\DRIVERS\STM32F103C6_Drivers\STM32F103C6TX_FLASH.ld" --specs=nosys.specs -Wl,-Map="STM32F103C6_Drivers.map" -Wl,--gc-sections -static --specs=nano.specs -mfloat-abi=soft -mthumb -Wl,--start-group -lc -lm -Wl,--end-group
Finished building target: STM32F103C6_Drivers.elf
 
arm-none-eabi-objdump -h -S  STM32F103C6_Drivers.elf  > "STM32F103C6_Drivers.list"
arm-none-eabi-objcopy  -O binary  STM32F103C6_Drivers.elf  "STM32F103C6_Drivers.bin"
arm-none-eabi-size   STM32F103C6_Drivers.elf 
   text	   data	    bss	    dec	    hex	filename
   2796	     40	   1576	   4412	   113c	STM32F103C6_Drivers.elf
Finished building: default.size.stdout
 
Finished building: STM32F103C6_Drivers.bin
Finished building: STM32F103C6_Drivers.list
 
 
06:12:18 **** Incremental Build of configuration Debug for project STM32F103C6_Drivers ****
make -j8 all 
arm-none-eabi-gcc -gdwarf-2 "../STM32F103C6_drivers/keypad_driver/keypad.c" -mcpu=cortex-m3 -std=gnu11 -g3 -DSTM32 -DSTM32F1 -DSTM32F103C6Tx -DDEBUG -c -I../Inc -I"D:/Embedded/KEROLES/Mastering Embedded System/github/Mastering-Embedded-Diploma/DRIVERS/STM32F103C6_Drivers/STM32F103C6_drivers/inc" -I"D:/Embedded/KEROLES/Mastering Embedded System/github/Mastering-Embedded-Diploma/DRIVERS/STM32F103C6_Drivers/Inc" -O0 -ffunction-sections -fdata-sections -Wall -fstack-usage -MMD -MP -MF"STM32F103C6_drivers/keypad_driver/keypad.d" -MT"STM32F103C6_drivers/keypad_driver/keypad.o" --specs=nano.specs -mfloat-abi=soft -mthumb -o "STM32F103C6_drivers/keypad_driver/keypad.o"
arm-none-eabi-gcc -gdwarf-2 -o "STM32F103C6_Drivers.elf" @"objects.list"   -mcpu=cortex-m3 -T"D:\Embedded\KEROLES\Mastering Embedded System\github\Mastering-Embedded-Diploma\DRIVERS\STM32F103C6_Drivers\STM32F103C6TX_FLASH.ld" --specs=nosys.specs -Wl,-Map="STM32F103C6_Drivers.map" -Wl,--gc-sections -static --specs=nano.specs -mfloat-abi=soft -mthumb -Wl,--start-group -lc -lm -Wl,--end-group
Finished building target: STM32F103C6_Drivers.elf
 
arm-none-eabi-objdump -h -S  STM32F103C6_Drivers.elf  > "STM32F103C6_Drivers.list"
arm-none-eabi-objcopy  -O binary  STM32F103C6_Drivers.elf  "STM32F103C6_Drivers.bin"
arm-none-eabi-size   STM32F103C6_Drivers.elf 
   text	   data	    bss	    dec	    hex	filename
   2800	     40	   1576	   4416	   1140	STM32F103C6_Drivers.elf
Finished building: default.size.stdout
 
Finished building: STM32F103C6_Drivers.bin
Finished building: STM32F103C6_Drivers.list
 
 
06:16:34 **** Incremental Build of configuration Debug for project STM32F103C6_Drivers ****
make -j8 all 
arm-none-eabi-gcc -gdwarf-2 "../Src/main.c" -mcpu=cortex-m3 -std=gnu11 -g3 -DSTM32 -DSTM32F1 -DSTM32F103C6Tx -DDEBUG -c -I../Inc -I"D:/Embedded/KEROLES/Mastering Embedded System/github/Mastering-Embedded-Diploma/DRIVERS/STM32F103C6_Drivers/STM32F103C6_drivers/inc" -I"D:/Embedded/KEROLES/Mastering Embedded System/github/Mastering-Embedded-Diploma/DRIVERS/STM32F103C6_Drivers/Inc" -O0 -ffunction-sections -fdata-sections -Wall -fstack-usage -MMD -MP -MF"Src/main.d" -MT"Src/main.o" --specs=nano.specs -mfloat-abi=soft -mthumb -o "Src/main.o"
arm-none-eabi-gcc -gdwarf-2 -o "STM32F103C6_Drivers.elf" @"objects.list"   -mcpu=cortex-m3 -T"D:\Embedded\KEROLES\Mastering Embedded System\github\Mastering-Embedded-Diploma\DRIVERS\STM32F103C6_Drivers\STM32F103C6TX_FLASH.ld" --specs=nosys.specs -Wl,-Map="STM32F103C6_Drivers.map" -Wl,--gc-sections -static --specs=nano.specs -mfloat-abi=soft -mthumb -Wl,--start-group -lc -lm -Wl,--end-group
Finished building target: STM32F103C6_Drivers.elf
 
arm-none-eabi-objdump -h -S  STM32F103C6_Drivers.elf  > "STM32F103C6_Drivers.list"
arm-none-eabi-objcopy  -O binary  STM32F103C6_Drivers.elf  "STM32F103C6_Drivers.bin"
arm-none-eabi-size   STM32F103C6_Drivers.elf 
   text	   data	    bss	    dec	    hex	filename
   2796	     40	   1568	   4404	   1134	STM32F103C6_Drivers.elf
Finished building: default.size.stdout
 
Finished building: STM32F103C6_Drivers.bin
Finished building: STM32F103C6_Drivers.list
 
 
06:52:38 **** Incremental Build of configuration Debug for project STM32F103C6_Drivers ****
make -j8 all 
arm-none-eabi-gcc -gdwarf-2 "../Src/main.c" -mcpu=cortex-m3 -std=gnu11 -g3 -DSTM32 -DSTM32F1 -DSTM32F103C6Tx -DDEBUG -c -I../Inc -I"D:/Embedded/KEROLES/Mastering Embedded System/github/Mastering-Embedded-Diploma/DRIVERS/STM32F103C6_Drivers/STM32F103C6_drivers/inc" -I"D:/Embedded/KEROLES/Mastering Embedded System/github/Mastering-Embedded-Diploma/DRIVERS/STM32F103C6_Drivers/Inc" -O0 -ffunction-sections -fdata-sections -Wall -fstack-usage -MMD -MP -MF"Src/main.d" -MT"Src/main.o" --specs=nano.specs -mfloat-abi=soft -mthumb -o "Src/main.o"
../Src/main.c: In function 'GPIO_init':
../Src/main.c:63:2: error: 'pinCFG' undeclared (first use in this function)
  pinCFG.GPIO_PinNum = GPIO_PIN_9;
  ^~~~~~
../Src/main.c:63:2: note: each undeclared identifier is reported only once for each function it appears in
make: *** [Src/subdir.mk:24: Src/main.o] Error 1
"make -j8 all" terminated with exit code 2. Build might be incomplete.
06:53:37 **** Incremental Build of configuration Debug for project STM32F103C6_Drivers ****
make -j8 all 
arm-none-eabi-gcc -gdwarf-2 "../Src/main.c" -mcpu=cortex-m3 -std=gnu11 -g3 -DSTM32 -DSTM32F1 -DSTM32F103C6Tx -DDEBUG -c -I../Inc -I"D:/Embedded/KEROLES/Mastering Embedded System/github/Mastering-Embedded-Diploma/DRIVERS/STM32F103C6_Drivers/STM32F103C6_drivers/inc" -I"D:/Embedded/KEROLES/Mastering Embedded System/github/Mastering-Embedded-Diploma/DRIVERS/STM32F103C6_Drivers/Inc" -O0 -ffunction-sections -fdata-sections -Wall -fstack-usage -MMD -MP -MF"Src/main.d" -MT"Src/main.o" --specs=nano.specs -mfloat-abi=soft -mthumb -o "Src/main.o"
arm-none-eabi-gcc -gdwarf-2 -o "STM32F103C6_Drivers.elf" @"objects.list"   -mcpu=cortex-m3 -T"D:\Embedded\KEROLES\Mastering Embedded System\github\Mastering-Embedded-Diploma\DRIVERS\STM32F103C6_Drivers\STM32F103C6TX_FLASH.ld" --specs=nosys.specs -Wl,-Map="STM32F103C6_Drivers.map" -Wl,--gc-sections -static --specs=nano.specs -mfloat-abi=soft -mthumb -Wl,--start-group -lc -lm -Wl,--end-group
Finished building target: STM32F103C6_Drivers.elf
 
arm-none-eabi-objdump -h -S  STM32F103C6_Drivers.elf  > "STM32F103C6_Drivers.list"
arm-none-eabi-objcopy  -O binary  STM32F103C6_Drivers.elf  "STM32F103C6_Drivers.bin"
arm-none-eabi-size   STM32F103C6_Drivers.elf 
   text	   data	    bss	    dec	    hex	filename
   3132	     64	   1568	   4764	   129c	STM32F103C6_Drivers.elf
Finished building: default.size.stdout
Finished building: STM32F103C6_Drivers.bin
 
 
Finished building: STM32F103C6_Drivers.list
 
06:55:51 **** Incremental Build of configuration Debug for project STM32F103C6_Drivers ****
make -j8 all 
arm-none-eabi-gcc -gdwarf-2 "../Src/main.c" -mcpu=cortex-m3 -std=gnu11 -g3 -DSTM32 -DSTM32F1 -DSTM32F103C6Tx -DDEBUG -c -I../Inc -I"D:/Embedded/KEROLES/Mastering Embedded System/github/Mastering-Embedded-Diploma/DRIVERS/STM32F103C6_Drivers/STM32F103C6_drivers/inc" -I"D:/Embedded/KEROLES/Mastering Embedded System/github/Mastering-Embedded-Diploma/DRIVERS/STM32F103C6_Drivers/Inc" -O0 -ffunction-sections -fdata-sections -Wall -fstack-usage -MMD -MP -MF"Src/main.d" -MT"Src/main.o" --specs=nano.specs -mfloat-abi=soft -mthumb -o "Src/main.o"
arm-none-eabi-gcc -gdwarf-2 -o "STM32F103C6_Drivers.elf" @"objects.list"   -mcpu=cortex-m3 -T"D:\Embedded\KEROLES\Mastering Embedded System\github\Mastering-Embedded-Diploma\DRIVERS\STM32F103C6_Drivers\STM32F103C6TX_FLASH.ld" --specs=nosys.specs -Wl,-Map="STM32F103C6_Drivers.map" -Wl,--gc-sections -static --specs=nano.specs -mfloat-abi=soft -mthumb -Wl,--start-group -lc -lm -Wl,--end-group
Finished building target: STM32F103C6_Drivers.elf
 
arm-none-eabi-objdump -h -S  STM32F103C6_Drivers.elf  > "STM32F103C6_Drivers.list"
arm-none-eabi-objcopy  -O binary  STM32F103C6_Drivers.elf  "STM32F103C6_Drivers.bin"
arm-none-eabi-size   STM32F103C6_Drivers.elf 
   text	   data	    bss	    dec	    hex	filename
   3148	     64	   1568	   4780	   12ac	STM32F103C6_Drivers.elf
Finished building: default.size.stdout
 
Finished building: STM32F103C6_Drivers.bin
 
Finished building: STM32F103C6_Drivers.list
 
06:57:55 **** Incremental Build of configuration Debug for project STM32F103C6_Drivers ****
make -j8 all 
arm-none-eabi-gcc -gdwarf-2 "../Src/main.c" -mcpu=cortex-m3 -std=gnu11 -g3 -DSTM32 -DSTM32F1 -DSTM32F103C6Tx -DDEBUG -c -I../Inc -I"D:/Embedded/KEROLES/Mastering Embedded System/github/Mastering-Embedded-Diploma/DRIVERS/STM32F103C6_Drivers/STM32F103C6_drivers/inc" -I"D:/Embedded/KEROLES/Mastering Embedded System/github/Mastering-Embedded-Diploma/DRIVERS/STM32F103C6_Drivers/Inc" -O0 -ffunction-sections -fdata-sections -Wall -fstack-usage -MMD -MP -MF"Src/main.d" -MT"Src/main.o" --specs=nano.specs -mfloat-abi=soft -mthumb -o "Src/main.o"
arm-none-eabi-gcc -gdwarf-2 -o "STM32F103C6_Drivers.elf" @"objects.list"   -mcpu=cortex-m3 -T"D:\Embedded\KEROLES\Mastering Embedded System\github\Mastering-Embedded-Diploma\DRIVERS\STM32F103C6_Drivers\STM32F103C6TX_FLASH.ld" --specs=nosys.specs -Wl,-Map="STM32F103C6_Drivers.map" -Wl,--gc-sections -static --specs=nano.specs -mfloat-abi=soft -mthumb -Wl,--start-group -lc -lm -Wl,--end-group
Finished building target: STM32F103C6_Drivers.elf
 
arm-none-eabi-objdump -h -S  STM32F103C6_Drivers.elf  > "STM32F103C6_Drivers.list"
arm-none-eabi-objcopy  -O binary  STM32F103C6_Drivers.elf  "STM32F103C6_Drivers.bin"
arm-none-eabi-size   STM32F103C6_Drivers.elf 
   text	   data	    bss	    dec	    hex	filename
   3144	     64	   1568	   4776	   12a8	STM32F103C6_Drivers.elf
Finished building: default.size.stdout
 
Finished building: STM32F103C6_Drivers.bin
Finished building: STM32F103C6_Drivers.list
 
 
07:01:05 **** Incremental Build of configuration Debug for project STM32F103C6_Drivers ****
make -j8 all 
arm-none-eabi-gcc -gdwarf-2 "../Src/main.c" -mcpu=cortex-m3 -std=gnu11 -g3 -DSTM32 -DSTM32F1 -DSTM32F103C6Tx -DDEBUG -c -I../Inc -I"D:/Embedded/KEROLES/Mastering Embedded System/github/Mastering-Embedded-Diploma/DRIVERS/STM32F103C6_Drivers/STM32F103C6_drivers/inc" -I"D:/Embedded/KEROLES/Mastering Embedded System/github/Mastering-Embedded-Diploma/DRIVERS/STM32F103C6_Drivers/Inc" -O0 -ffunction-sections -fdata-sections -Wall -fstack-usage -MMD -MP -MF"Src/main.d" -MT"Src/main.o" --specs=nano.specs -mfloat-abi=soft -mthumb -o "Src/main.o"
arm-none-eabi-gcc -gdwarf-2 "../STM32F103C6_drivers/lcd_driver/lcd.c" -mcpu=cortex-m3 -std=gnu11 -g3 -DSTM32 -DSTM32F1 -DSTM32F103C6Tx -DDEBUG -c -I../Inc -I"D:/Embedded/KEROLES/Mastering Embedded System/github/Mastering-Embedded-Diploma/DRIVERS/STM32F103C6_Drivers/STM32F103C6_drivers/inc" -I"D:/Embedded/KEROLES/Mastering Embedded System/github/Mastering-Embedded-Diploma/DRIVERS/STM32F103C6_Drivers/Inc" -O0 -ffunction-sections -fdata-sections -Wall -fstack-usage -MMD -MP -MF"STM32F103C6_drivers/lcd_driver/lcd.d" -MT"STM32F103C6_drivers/lcd_driver/lcd.o" --specs=nano.specs -mfloat-abi=soft -mthumb -o "STM32F103C6_drivers/lcd_driver/lcd.o"
arm-none-eabi-gcc -gdwarf-2 -o "STM32F103C6_Drivers.elf" @"objects.list"   -mcpu=cortex-m3 -T"D:\Embedded\KEROLES\Mastering Embedded System\github\Mastering-Embedded-Diploma\DRIVERS\STM32F103C6_Drivers\STM32F103C6TX_FLASH.ld" --specs=nosys.specs -Wl,-Map="STM32F103C6_Drivers.map" -Wl,--gc-sections -static --specs=nano.specs -mfloat-abi=soft -mthumb -Wl,--start-group -lc -lm -Wl,--end-group
Finished building target: STM32F103C6_Drivers.elf
 
arm-none-eabi-objdump -h -S  STM32F103C6_Drivers.elf  > "STM32F103C6_Drivers.list"
arm-none-eabi-objcopy  -O binary  STM32F103C6_Drivers.elf  "STM32F103C6_Drivers.bin"
arm-none-eabi-size   STM32F103C6_Drivers.elf 
   text	   data	    bss	    dec	    hex	filename
   3144	     64	   1568	   4776	   12a8	STM32F103C6_Drivers.elf
Finished building: default.size.stdout
 
Finished building: STM32F103C6_Drivers.bin
Finished building: STM32F103C6_Drivers.list
 
 
07:04:41 **** Incremental Build of configuration Debug for project STM32F103C6_Drivers ****
make -j8 all 
arm-none-eabi-gcc -gdwarf-2 "../Src/main.c" -mcpu=cortex-m3 -std=gnu11 -g3 -DSTM32 -DSTM32F1 -DSTM32F103C6Tx -DDEBUG -c -I../Inc -I"D:/Embedded/KEROLES/Mastering Embedded System/github/Mastering-Embedded-Diploma/DRIVERS/STM32F103C6_Drivers/STM32F103C6_drivers/inc" -I"D:/Embedded/KEROLES/Mastering Embedded System/github/Mastering-Embedded-Diploma/DRIVERS/STM32F103C6_Drivers/Inc" -O0 -ffunction-sections -fdata-sections -Wall -fstack-usage -MMD -MP -MF"Src/main.d" -MT"Src/main.o" --specs=nano.specs -mfloat-abi=soft -mthumb -o "Src/main.o"
arm-none-eabi-gcc -gdwarf-2 "../STM32F103C6_drivers/lcd_driver/lcd.c" -mcpu=cortex-m3 -std=gnu11 -g3 -DSTM32 -DSTM32F1 -DSTM32F103C6Tx -DDEBUG -c -I../Inc -I"D:/Embedded/KEROLES/Mastering Embedded System/github/Mastering-Embedded-Diploma/DRIVERS/STM32F103C6_Drivers/STM32F103C6_drivers/inc" -I"D:/Embedded/KEROLES/Mastering Embedded System/github/Mastering-Embedded-Diploma/DRIVERS/STM32F103C6_Drivers/Inc" -O0 -ffunction-sections -fdata-sections -Wall -fstack-usage -MMD -MP -MF"STM32F103C6_drivers/lcd_driver/lcd.d" -MT"STM32F103C6_drivers/lcd_driver/lcd.o" --specs=nano.specs -mfloat-abi=soft -mthumb -o "STM32F103C6_drivers/lcd_driver/lcd.o"
arm-none-eabi-gcc -gdwarf-2 -o "STM32F103C6_Drivers.elf" @"objects.list"   -mcpu=cortex-m3 -T"D:\Embedded\KEROLES\Mastering Embedded System\github\Mastering-Embedded-Diploma\DRIVERS\STM32F103C6_Drivers\STM32F103C6TX_FLASH.ld" --specs=nosys.specs -Wl,-Map="STM32F103C6_Drivers.map" -Wl,--gc-sections -static --specs=nano.specs -mfloat-abi=soft -mthumb -Wl,--start-group -lc -lm -Wl,--end-group
Finished building target: STM32F103C6_Drivers.elf
 
arm-none-eabi-objdump -h -S  STM32F103C6_Drivers.elf  > "STM32F103C6_Drivers.list"
arm-none-eabi-objcopy  -O binary  STM32F103C6_Drivers.elf  "STM32F103C6_Drivers.bin"
arm-none-eabi-size   STM32F103C6_Drivers.elf 
   text	   data	    bss	    dec	    hex	filename
   3144	     64	   1568	   4776	   12a8	STM32F103C6_Drivers.elf
Finished building: default.size.stdout
 
Finished building: STM32F103C6_Drivers.bin
 
Finished building: STM32F103C6_Drivers.list
 
