Archive member included to satisfy reference by file (symbol)

c:/st/stm32cubeide_1.4.0/stm32cubeide/plugins/com.st.stm32cube.ide.mcu.externaltools.gnu-tools-for-stm32.7-2018-q2-update.win32_1.4.0.202007081208/tools/bin/../lib/gcc/arm-none-eabi/7.3.1/../../../../arm-none-eabi/lib/thumb/v7-m\libc_nano.a(lib_a-errno.o)
                              Src/syscalls.o (__errno)
c:/st/stm32cubeide_1.4.0/stm32cubeide/plugins/com.st.stm32cube.ide.mcu.externaltools.gnu-tools-for-stm32.7-2018-q2-update.win32_1.4.0.202007081208/tools/bin/../lib/gcc/arm-none-eabi/7.3.1/../../../../arm-none-eabi/lib/thumb/v7-m\libc_nano.a(lib_a-exit.o)
                              c:/st/stm32cubeide_1.4.0/stm32cubeide/plugins/com.st.stm32cube.ide.mcu.externaltools.gnu-tools-for-stm32.7-2018-q2-update.win32_1.4.0.202007081208/tools/bin/../lib/gcc/arm-none-eabi/7.3.1/../../../../arm-none-eabi/lib/thumb/v7-m/crt0.o (exit)
c:/st/stm32cubeide_1.4.0/stm32cubeide/plugins/com.st.stm32cube.ide.mcu.externaltools.gnu-tools-for-stm32.7-2018-q2-update.win32_1.4.0.202007081208/tools/bin/../lib/gcc/arm-none-eabi/7.3.1/../../../../arm-none-eabi/lib/thumb/v7-m\libc_nano.a(lib_a-impure.o)
                              c:/st/stm32cubeide_1.4.0/stm32cubeide/plugins/com.st.stm32cube.ide.mcu.externaltools.gnu-tools-for-stm32.7-2018-q2-update.win32_1.4.0.202007081208/tools/bin/../lib/gcc/arm-none-eabi/7.3.1/../../../../arm-none-eabi/lib/thumb/v7-m\libc_nano.a(lib_a-exit.o) (_global_impure_ptr)
c:/st/stm32cubeide_1.4.0/stm32cubeide/plugins/com.st.stm32cube.ide.mcu.externaltools.gnu-tools-for-stm32.7-2018-q2-update.win32_1.4.0.202007081208/tools/bin/../lib/gcc/arm-none-eabi/7.3.1/../../../../arm-none-eabi/lib/thumb/v7-m\libc_nano.a(lib_a-init.o)
                              c:/st/stm32cubeide_1.4.0/stm32cubeide/plugins/com.st.stm32cube.ide.mcu.externaltools.gnu-tools-for-stm32.7-2018-q2-update.win32_1.4.0.202007081208/tools/bin/../lib/gcc/arm-none-eabi/7.3.1/../../../../arm-none-eabi/lib/thumb/v7-m/crt0.o (__libc_init_array)
c:/st/stm32cubeide_1.4.0/stm32cubeide/plugins/com.st.stm32cube.ide.mcu.externaltools.gnu-tools-for-stm32.7-2018-q2-update.win32_1.4.0.202007081208/tools/bin/../lib/gcc/arm-none-eabi/7.3.1/../../../../arm-none-eabi/lib/thumb/v7-m\libc_nano.a(lib_a-memset.o)
                              c:/st/stm32cubeide_1.4.0/stm32cubeide/plugins/com.st.stm32cube.ide.mcu.externaltools.gnu-tools-for-stm32.7-2018-q2-update.win32_1.4.0.202007081208/tools/bin/../lib/gcc/arm-none-eabi/7.3.1/../../../../arm-none-eabi/lib/thumb/v7-m/crt0.o (memset)

Allocating common symbols
Common symbol       size              file

pinCFG              0x4               HAL/keypad_driver/keypad.o
GP_EXTI_CallBack    0x3c              MCAL/EXTI_driver/EXTI_driver.o
Gp_SPI2_Config      0x18              MCAL/SPI_driver/SPI.o
Gp_SPI1_Config      0x18              MCAL/SPI_driver/SPI.o

Discarded input sections

 .text          0x0000000000000000        0x0 c:/st/stm32cubeide_1.4.0/stm32cubeide/plugins/com.st.stm32cube.ide.mcu.externaltools.gnu-tools-for-stm32.7-2018-q2-update.win32_1.4.0.202007081208/tools/bin/../lib/gcc/arm-none-eabi/7.3.1/thumb/v7-m/crti.o
 .data          0x0000000000000000        0x0 c:/st/stm32cubeide_1.4.0/stm32cubeide/plugins/com.st.stm32cube.ide.mcu.externaltools.gnu-tools-for-stm32.7-2018-q2-update.win32_1.4.0.202007081208/tools/bin/../lib/gcc/arm-none-eabi/7.3.1/thumb/v7-m/crti.o
 .bss           0x0000000000000000        0x0 c:/st/stm32cubeide_1.4.0/stm32cubeide/plugins/com.st.stm32cube.ide.mcu.externaltools.gnu-tools-for-stm32.7-2018-q2-update.win32_1.4.0.202007081208/tools/bin/../lib/gcc/arm-none-eabi/7.3.1/thumb/v7-m/crti.o
 .data          0x0000000000000000        0x4 c:/st/stm32cubeide_1.4.0/stm32cubeide/plugins/com.st.stm32cube.ide.mcu.externaltools.gnu-tools-for-stm32.7-2018-q2-update.win32_1.4.0.202007081208/tools/bin/../lib/gcc/arm-none-eabi/7.3.1/thumb/v7-m/crtbegin.o
 .text          0x0000000000000000       0x74 c:/st/stm32cubeide_1.4.0/stm32cubeide/plugins/com.st.stm32cube.ide.mcu.externaltools.gnu-tools-for-stm32.7-2018-q2-update.win32_1.4.0.202007081208/tools/bin/../lib/gcc/arm-none-eabi/7.3.1/../../../../arm-none-eabi/lib/thumb/v7-m/crt0.o
 .data          0x0000000000000000        0x0 c:/st/stm32cubeide_1.4.0/stm32cubeide/plugins/com.st.stm32cube.ide.mcu.externaltools.gnu-tools-for-stm32.7-2018-q2-update.win32_1.4.0.202007081208/tools/bin/../lib/gcc/arm-none-eabi/7.3.1/../../../../arm-none-eabi/lib/thumb/v7-m/crt0.o
 .bss           0x0000000000000000        0x0 c:/st/stm32cubeide_1.4.0/stm32cubeide/plugins/com.st.stm32cube.ide.mcu.externaltools.gnu-tools-for-stm32.7-2018-q2-update.win32_1.4.0.202007081208/tools/bin/../lib/gcc/arm-none-eabi/7.3.1/../../../../arm-none-eabi/lib/thumb/v7-m/crt0.o
[...]
Memory Configuration

Name             Origin             Length             Attributes
RAM              0x0000000020000000 0x0000000000002800 xrw
ROM              0x0000000008000000 0x0000000000008000 xr
*default*        0x0000000000000000 0xffffffffffffffff

Linker script and memory map

LOAD c:/st/stm32cubeide_1.4.0/stm32cubeide/plugins/com.st.stm32cube.ide.mcu.externaltools.gnu-tools-for-stm32.7-2018-q2-update.win32_1.4.0.202007081208/tools/bin/../lib/gcc/arm-none-eabi/7.3.1/thumb/v7-m/crti.o
LOAD c:/st/stm32cubeide_1.4.0/stm32cubeide/plugins/com.st.stm32cube.ide.mcu.externaltools.gnu-tools-for-stm32.7-2018-q2-update.win32_1.4.0.202007081208/tools/bin/../lib/gcc/arm-none-eabi/7.3.1/thumb/v7-m/crtbegin.o
LOAD c:/st/stm32cubeide_1.4.0/stm32cubeide/plugins/com.st.stm32cube.ide.mcu.externaltools.gnu-tools-for-stm32.7-2018-q2-update.win32_1.4.0.202007081208/tools/bin/../lib/gcc/arm-none-eabi/7.3.1/../../../../arm-none-eabi/lib/thumb/v7-m/crt0.o
LOAD HAL/I2C_EEPROM_SLAVE.c/I2C_EEPROM_SLAVE.o
LOAD HAL/keypad_driver/keypad.o
LOAD HAL/lcd_driver/lcd.o
LOAD MCAL/EXTI_driver/EXTI_driver.o
LOAD MCAL/I2C_driver/I2C.o
LOAD MCAL/RCC_driver/RCC.o
LOAD MCAL/SPI_driver/SPI.o
LOAD MCAL/USART/USART.o
LOAD MCAL/gpio_driver/GPIO_driver.o
LOAD Src/main.o
LOAD Src/syscalls.o
LOAD Src/sysmem.o
LOAD Startup/startup_stm32f103c6tx.o
START GROUP
LOAD c:/st/stm32cubeide_1.4.0/stm32cubeide/plugins/com.st.stm32cube.ide.mcu.externaltools.gnu-tools-for-stm32.7-2018-q2-update.win32_1.4.0.202007081208/tools/bin/../lib/gcc/arm-none-eabi/7.3.1/../../../../arm-none-eabi/lib/thumb/v7-m\libc_nano.a
LOAD c:/st/stm32cubeide_1.4.0/stm32cubeide/plugins/com.st.stm32cube.ide.mcu.externaltools.gnu-tools-for-stm32.7-2018-q2-update.win32_1.4.0.202007081208/tools/bin/../lib/gcc/arm-none-eabi/7.3.1/../../../../arm-none-eabi/lib/thumb/v7-m\libm.a
END GROUP
START GROUP
LOAD c:/st/stm32cubeide_1.4.0/stm32cubeide/plugins/com.st.stm32cube.ide.mcu.externaltools.gnu-tools-for-stm32.7-2018-q2-update.win32_1.4.0.202007081208/tools/bin/../lib/gcc/arm-none-eabi/7.3.1/thumb/v7-m\libgcc.a
LOAD c:/st/stm32cubeide_1.4.0/stm32cubeide/plugins/com.st.stm32cube.ide.mcu.externaltools.gnu-tools-for-stm32.7-2018-q2-update.win32_1.4.0.202007081208/tools/bin/../lib/gcc/arm-none-eabi/7.3.1/../../../../arm-none-eabi/lib/thumb/v7-m\libg_nano.a
LOAD c:/st/stm32cubeide_1.4.0/stm32cubeide/plugins/com.st.stm32cube.ide.mcu.externaltools.gnu-tools-for-stm32.7-2018-q2-update.win32_1.4.0.202007081208/tools/bin/../lib/gcc/arm-none-eabi/7.3.1/../../../../arm-none-eabi/lib/thumb/v7-m\libc_nano.a
END GROUP
START GROUP
LOAD c:/st/stm32cubeide_1.4.0/stm32cubeide/plugins/com.st.stm32cube.ide.mcu.externaltools.gnu-tools-for-stm32.7-2018-q2-update.win32_1.4.0.202007081208/tools/bin/../lib/gcc/arm-none-eabi/7.3.1/thumb/v7-m\libgcc.a
LOAD c:/st/stm32cubeide_1.4.0/stm32cubeide/plugins/com.st.stm32cube.ide.mcu.externaltools.gnu-tools-for-stm32.7-2018-q2-update.win32_1.4.0.202007081208/tools/bin/../lib/gcc/arm-none-eabi/7.3.1/../../../../arm-none-eabi/lib/thumb/v7-m\libc_nano.a
LOAD c:/st/stm32cubeide_1.4.0/stm32cubeide/plugins/com.st.stm32cube.ide.mcu.externaltools.gnu-tools-for-stm32.7-2018-q2-update.win32_1.4.0.202007081208/tools/bin/../lib/gcc/arm-none-eabi/7.3.1/../../../../arm-none-eabi/lib/thumb/v7-m\libnosys.a
END GROUP
START GROUP
LOAD c:/st/stm32cubeide_1.4.0/stm32cubeide/plugins/com.st.stm32cube.ide.mcu.externaltools.gnu-tools-for-stm32.7-2018-q2-update.win32_1.4.0.202007081208/tools/bin/../lib/gcc/arm-none-eabi/7.3.1/thumb/v7-m\libgcc.a
LOAD c:/st/stm32cubeide_1.4.0/stm32cubeide/plugins/com.st.stm32cube.ide.mcu.externaltools.gnu-tools-for-stm32.7-2018-q2-update.win32_1.4.0.202007081208/tools/bin/../lib/gcc/arm-none-eabi/7.3.1/../../../../arm-none-eabi/lib/thumb/v7-m\libc_nano.a
LOAD c:/st/stm32cubeide_1.4.0/stm32cubeide/plugins/com.st.stm32cube.ide.mcu.externaltools.gnu-tools-for-stm32.7-2018-q2-update.win32_1.4.0.202007081208/tools/bin/../lib/gcc/arm-none-eabi/7.3.1/../../../../arm-none-eabi/lib/thumb/v7-m\libnosys.a
END GROUP
LOAD c:/st/stm32cubeide_1.4.0/stm32cubeide/plugins/com.st.stm32cube.ide.mcu.externaltools.gnu-tools-for-stm32.7-2018-q2-update.win32_1.4.0.202007081208/tools/bin/../lib/gcc/arm-none-eabi/7.3.1/thumb/v7-m/crtend.o
LOAD c:/st/stm32cubeide_1.4.0/stm32cubeide/plugins/com.st.stm32cube.ide.mcu.externaltools.gnu-tools-for-stm32.7-2018-q2-update.win32_1.4.0.202007081208/tools/bin/../lib/gcc/arm-none-eabi/7.3.1/thumb/v7-m/crtn.o
                0x0000000020002800                _estack = (ORIGIN (RAM) + LENGTH (RAM))
                0x0000000000000200                _Min_Heap_Size = 0x200
                0x0000000000000400                _Min_Stack_Size = 0x400

.isr_vector     0x0000000008000000      0x130
                0x0000000008000000                . = ALIGN (0x4)
 *(.isr_vector)
 .isr_vector    0x0000000008000000      0x130 Startup/startup_stm32f103c6tx.o
                0x0000000008000000                g_pfnVectors
                0x0000000008000130                . = ALIGN (0x4)

.text           0x0000000008000130     0x1094
                0x0000000008000130                . = ALIGN (0x4)
 *(.text)
 .text          0x0000000008000130       0x40 c:/st/stm32cubeide_1.4.0/stm32cubeide/plugins/com.st.stm32cube.ide.mcu.externaltools.gnu-tools-for-stm32.7-2018-q2-update.win32_1.4.0.202007081208/tools/bin/../lib/gcc/arm-none-eabi/7.3.1/thumb/v7-m/crtbegin.o
 *(.text*)
 .text.EEPROM_Init
                0x0000000008000170       0x40 HAL/I2C_EEPROM_SLAVE.c/I2C_EEPROM_SLAVE.o
                0x0000000008000170                EEPROM_Init
 .text.EEPROM_WRITE_NBytes
                0x00000000080001b0       0x9c HAL/I2C_EEPROM_SLAVE.c/I2C_EEPROM_SLAVE.o
                0x00000000080001b0                EEPROM_WRITE_NBytes
 .text.EEPROM_READ_NBytes
                0x000000000800024c       0x58 HAL/I2C_EEPROM_SLAVE.c/I2C_EEPROM_SLAVE.o
                0x000000000800024c                EEPROM_READ_NBytes
 .text.EXTI0_IRQHandler
                0x00000000080002a4       0x24 MCAL/EXTI_driver/EXTI_driver.o
                0x00000000080002a4                EXTI0_IRQHandler
 .text.EXTI1_IRQHandler
                0x00000000080002c8       0x24 MCAL/EXTI_driver/EXTI_driver.o
                0x00000000080002c8                EXTI1_IRQHandler
 .text.EXTI2_IRQHandler
                0x00000000080002ec       0x24 MCAL/EXTI_driver/EXTI_driver.o
                0x00000000080002ec                EXTI2_IRQHandler
 .text.EXTI3_IRQHandler
                0x0000000008000310       0x24 MCAL/EXTI_driver/EXTI_driver.o
                0x0000000008000310                EXTI3_IRQHandler
 .text.EXTI4_IRQHandler
                0x0000000008000334       0x24 MCAL/EXTI_driver/EXTI_driver.o
                0x0000000008000334                EXTI4_IRQHandler
 .text.EXTI9_5_IRQHandler
                0x0000000008000358       0xa8 MCAL/EXTI_driver/EXTI_driver.o
                0x0000000008000358                EXTI9_5_IRQHandler
 .text.EXTI15_10_IRQHandler
                0x0000000008000400       0xc4 MCAL/EXTI_driver/EXTI_driver.o
                0x0000000008000400                EXTI15_10_IRQHandler
 .text.MCAL_I2C_Init
                0x00000000080004c4      0x228 MCAL/I2C_driver/I2C.o
                0x00000000080004c4                MCAL_I2C_Init
 .text.MCAL_I2C_Set_GPIO_PINS
                0x00000000080006ec       0x94 MCAL/I2C_driver/I2C.o
                0x00000000080006ec                MCAL_I2C_Set_GPIO_PINS
 .text.MCAL_I2C_Master_TX
                0x0000000008000780       0xa8 MCAL/I2C_driver/I2C.o
                0x0000000008000780                MCAL_I2C_Master_TX
 .text.MCAL_I2C_Master_RX
                0x0000000008000828       0xe4 MCAL/I2C_driver/I2C.o
                0x0000000008000828                MCAL_I2C_Master_RX
 .text.I2C_Generate_Start
                0x000000000800090c       0x4e MCAL/I2C_driver/I2C.o
                0x000000000800090c                I2C_Generate_Start
 .text.I2C_Generate_Stop
                0x000000000800095a       0x36 MCAL/I2C_driver/I2C.o
                0x000000000800095a                I2C_Generate_Stop
 .text.I2C_Get_FlagStatus
                0x0000000008000990       0xfc MCAL/I2C_driver/I2C.o
                0x0000000008000990                I2C_Get_FlagStatus
 .text.I2C_SendAddress
                0x0000000008000a8c       0x3e MCAL/I2C_driver/I2C.o
                0x0000000008000a8c                I2C_SendAddress
 .text.I2C_Acknowledge_Config
                0x0000000008000aca       0x36 MCAL/I2C_driver/I2C.o
                0x0000000008000aca                I2C_Acknowledge_Config
 .text.Slave_Status
                0x0000000008000b00       0xe0 MCAL/I2C_driver/I2C.o
                0x0000000008000b00                Slave_Status
 .text.I2C1_EV_IRQHandler
                0x0000000008000be0       0xe0 MCAL/I2C_driver/I2C.o
                0x0000000008000be0                I2C1_EV_IRQHandler
 .text.I2C1_ER_IRQHandler
                0x0000000008000cc0        0xc MCAL/I2C_driver/I2C.o
                0x0000000008000cc0                I2C1_ER_IRQHandler
 .text.I2C2_EV_IRQHandler
                0x0000000008000ccc        0xc MCAL/I2C_driver/I2C.o
                0x0000000008000ccc                I2C2_EV_IRQHandler
 .text.I2C2_ER_IRQHandler
                0x0000000008000cd8        0xc MCAL/I2C_driver/I2C.o
                0x0000000008000cd8                I2C2_ER_IRQHandler
 .text.MCAL_RCC_GetSYS_CLCKFreq
                0x0000000008000ce4       0x3c MCAL/RCC_driver/RCC.o
                0x0000000008000ce4                MCAL_RCC_GetSYS_CLCKFreq
 .text.MCAL_RCC_GetHCLK_CLCKFreq
                0x0000000008000d20       0x28 MCAL/RCC_driver/RCC.o
                0x0000000008000d20                MCAL_RCC_GetHCLK_CLCKFreq
 .text.MCAL_RCC_GetPCLK1_CLCKFreq
                0x0000000008000d48       0x28 MCAL/RCC_driver/RCC.o
                0x0000000008000d48                MCAL_RCC_GetPCLK1_CLCKFreq
 .text.SPI1_IRQHandler
                0x0000000008000d70       0x5c MCAL/SPI_driver/SPI.o
                0x0000000008000d70                SPI1_IRQHandler
 .text.SPI2_IRQHandler
                0x0000000008000dcc       0x5c MCAL/SPI_driver/SPI.o
                0x0000000008000dcc                SPI2_IRQHandler
 .text.USART1_IRQHandler
                0x0000000008000e28       0x14 MCAL/USART/USART.o
                0x0000000008000e28                USART1_IRQHandler
 .text.USART2_IRQHandler
                0x0000000008000e3c       0x14 MCAL/USART/USART.o
                0x0000000008000e3c                USART2_IRQHandler
 .text.USART3_IRQHandler
                0x0000000008000e50       0x14 MCAL/USART/USART.o
                0x0000000008000e50                USART3_IRQHandler
 .text.GPIO_CRLH_PIN_POSITION
                0x0000000008000e64       0xc6 MCAL/gpio_driver/GPIO_driver.o
                0x0000000008000e64                GPIO_CRLH_PIN_POSITION
 .text.MCAL_GPIO_init
                0x0000000008000f2a      0x12a MCAL/gpio_driver/GPIO_driver.o
                0x0000000008000f2a                MCAL_GPIO_init
 .text.clock_init
                0x0000000008001054       0x40 Src/main.o
                0x0000000008001054                clock_init
 .text.main     0x0000000008001094       0x7c Src/main.o
                0x0000000008001094                main
 .text.Reset_Handler
                0x0000000008001110       0x50 Startup/startup_stm32f103c6tx.o
                0x0000000008001110                Reset_Handler
 .text.Default_Handler
                0x0000000008001160        0x2 Startup/startup_stm32f103c6tx.o
                0x0000000008001160                TIM8_TRG_COM_IRQHandler
                0x0000000008001160                TIM8_CC_IRQHandler
                0x0000000008001160                DebugMon_Handler
                0x0000000008001160                TIM1_CC_IRQHandler
                0x0000000008001160                HardFault_Handler
                0x0000000008001160                TIM6_IRQHandler
                0x0000000008001160                SysTick_Handler
                0x0000000008001160                PVD_IRQHandler
                0x0000000008001160                SDIO_IRQHandler
                0x0000000008001160                PendSV_Handler
                0x0000000008001160                NMI_Handler
                0x0000000008001160                USB_HP_CAN_TX_IRQHandler
                0x0000000008001160                UsageFault_Handler
                0x0000000008001160                ADC1_2_IRQHandler
                0x0000000008001160                CAN_SCE_IRQHandler
                0x0000000008001160                TAMPER_IRQHandler
                0x0000000008001160                TIM8_UP_IRQHandler
                0x0000000008001160                DMA2_Channel2_IRQHandler
                0x0000000008001160                DMA1_Channel4_IRQHandler
                0x0000000008001160                RTC_IRQHandler
                0x0000000008001160                DMA1_Channel7_IRQHandler
                0x0000000008001160                UART5_IRQHandler
                0x0000000008001160                ADC3_IRQHandler
                0x0000000008001160                TIM4_IRQHandler
                0x0000000008001160                CAN_RX1_IRQHandler
                0x0000000008001160                DMA2_Channel1_IRQHandler
                0x0000000008001160                DMA1_Channel6_IRQHandler
                0x0000000008001160                UART4_IRQHandler
                0x0000000008001160                TIM3_IRQHandler
                0x0000000008001160                RCC_IRQHandler
                0x0000000008001160                TIM1_TRG_COM_IRQHandler
                0x0000000008001160                DMA1_Channel1_IRQHandler
                0x0000000008001160                Default_Handler
                0x0000000008001160                TIM7_IRQHandler
                0x0000000008001160                TIM5_IRQHandler
                0x0000000008001160                USB_LP_CAN_RX0_IRQHandler
                0x0000000008001160                MemManage_Handler
                0x0000000008001160                SVC_Handler
                0x0000000008001160                DMA1_Channel5_IRQHandler
                0x0000000008001160                DMA1_Channel3_IRQHandler
                0x0000000008001160                FSMC_IRQHandler
                0x0000000008001160                TIM1_UP_IRQHandler
                0x0000000008001160                WWDG_IRQHandler
                0x0000000008001160                TIM2_IRQHandler
                0x0000000008001160                TIM1_BRK_IRQHandler
                0x0000000008001160                RTCAlarm_IRQHandler
                0x0000000008001160                DMA2_Channel4_5_IRQHandler
                0x0000000008001160                DMA1_Channel2_IRQHandler
                0x0000000008001160                TIM8_BRK_IRQHandler
                0x0000000008001160                FLASH_IRQHandler
                0x0000000008001160                BusFault_Handler
                0x0000000008001160                SPI3_IRQHandler
                0x0000000008001160                DMA2_Channel3_IRQHandler
 *fill*         0x0000000008001162        0x2 
 .text.__libc_init_array
                0x0000000008001164       0x48 c:/st/stm32cubeide_1.4.0/stm32cubeide/plugins/com.st.stm32cube.ide.mcu.externaltools.gnu-tools-for-stm32.7-2018-q2-update.win32_1.4.0.202007081208/tools/bin/../lib/gcc/arm-none-eabi/7.3.1/../../../../arm-none-eabi/lib/thumb/v7-m\libc_nano.a(lib_a-init.o)
                0x0000000008001164                __libc_init_array
 *(.glue_7)
 .glue_7        0x00000000080011ac        0x0 linker stubs
 *(.glue_7t)
 .glue_7t       0x00000000080011ac        0x0 linker stubs
 *(.eh_frame)
 .eh_frame      0x00000000080011ac        0x0 c:/st/stm32cubeide_1.4.0/stm32cubeide/plugins/com.st.stm32cube.ide.mcu.externaltools.gnu-tools-for-stm32.7-2018-q2-update.win32_1.4.0.202007081208/tools/bin/../lib/gcc/arm-none-eabi/7.3.1/thumb/v7-m/crtbegin.o
 *(.init)
 .init          0x00000000080011ac        0x4 c:/st/stm32cubeide_1.4.0/stm32cubeide/plugins/com.st.stm32cube.ide.mcu.externaltools.gnu-tools-for-stm32.7-2018-q2-update.win32_1.4.0.202007081208/tools/bin/../lib/gcc/arm-none-eabi/7.3.1/thumb/v7-m/crti.o
                0x00000000080011ac                _init
 .init          0x00000000080011b0        0x8 c:/st/stm32cubeide_1.4.0/stm32cubeide/plugins/com.st.stm32cube.ide.mcu.externaltools.gnu-tools-for-stm32.7-2018-q2-update.win32_1.4.0.202007081208/tools/bin/../lib/gcc/arm-none-eabi/7.3.1/thumb/v7-m/crtn.o
 *(.fini)
 .fini          0x00000000080011b8        0x4 c:/st/stm32cubeide_1.4.0/stm32cubeide/plugins/com.st.stm32cube.ide.mcu.externaltools.gnu-tools-for-stm32.7-2018-q2-update.win32_1.4.0.202007081208/tools/bin/../lib/gcc/arm-none-eabi/7.3.1/thumb/v7-m/crti.o
                0x00000000080011b8                _fini
 .fini          0x00000000080011bc        0x8 c:/st/stm32cubeide_1.4.0/stm32cubeide/plugins/com.st.stm32cube.ide.mcu.externaltools.gnu-tools-for-stm32.7-2018-q2-update.win32_1.4.0.202007081208/tools/bin/../lib/gcc/arm-none-eabi/7.3.1/thumb/v7-m/crtn.o
                0x00000000080011c4                . = ALIGN (0x4)
                0x00000000080011c4                _etext = .

.vfp11_veneer   0x00000000080011c4        0x0
 .vfp11_veneer  0x00000000080011c4        0x0 linker stubs

.v4_bx          0x00000000080011c4        0x0
 .v4_bx         0x00000000080011c4        0x0 linker stubs

.iplt           0x00000000080011c4        0x0
 .iplt          0x00000000080011c4        0x0 c:/st/stm32cubeide_1.4.0/stm32cubeide/plugins/com.st.stm32cube.ide.mcu.externaltools.gnu-tools-for-stm32.7-2018-q2-update.win32_1.4.0.202007081208/tools/bin/../lib/gcc/arm-none-eabi/7.3.1/thumb/v7-m/crtbegin.o

.rodata         0x00000000080011c4       0x20
                0x00000000080011c4                . = ALIGN (0x4)
 *(.rodata)
 .rodata        0x00000000080011c4        0x7 Src/main.o
 *(.rodata*)
 *fill*         0x00000000080011cb        0x1 
 .rodata.AHBPrescaler
                0x00000000080011cc       0x10 MCAL/RCC_driver/RCC.o
                0x00000000080011cc                AHBPrescaler
 .rodata.APBPrescaler
                0x00000000080011dc        0x8 MCAL/RCC_driver/RCC.o
                0x00000000080011dc                APBPrescaler
                0x00000000080011e4                . = ALIGN (0x4)

.rel.dyn        0x00000000080011e4        0x0
 .rel.iplt      0x00000000080011e4        0x0 c:/st/stm32cubeide_1.4.0/stm32cubeide/plugins/com.st.stm32cube.ide.mcu.externaltools.gnu-tools-for-stm32.7-2018-q2-update.win32_1.4.0.202007081208/tools/bin/../lib/gcc/arm-none-eabi/7.3.1/thumb/v7-m/crtbegin.o

.ARM.extab      0x00000000080011e4        0x0
                0x00000000080011e4                . = ALIGN (0x4)
 *(.ARM.extab* .gnu.linkonce.armextab.*)
                0x00000000080011e4                . = ALIGN (0x4)

.ARM            0x00000000080011e4        0x0
                0x00000000080011e4                . = ALIGN (0x4)
                0x00000000080011e4                __exidx_start = .
 *(.ARM.exidx*)
                0x00000000080011e4                __exidx_end = .
                0x00000000080011e4                . = ALIGN (0x4)

.preinit_array  0x00000000080011e4        0x0
                0x00000000080011e4                . = ALIGN (0x4)
                0x00000000080011e4                PROVIDE (__preinit_array_start = .)
 *(.preinit_array*)
                0x00000000080011e4                PROVIDE (__preinit_array_end = .)
                0x00000000080011e4                . = ALIGN (0x4)

.init_array     0x00000000080011e4        0x4
                0x00000000080011e4                . = ALIGN (0x4)
                0x00000000080011e4                PROVIDE (__init_array_start = .)
 *(SORT_BY_NAME(.init_array.*))
 *(.init_array*)
 .init_array    0x00000000080011e4        0x4 c:/st/stm32cubeide_1.4.0/stm32cubeide/plugins/com.st.stm32cube.ide.mcu.externaltools.gnu-tools-for-stm32.7-2018-q2-update.win32_1.4.0.202007081208/tools/bin/../lib/gcc/arm-none-eabi/7.3.1/thumb/v7-m/crtbegin.o
                0x00000000080011e8                PROVIDE (__init_array_end = .)
                0x00000000080011e8                . = ALIGN (0x4)

.fini_array     0x00000000080011e8        0x4
                0x00000000080011e8                . = ALIGN (0x4)
                [!provide]                        PROVIDE (__fini_array_start = .)
 *(SORT_BY_NAME(.fini_array.*))
 *(.fini_array*)
 .fini_array    0x00000000080011e8        0x4 c:/st/stm32cubeide_1.4.0/stm32cubeide/plugins/com.st.stm32cube.ide.mcu.externaltools.gnu-tools-for-stm32.7-2018-q2-update.win32_1.4.0.202007081208/tools/bin/../lib/gcc/arm-none-eabi/7.3.1/thumb/v7-m/crtbegin.o
                [!provide]                        PROVIDE (__fini_array_end = .)
                0x00000000080011ec                . = ALIGN (0x4)
                0x00000000080011ec                _sidata = LOADADDR (.data)

.data           0x0000000020000000        0x0 load address 0x00000000080011ec
                0x0000000020000000                . = ALIGN (0x4)
                0x0000000020000000                _sdata = .
 *(.data)
 *(.data*)
                0x0000000020000000                . = ALIGN (0x4)
                0x0000000020000000                _edata = .

.igot.plt       0x0000000020000000        0x0 load address 0x00000000080011ec
 .igot.plt      0x0000000020000000        0x0 c:/st/stm32cubeide_1.4.0/stm32cubeide/plugins/com.st.stm32cube.ide.mcu.externaltools.gnu-tools-for-stm32.7-2018-q2-update.win32_1.4.0.202007081208/tools/bin/../lib/gcc/arm-none-eabi/7.3.1/thumb/v7-m/crtbegin.o
                0x0000000020000000                . = ALIGN (0x4)

.bss            0x0000000020000000       0xac load address 0x00000000080011ec
                0x0000000020000000                _sbss = .
                0x0000000020000000                __bss_start__ = _sbss
 *(.bss)
 .bss           0x0000000020000000       0x1c c:/st/stm32cubeide_1.4.0/stm32cubeide/plugins/com.st.stm32cube.ide.mcu.externaltools.gnu-tools-for-stm32.7-2018-q2-update.win32_1.4.0.202007081208/tools/bin/../lib/gcc/arm-none-eabi/7.3.1/thumb/v7-m/crtbegin.o
 *(.bss*)
 .bss.Gp_I2C_Config
                0x000000002000001c       0x48 MCAL/I2C_driver/I2C.o
                0x000000002000001c                Gp_I2C_Config
 .bss.Gp_SPI_Config
                0x0000000020000064        0x8 MCAL/SPI_driver/SPI.o
                0x0000000020000064                Gp_SPI_Config
 .bss.GP_UART_Config
                0x000000002000006c        0x4 MCAL/USART/USART.o
                0x000000002000006c                GP_UART_Config
 *(COMMON)
 COMMON         0x0000000020000070       0x3c MCAL/EXTI_driver/EXTI_driver.o
                0x0000000020000070                GP_EXTI_CallBack
                0x00000000200000ac                . = ALIGN (0x4)
                0x00000000200000ac                _ebss = .
                0x00000000200000ac                __bss_end__ = _ebss

._user_heap_stack
                0x00000000200000ac      0x604 load address 0x00000000080011ec
                0x00000000200000b0                . = ALIGN (0x8)
 *fill*         0x00000000200000ac        0x4 
                [!provide]                        PROVIDE (end = .)
                0x00000000200000b0                PROVIDE (_end = .)
                0x00000000200002b0                . = (. + _Min_Heap_Size)
 *fill*         0x00000000200000b0      0x200 
                0x00000000200006b0                . = (. + _Min_Stack_Size)
 *fill*         0x00000000200002b0      0x400 
                0x00000000200006b0                . = ALIGN (0x8)

/DISCARD/
 libc.a(*)
 libm.a(*)
 libgcc.a(*)

.ARM.attributes
                0x0000000000000000       0x29
 *(.ARM.attributes)
 .ARM.attributes
                0x0000000000000000       0x1d c:/st/stm32cubeide_1.4.0/stm32cubeide/plugins/com.st.stm32cube.ide.mcu.externaltools.gnu-tools-for-stm32.7-2018-q2-update.win32_1.4.0.202007081208/tools/bin/../lib/gcc/arm-none-eabi/7.3.1/thumb/v7-m/crti.o
 .ARM.attributes
                0x000000000000001d       0x2d c:/st/stm32cubeide_1.4.0/stm32cubeide/plugins/com.st.stm32cube.ide.mcu.externaltools.gnu-tools-for-stm32.7-2018-q2-update.win32_1.4.0.202007081208/tools/bin/../lib/gcc/arm-none-eabi/7.3.1/thumb/v7-m/crtbegin.o
 .ARM.attributes
                0x000000000000004a       0x33 HAL/I2C_EEPROM_SLAVE.c/I2C_EEPROM_SLAVE.o
 .ARM.attributes
                0x000000000000007d       0x33 MCAL/EXTI_driver/EXTI_driver.o
 .ARM.attributes
                0x00000000000000b0       0x33 MCAL/I2C_driver/I2C.o
 .ARM.attributes
                0x00000000000000e3       0x33 MCAL/RCC_driver/RCC.o
 .ARM.attributes
                0x0000000000000116       0x33 MCAL/SPI_driver/SPI.o
 .ARM.attributes
                0x0000000000000149       0x33 MCAL/USART/USART.o
 .ARM.attributes
                0x000000000000017c       0x33 MCAL/gpio_driver/GPIO_driver.o
 .ARM.attributes
                0x00000000000001af       0x33 Src/main.o
 .ARM.attributes
                0x00000000000001e2       0x21 Startup/startup_stm32f103c6tx.o
 .ARM.attributes
                0x0000000000000203       0x2d c:/st/stm32cubeide_1.4.0/stm32cubeide/plugins/com.st.stm32cube.ide.mcu.externaltools.gnu-tools-for-stm32.7-2018-q2-update.win32_1.4.0.202007081208/tools/bin/../lib/gcc/arm-none-eabi/7.3.1/../../../../arm-none-eabi/lib/thumb/v7-m\libc_nano.a(lib_a-init.o)
 .ARM.attributes
                0x0000000000000230       0x1d c:/st/stm32cubeide_1.4.0/stm32cubeide/plugins/com.st.stm32cube.ide.mcu.externaltools.gnu-tools-for-stm32.7-2018-q2-update.win32_1.4.0.202007081208/tools/bin/../lib/gcc/arm-none-eabi/7.3.1/thumb/v7-m/crtn.o
OUTPUT(STM32F103C6_Drivers.elf elf32-littlearm)

.debug_info     0x0000000000000000     0x6dcb
 .debug_info    0x0000000000000000      0xc97 HAL/I2C_EEPROM_SLAVE.c/I2C_EEPROM_SLAVE.o
 .debug_info    0x0000000000000c97      0xdca MCAL/EXTI_driver/EXTI_driver.o
 .debug_info    0x0000000000001a61     0x12cc MCAL/I2C_driver/I2C.o
 .debug_info    0x0000000000002d2d      0xb25 MCAL/RCC_driver/RCC.o
 .debug_info    0x0000000000003852      0xf1a MCAL/SPI_driver/SPI.o
 .debug_info    0x000000000000476c      0xe25 MCAL/USART/USART.o
 .debug_info    0x0000000000005591      0xd63 MCAL/gpio_driver/GPIO_driver.o
 .debug_info    0x00000000000062f4      0xab5 Src/main.o
 .debug_info    0x0000000000006da9       0x22 Startup/startup_stm32f103c6tx.o

.debug_abbrev   0x0000000000000000     0x1070
 .debug_abbrev  0x0000000000000000      0x1d1 HAL/I2C_EEPROM_SLAVE.c/I2C_EEPROM_SLAVE.o
 .debug_abbrev  0x00000000000001d1      0x230 MCAL/EXTI_driver/EXTI_driver.o
 .debug_abbrev  0x0000000000000401      0x27a MCAL/I2C_driver/I2C.o
 .debug_abbrev  0x000000000000067b      0x19b MCAL/RCC_driver/RCC.o
 .debug_abbrev  0x0000000000000816      0x240 MCAL/SPI_driver/SPI.o
 .debug_abbrev  0x0000000000000a56      0x23d MCAL/USART/USART.o
 .debug_abbrev  0x0000000000000c93      0x232 MCAL/gpio_driver/GPIO_driver.o
 .debug_abbrev  0x0000000000000ec5      0x199 Src/main.o
 .debug_abbrev  0x000000000000105e       0x12 Startup/startup_stm32f103c6tx.o

.debug_loc      0x0000000000000000     0x1356
 .debug_loc     0x0000000000000000       0xf2 HAL/I2C_EEPROM_SLAVE.c/I2C_EEPROM_SLAVE.o
 .debug_loc     0x00000000000000f2      0x320 MCAL/EXTI_driver/EXTI_driver.o
 .debug_loc     0x0000000000000412      0x580 MCAL/I2C_driver/I2C.o
 .debug_loc     0x0000000000000992       0xc8 MCAL/RCC_driver/RCC.o
 .debug_loc     0x0000000000000a5a      0x2bc MCAL/SPI_driver/SPI.o
 .debug_loc     0x0000000000000d16      0x294 MCAL/USART/USART.o
 .debug_loc     0x0000000000000faa      0x330 MCAL/gpio_driver/GPIO_driver.o
 .debug_loc     0x00000000000012da       0x7c Src/main.o

.debug_aranges  0x0000000000000000      0x2f0
 .debug_aranges
                0x0000000000000000       0x30 HAL/I2C_EEPROM_SLAVE.c/I2C_EEPROM_SLAVE.o
 .debug_aranges
                0x0000000000000030       0x80 MCAL/EXTI_driver/EXTI_driver.o
 .debug_aranges
                0x00000000000000b0       0xa0 MCAL/I2C_driver/I2C.o
 .debug_aranges
                0x0000000000000150       0x38 MCAL/RCC_driver/RCC.o
 .debug_aranges
                0x0000000000000188       0x58 MCAL/SPI_driver/SPI.o
 .debug_aranges
                0x00000000000001e0       0x60 MCAL/USART/USART.o
 .debug_aranges
                0x0000000000000240       0x60 MCAL/gpio_driver/GPIO_driver.o
 .debug_aranges
                0x00000000000002a0       0x28 Src/main.o
 .debug_aranges
                0x00000000000002c8       0x28 Startup/startup_stm32f103c6tx.o

.debug_ranges   0x0000000000000000      0x268
 .debug_ranges  0x0000000000000000       0x20 HAL/I2C_EEPROM_SLAVE.c/I2C_EEPROM_SLAVE.o
 .debug_ranges  0x0000000000000020       0x70 MCAL/EXTI_driver/EXTI_driver.o
 .debug_ranges  0x0000000000000090       0x90 MCAL/I2C_driver/I2C.o
 .debug_ranges  0x0000000000000120       0x28 MCAL/RCC_driver/RCC.o
 .debug_ranges  0x0000000000000148       0x48 MCAL/SPI_driver/SPI.o
 .debug_ranges  0x0000000000000190       0x50 MCAL/USART/USART.o
 .debug_ranges  0x00000000000001e0       0x50 MCAL/gpio_driver/GPIO_driver.o
 .debug_ranges  0x0000000000000230       0x18 Src/main.o
 .debug_ranges  0x0000000000000248       0x20 Startup/startup_stm32f103c6tx.o

.debug_macro    0x0000000000000000     0x30d8
 .debug_macro   0x0000000000000000      0x14f HAL/I2C_EEPROM_SLAVE.c/I2C_EEPROM_SLAVE.o
 .debug_macro   0x000000000000014f      0xa60 HAL/I2C_EEPROM_SLAVE.c/I2C_EEPROM_SLAVE.o
 .debug_macro   0x0000000000000baf       0x18 HAL/I2C_EEPROM_SLAVE.c/I2C_EEPROM_SLAVE.o
 .debug_macro   0x0000000000000bc7       0x22 HAL/I2C_EEPROM_SLAVE.c/I2C_EEPROM_SLAVE.o
 .debug_macro   0x0000000000000be9       0x40 HAL/I2C_EEPROM_SLAVE.c/I2C_EEPROM_SLAVE.o
 .debug_macro   0x0000000000000c29       0x94 HAL/I2C_EEPROM_SLAVE.c/I2C_EEPROM_SLAVE.o
 .debug_macro   0x0000000000000cbd       0x3c HAL/I2C_EEPROM_SLAVE.c/I2C_EEPROM_SLAVE.o
 .debug_macro   0x0000000000000cf9       0x34 HAL/I2C_EEPROM_SLAVE.c/I2C_EEPROM_SLAVE.o
 .debug_macro   0x0000000000000d2d       0x16 HAL/I2C_EEPROM_SLAVE.c/I2C_EEPROM_SLAVE.o
 .debug_macro   0x0000000000000d43      0x10e HAL/I2C_EEPROM_SLAVE.c/I2C_EEPROM_SLAVE.o
 .debug_macro   0x0000000000000e51       0x8d HAL/I2C_EEPROM_SLAVE.c/I2C_EEPROM_SLAVE.o
 .debug_macro   0x0000000000000ede       0x57 HAL/I2C_EEPROM_SLAVE.c/I2C_EEPROM_SLAVE.o
 .debug_macro   0x0000000000000f35       0x52 HAL/I2C_EEPROM_SLAVE.c/I2C_EEPROM_SLAVE.o
 .debug_macro   0x0000000000000f87       0x1f HAL/I2C_EEPROM_SLAVE.c/I2C_EEPROM_SLAVE.o
 .debug_macro   0x0000000000000fa6       0x43 HAL/I2C_EEPROM_SLAVE.c/I2C_EEPROM_SLAVE.o
 .debug_macro   0x0000000000000fe9       0x20 HAL/I2C_EEPROM_SLAVE.c/I2C_EEPROM_SLAVE.o
 .debug_macro   0x0000000000001009      0x1a3 HAL/I2C_EEPROM_SLAVE.c/I2C_EEPROM_SLAVE.o
 .debug_macro   0x00000000000011ac      0x330 HAL/I2C_EEPROM_SLAVE.c/I2C_EEPROM_SLAVE.o
 .debug_macro   0x00000000000014dc       0x16 HAL/I2C_EEPROM_SLAVE.c/I2C_EEPROM_SLAVE.o
 .debug_macro   0x00000000000014f2       0x29 HAL/I2C_EEPROM_SLAVE.c/I2C_EEPROM_SLAVE.o
 .debug_macro   0x000000000000151b       0xef HAL/I2C_EEPROM_SLAVE.c/I2C_EEPROM_SLAVE.o
 .debug_macro   0x000000000000160a       0x6a HAL/I2C_EEPROM_SLAVE.c/I2C_EEPROM_SLAVE.o
 .debug_macro   0x0000000000001674      0x1df HAL/I2C_EEPROM_SLAVE.c/I2C_EEPROM_SLAVE.o
 .debug_macro   0x0000000000001853      0x581 HAL/I2C_EEPROM_SLAVE.c/I2C_EEPROM_SLAVE.o
 .debug_macro   0x0000000000001dd4       0x68 HAL/I2C_EEPROM_SLAVE.c/I2C_EEPROM_SLAVE.o
 .debug_macro   0x0000000000001e3c      0x152 MCAL/EXTI_driver/EXTI_driver.o
 .debug_macro   0x0000000000001f8e       0xd6 MCAL/EXTI_driver/EXTI_driver.o
 .debug_macro   0x0000000000002064      0x3d1 MCAL/EXTI_driver/EXTI_driver.o
 .debug_macro   0x0000000000002435      0x170 MCAL/I2C_driver/I2C.o
 .debug_macro   0x00000000000025a5       0x3a MCAL/I2C_driver/I2C.o
 .debug_macro   0x00000000000025df      0x13f MCAL/RCC_driver/RCC.o
 .debug_macro   0x000000000000271e       0x34 MCAL/RCC_driver/RCC.o
 .debug_macro   0x0000000000002752      0x178 MCAL/SPI_driver/SPI.o
 .debug_macro   0x00000000000028ca       0xc2 MCAL/SPI_driver/SPI.o
 .debug_macro   0x000000000000298c      0x160 MCAL/USART/USART.o
 .debug_macro   0x0000000000002aec       0xbe MCAL/USART/USART.o
 .debug_macro   0x0000000000002baa      0x139 MCAL/gpio_driver/GPIO_driver.o
 .debug_macro   0x0000000000002ce3      0x189 Src/main.o
 .debug_macro   0x0000000000002e6c       0xd0 Src/main.o
 .debug_macro   0x0000000000002f3c       0xc4 Src/main.o
 .debug_macro   0x0000000000003000       0xc8 Src/main.o
 .debug_macro   0x00000000000030c8       0x10 Src/main.o

.debug_line     0x0000000000000000     0x373f
 .debug_line    0x0000000000000000      0x66c HAL/I2C_EEPROM_SLAVE.c/I2C_EEPROM_SLAVE.o
 .debug_line    0x000000000000066c      0x774 MCAL/EXTI_driver/EXTI_driver.o
 .debug_line    0x0000000000000de0      0x821 MCAL/I2C_driver/I2C.o
 .debug_line    0x0000000000001601      0x5b2 MCAL/RCC_driver/RCC.o
 .debug_line    0x0000000000001bb3      0x6d3 MCAL/SPI_driver/SPI.o
 .debug_line    0x0000000000002286      0x6b5 MCAL/USART/USART.o
 .debug_line    0x000000000000293b      0x6c2 MCAL/gpio_driver/GPIO_driver.o
 .debug_line    0x0000000000002ffd      0x6be Src/main.o
 .debug_line    0x00000000000036bb       0x84 Startup/startup_stm32f103c6tx.o

.debug_str      0x0000000000000000     0xc2f5
 .debug_str     0x0000000000000000     0x8e07 HAL/I2C_EEPROM_SLAVE.c/I2C_EEPROM_SLAVE.o
                                       0x907c (size before relaxing)
 .debug_str     0x0000000000008e07     0x2083 MCAL/EXTI_driver/EXTI_driver.o
                                       0xac8d (size before relaxing)
 .debug_str     0x000000000000ae8a      0x532 MCAL/I2C_driver/I2C.o
                                       0xb32b (size before relaxing)
 .debug_str     0x000000000000b3bc       0x9c MCAL/RCC_driver/RCC.o
                                       0x8efa (size before relaxing)
 .debug_str     0x000000000000b458      0x7cb MCAL/SPI_driver/SPI.o
                                       0xb45a (size before relaxing)
 .debug_str     0x000000000000bc23      0x595 MCAL/USART/USART.o
                                       0xb23a (size before relaxing)
 .debug_str     0x000000000000c1b8       0xee MCAL/gpio_driver/GPIO_driver.o
                                       0x91db (size before relaxing)
 .debug_str     0x000000000000c2a6       0x1e Src/main.o
                                       0xb813 (size before relaxing)
 .debug_str     0x000000000000c2c4       0x31 Startup/startup_stm32f103c6tx.o
                                         0xaf (size before relaxing)

.comment        0x0000000000000000       0x7b
 .comment       0x0000000000000000       0x7b HAL/I2C_EEPROM_SLAVE.c/I2C_EEPROM_SLAVE.o
                                         0x7c (size before relaxing)
 .comment       0x000000000000007b       0x7c MCAL/EXTI_driver/EXTI_driver.o
 .comment       0x000000000000007b       0x7c MCAL/I2C_driver/I2C.o
 .comment       0x000000000000007b       0x7c MCAL/RCC_driver/RCC.o
 .comment       0x000000000000007b       0x7c MCAL/SPI_driver/SPI.o
 .comment       0x000000000000007b       0x7c MCAL/USART/USART.o
 .comment       0x000000000000007b       0x7c MCAL/gpio_driver/GPIO_driver.o
 .comment       0x000000000000007b       0x7c Src/main.o

.debug_frame    0x0000000000000000      0x9c8
 .debug_frame   0x0000000000000000       0x80 HAL/I2C_EEPROM_SLAVE.c/I2C_EEPROM_SLAVE.o
 .debug_frame   0x0000000000000080      0x1b0 MCAL/EXTI_driver/EXTI_driver.o
 .debug_frame   0x0000000000000230      0x288 MCAL/I2C_driver/I2C.o
 .debug_frame   0x00000000000004b8       0x84 MCAL/RCC_driver/RCC.o
 .debug_frame   0x000000000000053c      0x14c MCAL/SPI_driver/SPI.o
 .debug_frame   0x0000000000000688      0x14c MCAL/USART/USART.o
 .debug_frame   0x00000000000007d4      0x178 MCAL/gpio_driver/GPIO_driver.o
 .debug_frame   0x000000000000094c       0x50 Src/main.o
 .debug_frame   0x000000000000099c       0x2c c:/st/stm32cubeide_1.4.0/stm32cubeide/plugins/com.st.stm32cube.ide.mcu.externaltools.gnu-tools-for-stm32.7-2018-q2-update.win32_1.4.0.202007081208/tools/bin/../lib/gcc/arm-none-eabi/7.3.1/../../../../arm-none-eabi/lib/thumb/v7-m\libc_nano.a(lib_a-init.o)
