Archive member included to satisfy reference by file (symbol)

c:/st/stm32cubeide_1.4.0/stm32cubeide/plugins/com.st.stm32cube.ide.mcu.externaltools.gnu-tools-for-stm32.7-2018-q2-update.win32_1.4.0.202007081208/tools/bin/../lib/gcc/arm-none-eabi/7.3.1/../../../../arm-none-eabi/lib/thumb/v7-m\libc_nano.a(lib_a-errno.o)
                              Src/syscalls.o (__errno)
c:/st/stm32cubeide_1.4.0/stm32cubeide/plugins/com.st.stm32cube.ide.mcu.externaltools.gnu-tools-for-stm32.7-2018-q2-update.win32_1.4.0.202007081208/tools/bin/../lib/gcc/arm-none-eabi/7.3.1/../../../../arm-none-eabi/lib/thumb/v7-m\libc_nano.a(lib_a-exit.o)
                              c:/st/stm32cubeide_1.4.0/stm32cubeide/plugins/com.st.stm32cube.ide.mcu.externaltools.gnu-tools-for-stm32.7-2018-q2-update.win32_1.4.0.202007081208/tools/bin/../lib/gcc/arm-none-eabi/7.3.1/../../../../arm-none-eabi/lib/thumb/v7-m/crt0.o (exit)
c:/st/stm32cubeide_1.4.0/stm32cubeide/plugins/com.st.stm32cube.ide.mcu.externaltools.gnu-tools-for-stm32.7-2018-q2-update.win32_1.4.0.202007081208/tools/bin/../lib/gcc/arm-none-eabi/7.3.1/../../../../arm-none-eabi/lib/thumb/v7-m\libc_nano.a(lib_a-impure.o)
                              c:/st/stm32cubeide_1.4.0/stm32cubeide/plugins/com.st.stm32cube.ide.mcu.externaltools.gnu-tools-for-stm32.7-2018-q2-update.win32_1.4.0.202007081208/tools/bin/../lib/gcc/arm-none-eabi/7.3.1/../../../../arm-none-eabi/lib/thumb/v7-m\libc_nano.a(lib_a-exit.o) (_global_impure_ptr)
c:/st/stm32cubeide_1.4.0/stm32cubeide/plugins/com.st.stm32cube.ide.mcu.externaltools.gnu-tools-for-stm32.7-2018-q2-update.win32_1.4.0.202007081208/tools/bin/../lib/gcc/arm-none-eabi/7.3.1/../../../../arm-none-eabi/lib/thumb/v7-m\libc_nano.a(lib_a-init.o)
                              c:/st/stm32cubeide_1.4.0/stm32cubeide/plugins/com.st.stm32cube.ide.mcu.externaltools.gnu-tools-for-stm32.7-2018-q2-update.win32_1.4.0.202007081208/tools/bin/../lib/gcc/arm-none-eabi/7.3.1/../../../../arm-none-eabi/lib/thumb/v7-m/crt0.o (__libc_init_array)
c:/st/stm32cubeide_1.4.0/stm32cubeide/plugins/com.st.stm32cube.ide.mcu.externaltools.gnu-tools-for-stm32.7-2018-q2-update.win32_1.4.0.202007081208/tools/bin/../lib/gcc/arm-none-eabi/7.3.1/../../../../arm-none-eabi/lib/thumb/v7-m\libc_nano.a(lib_a-memset.o)
                              c:/st/stm32cubeide_1.4.0/stm32cubeide/plugins/com.st.stm32cube.ide.mcu.externaltools.gnu-tools-for-stm32.7-2018-q2-update.win32_1.4.0.202007081208/tools/bin/../lib/gcc/arm-none-eabi/7.3.1/../../../../arm-none-eabi/lib/thumb/v7-m/crt0.o (memset)

Allocating common symbols
Common symbol       size              file

pinCFG              0x4               STM32F103C6_drivers/keypad_driver/keypad.o

Discarded input sections

 .text          0x0000000000000000        0x0 c:/st/stm32cubeide_1.4.0/stm32cubeide/plugins/com.st.stm32cube.ide.mcu.externaltools.gnu-tools-for-stm32.7-2018-q2-update.win32_1.4.0.202007081208/tools/bin/../lib/gcc/arm-none-eabi/7.3.1/thumb/v7-m/crti.o
 .data          0x0000000000000000        0x0 c:/st/stm32cubeide_1.4.0/stm32cubeide/plugins/com.st.stm32cube.ide.mcu.externaltools.gnu-tools-for-stm32.7-2018-q2-update.win32_1.4.0.202007081208/tools/bin/../lib/gcc/arm-none-eabi/7.3.1/thumb/v7-m/crti.o
 .bss           0x0000000000000000        0x0 c:/st/stm32cubeide_1.4.0/stm32cubeide/plugins/com.st.stm32cube.ide.mcu.externaltools.gnu-tools-for-stm32.7-2018-q2-update.win32_1.4.0.202007081208/tools/bin/../lib/gcc/arm-none-eabi/7.3.1/thumb/v7-m/crti.o
 .data          0x0000000000000000        0x4 c:/st/stm32cubeide_1.4.0/stm32cubeide/plugins/com.st.stm32cube.ide.mcu.externaltools.gnu-tools-for-stm32.7-2018-q2-update.win32_1.4.0.202007081208/tools/bin/../lib/gcc/arm-none-eabi/7.3.1/thumb/v7-m/crtbegin.o
 .text          0x0000000000000000       0x74 c:/st/stm32cubeide_1.4.0/stm32cubeide/plugins/com.st.stm32cube.ide.mcu.externaltools.gnu-tools-for-stm32.7-2018-q2-update.win32_1.4.0.202007081208/tools/bin/../lib/gcc/arm-none-eabi/7.3.1/../../../../arm-none-eabi/lib/thumb/v7-m/crt0.o
 .data          0x0000000000000000        0x0 c:/st/stm32cubeide_1.4.0/stm32cubeide/plugins/com.st.stm32cube.ide.mcu.externaltools.gnu-tools-for-stm32.7-2018-q2-update.win32_1.4.0.202007081208/tools/bin/../lib/gcc/arm-none-eabi/7.3.1/../../../../arm-none-eabi/lib/thumb/v7-m/crt0.o
 .bss           0x0000000000000000        0x0 c:/st/stm32cubeide_1.4.0/stm32cubeide/plugins/com.st.stm32cube.ide.mcu.externaltools.gnu-tools-for-stm32.7-2018-q2-update.win32_1.4.0.202007081208/tools/bin/../lib/gcc/arm-none-eabi/7.3.1/../../../../arm-none-eabi/lib/thumb/v7-m/crt0.o
 .ARM.extab     0x0000000000000000        0x0 c:/st/stm32cubeide_1.4.0/stm32cubeide/plugins/com.st.stm32cube.ide.mcu.externaltools.gnu-tools-for-stm32.7-2018-q2-update.win32_1.4.0.202007081208/tools/bin/../lib/gcc/arm-none-eabi/7.3.1/../../../../arm-none-eabi/lib/thumb/v7-m/crt0.o
 .ARM.exidx     0x0000000000000000        0x8 c:/st/stm32cubeide_1.4.0/stm32cubeide/plugins/com.st.stm32cube.ide.mcu.externaltools.gnu-tools-for-stm32.7-2018-q2-update.win32_1.4.0.202007081208/tools/bin/../lib/gcc/arm-none-eabi/7.3.1/../../../../arm-none-eabi/lib/thumb/v7-m/crt0.o
 .ARM.attributes
                0x0000000000000000       0x1b c:/st/stm32cubeide_1.4.0/stm32cubeide/plugins/com.st.stm32cube.ide.mcu.externaltools.gnu-tools-for-stm32.7-2018-q2-update.win32_1.4.0.202007081208/tools/bin/../lib/gcc/arm-none-eabi/7.3.1/../../../../arm-none-eabi/lib/thumb/v7-m/crt0.o
 .group         0x0000000000000000        0xc STM32F103C6_drivers/gpio_driver/STM32F103C6_gpio_driver.o
 .group         0x0000000000000000        0xc STM32F103C6_drivers/gpio_driver/STM32F103C6_gpio_driver.o
 .group         0x0000000000000000        0xc STM32F103C6_drivers/gpio_driver/STM32F103C6_gpio_driver.o
 .group         0x0000000000000000        0xc STM32F103C6_drivers/gpio_driver/STM32F103C6_gpio_driver.o
 .group         0x0000000000000000        0xc STM32F103C6_drivers/gpio_driver/STM32F103C6_gpio_driver.o
 .group         0x0000000000000000        0xc STM32F103C6_drivers/gpio_driver/STM32F103C6_gpio_driver.o
 .group         0x0000000000000000        0xc STM32F103C6_drivers/gpio_driver/STM32F103C6_gpio_driver.o
 .group         0x0000000000000000        0xc STM32F103C6_drivers/gpio_driver/STM32F103C6_gpio_driver.o
 .group         0x0000000000000000        0xc STM32F103C6_drivers/gpio_driver/STM32F103C6_gpio_driver.o
 .group         0x0000000000000000        0xc STM32F103C6_drivers/gpio_driver/STM32F103C6_gpio_driver.o
 .group         0x0000000000000000        0xc STM32F103C6_drivers/gpio_driver/STM32F103C6_gpio_driver.o
 .group         0x0000000000000000        0xc STM32F103C6_drivers/gpio_driver/STM32F103C6_gpio_driver.o
 .group         0x0000000000000000        0xc STM32F103C6_drivers/gpio_driver/STM32F103C6_gpio_driver.o
 .group         0x0000000000000000        0xc STM32F103C6_drivers/gpio_driver/STM32F103C6_gpio_driver.o
 .group         0x0000000000000000        0xc STM32F103C6_drivers/gpio_driver/STM32F103C6_gpio_driver.o
 .group         0x0000000000000000        0xc STM32F103C6_drivers/gpio_driver/STM32F103C6_gpio_driver.o
 .group         0x0000000000000000        0xc STM32F103C6_drivers/gpio_driver/STM32F103C6_gpio_driver.o
 .group         0x0000000000000000        0xc STM32F103C6_drivers/gpio_driver/STM32F103C6_gpio_driver.o
 .group         0x0000000000000000        0xc STM32F103C6_drivers/gpio_driver/STM32F103C6_gpio_driver.o
 .group         0x0000000000000000        0xc STM32F103C6_drivers/gpio_driver/STM32F103C6_gpio_driver.o
 .group         0x0000000000000000        0xc STM32F103C6_drivers/gpio_driver/STM32F103C6_gpio_driver.o
 .group         0x0000000000000000        0xc STM32F103C6_drivers/gpio_driver/STM32F103C6_gpio_driver.o
 .group         0x0000000000000000        0xc STM32F103C6_drivers/gpio_driver/STM32F103C6_gpio_driver.o
 .group         0x0000000000000000        0xc STM32F103C6_drivers/gpio_driver/STM32F103C6_gpio_driver.o
 .text          0x0000000000000000        0x0 STM32F103C6_drivers/gpio_driver/STM32F103C6_gpio_driver.o
 .data          0x0000000000000000        0x0 STM32F103C6_drivers/gpio_driver/STM32F103C6_gpio_driver.o
 .bss           0x0000000000000000        0x0 STM32F103C6_drivers/gpio_driver/STM32F103C6_gpio_driver.o
 .text.MCAL_GPIO_Deinit
                0x0000000000000000      0x100 STM32F103C6_drivers/gpio_driver/STM32F103C6_gpio_driver.o
 .text.MCAL_GPIO_Read_Port
                0x0000000000000000       0x18 STM32F103C6_drivers/gpio_driver/STM32F103C6_gpio_driver.o
 .text.MCAL_GPIO_Toggle_Pin
                0x0000000000000000       0x22 STM32F103C6_drivers/gpio_driver/STM32F103C6_gpio_driver.o
 .text.MCAL_GPIO_Lock_Pin
                0x0000000000000000       0x4e STM32F103C6_drivers/gpio_driver/STM32F103C6_gpio_driver.o
 .group         0x0000000000000000        0xc STM32F103C6_drivers/keypad_driver/keypad.o
 .group         0x0000000000000000        0xc STM32F103C6_drivers/keypad_driver/keypad.o
 .group         0x0000000000000000        0xc STM32F103C6_drivers/keypad_driver/keypad.o
 .group         0x0000000000000000        0xc STM32F103C6_drivers/keypad_driver/keypad.o
 .group         0x0000000000000000        0xc STM32F103C6_drivers/keypad_driver/keypad.o
 .group         0x0000000000000000        0xc STM32F103C6_drivers/keypad_driver/keypad.o
 .group         0x0000000000000000        0xc STM32F103C6_drivers/keypad_driver/keypad.o
 .group         0x0000000000000000        0xc STM32F103C6_drivers/keypad_driver/keypad.o
 .group         0x0000000000000000        0xc STM32F103C6_drivers/keypad_driver/keypad.o
 .group         0x0000000000000000        0xc STM32F103C6_drivers/keypad_driver/keypad.o
 .group         0x0000000000000000        0xc STM32F103C6_drivers/keypad_driver/keypad.o
 .group         0x0000000000000000        0xc STM32F103C6_drivers/keypad_driver/keypad.o
 .group         0x0000000000000000        0xc STM32F103C6_drivers/keypad_driver/keypad.o
 .group         0x0000000000000000        0xc STM32F103C6_drivers/keypad_driver/keypad.o
 .group         0x0000000000000000        0xc STM32F103C6_drivers/keypad_driver/keypad.o
 .group         0x0000000000000000        0xc STM32F103C6_drivers/keypad_driver/keypad.o
 .group         0x0000000000000000        0xc STM32F103C6_drivers/keypad_driver/keypad.o
 .group         0x0000000000000000        0xc STM32F103C6_drivers/keypad_driver/keypad.o
 .group         0x0000000000000000        0xc STM32F103C6_drivers/keypad_driver/keypad.o
 .group         0x0000000000000000        0xc STM32F103C6_drivers/keypad_driver/keypad.o
 .group         0x0000000000000000        0xc STM32F103C6_drivers/keypad_driver/keypad.o
 .group         0x0000000000000000        0xc STM32F103C6_drivers/keypad_driver/keypad.o
 .group         0x0000000000000000        0xc STM32F103C6_drivers/keypad_driver/keypad.o
 .group         0x0000000000000000        0xc STM32F103C6_drivers/keypad_driver/keypad.o
 .group         0x0000000000000000        0xc STM32F103C6_drivers/keypad_driver/keypad.o
 .text          0x0000000000000000        0x0 STM32F103C6_drivers/keypad_driver/keypad.o
 .data          0x0000000000000000        0x0 STM32F103C6_drivers/keypad_driver/keypad.o
 .bss           0x0000000000000000        0x0 STM32F103C6_drivers/keypad_driver/keypad.o
 .debug_macro   0x0000000000000000      0xa60 STM32F103C6_drivers/keypad_driver/keypad.o
 .debug_macro   0x0000000000000000       0x18 STM32F103C6_drivers/keypad_driver/keypad.o
 .debug_macro   0x0000000000000000       0x22 STM32F103C6_drivers/keypad_driver/keypad.o
 .debug_macro   0x0000000000000000       0x40 STM32F103C6_drivers/keypad_driver/keypad.o
 .debug_macro   0x0000000000000000       0x94 STM32F103C6_drivers/keypad_driver/keypad.o
 .debug_macro   0x0000000000000000       0x3c STM32F103C6_drivers/keypad_driver/keypad.o
 .debug_macro   0x0000000000000000       0x34 STM32F103C6_drivers/keypad_driver/keypad.o
 .debug_macro   0x0000000000000000       0x16 STM32F103C6_drivers/keypad_driver/keypad.o
 .debug_macro   0x0000000000000000      0x10e STM32F103C6_drivers/keypad_driver/keypad.o
 .debug_macro   0x0000000000000000       0x8d STM32F103C6_drivers/keypad_driver/keypad.o
 .debug_macro   0x0000000000000000       0x57 STM32F103C6_drivers/keypad_driver/keypad.o
 .debug_macro   0x0000000000000000       0x52 STM32F103C6_drivers/keypad_driver/keypad.o
 .debug_macro   0x0000000000000000       0x1f STM32F103C6_drivers/keypad_driver/keypad.o
 .debug_macro   0x0000000000000000       0x43 STM32F103C6_drivers/keypad_driver/keypad.o
 .debug_macro   0x0000000000000000       0x20 STM32F103C6_drivers/keypad_driver/keypad.o
 .debug_macro   0x0000000000000000      0x1a3 STM32F103C6_drivers/keypad_driver/keypad.o
 .debug_macro   0x0000000000000000      0x330 STM32F103C6_drivers/keypad_driver/keypad.o
 .debug_macro   0x0000000000000000       0x16 STM32F103C6_drivers/keypad_driver/keypad.o
 .debug_macro   0x0000000000000000       0x29 STM32F103C6_drivers/keypad_driver/keypad.o
 .debug_macro   0x0000000000000000       0xef STM32F103C6_drivers/keypad_driver/keypad.o
 .debug_macro   0x0000000000000000       0x6a STM32F103C6_drivers/keypad_driver/keypad.o
 .debug_macro   0x0000000000000000      0x1df STM32F103C6_drivers/keypad_driver/keypad.o
 .debug_macro   0x0000000000000000       0xd0 STM32F103C6_drivers/keypad_driver/keypad.o
 .group         0x0000000000000000        0xc STM32F103C6_drivers/lcd_driver/lcd.o
 .group         0x0000000000000000        0xc STM32F103C6_drivers/lcd_driver/lcd.o
 .group         0x0000000000000000        0xc STM32F103C6_drivers/lcd_driver/lcd.o
 .group         0x0000000000000000        0xc STM32F103C6_drivers/lcd_driver/lcd.o
 .group         0x0000000000000000        0xc STM32F103C6_drivers/lcd_driver/lcd.o
 .group         0x0000000000000000        0xc STM32F103C6_drivers/lcd_driver/lcd.o
 .group         0x0000000000000000        0xc STM32F103C6_drivers/lcd_driver/lcd.o
 .group         0x0000000000000000        0xc STM32F103C6_drivers/lcd_driver/lcd.o
 .group         0x0000000000000000        0xc STM32F103C6_drivers/lcd_driver/lcd.o
 .group         0x0000000000000000        0xc STM32F103C6_drivers/lcd_driver/lcd.o
 .group         0x0000000000000000        0xc STM32F103C6_drivers/lcd_driver/lcd.o
 .group         0x0000000000000000        0xc STM32F103C6_drivers/lcd_driver/lcd.o
 .group         0x0000000000000000        0xc STM32F103C6_drivers/lcd_driver/lcd.o
 .group         0x0000000000000000        0xc STM32F103C6_drivers/lcd_driver/lcd.o
 .group         0x0000000000000000        0xc STM32F103C6_drivers/lcd_driver/lcd.o
 .group         0x0000000000000000        0xc STM32F103C6_drivers/lcd_driver/lcd.o
 .group         0x0000000000000000        0xc STM32F103C6_drivers/lcd_driver/lcd.o
 .group         0x0000000000000000        0xc STM32F103C6_drivers/lcd_driver/lcd.o
 .group         0x0000000000000000        0xc STM32F103C6_drivers/lcd_driver/lcd.o
 .group         0x0000000000000000        0xc STM32F103C6_drivers/lcd_driver/lcd.o
 .group         0x0000000000000000        0xc STM32F103C6_drivers/lcd_driver/lcd.o
 .group         0x0000000000000000        0xc STM32F103C6_drivers/lcd_driver/lcd.o
 .group         0x0000000000000000        0xc STM32F103C6_drivers/lcd_driver/lcd.o
 .group         0x0000000000000000        0xc STM32F103C6_drivers/lcd_driver/lcd.o
 .group         0x0000000000000000        0xc STM32F103C6_drivers/lcd_driver/lcd.o
 .text          0x0000000000000000        0x0 STM32F103C6_drivers/lcd_driver/lcd.o
 .data          0x0000000000000000        0x0 STM32F103C6_drivers/lcd_driver/lcd.o
 .bss           0x0000000000000000        0x0 STM32F103C6_drivers/lcd_driver/lcd.o
 .text.LCD_isBusy
                0x0000000000000000       0xd8 STM32F103C6_drivers/lcd_driver/lcd.o
 .debug_macro   0x0000000000000000      0xa60 STM32F103C6_drivers/lcd_driver/lcd.o
 .debug_macro   0x0000000000000000       0x18 STM32F103C6_drivers/lcd_driver/lcd.o
 .debug_macro   0x0000000000000000       0x22 STM32F103C6_drivers/lcd_driver/lcd.o
 .debug_macro   0x0000000000000000       0x40 STM32F103C6_drivers/lcd_driver/lcd.o
 .debug_macro   0x0000000000000000       0x94 STM32F103C6_drivers/lcd_driver/lcd.o
 .debug_macro   0x0000000000000000       0x3c STM32F103C6_drivers/lcd_driver/lcd.o
 .debug_macro   0x0000000000000000       0x34 STM32F103C6_drivers/lcd_driver/lcd.o
 .debug_macro   0x0000000000000000       0x16 STM32F103C6_drivers/lcd_driver/lcd.o
 .debug_macro   0x0000000000000000      0x10e STM32F103C6_drivers/lcd_driver/lcd.o
 .debug_macro   0x0000000000000000       0x8d STM32F103C6_drivers/lcd_driver/lcd.o
 .debug_macro   0x0000000000000000       0x57 STM32F103C6_drivers/lcd_driver/lcd.o
 .debug_macro   0x0000000000000000       0x52 STM32F103C6_drivers/lcd_driver/lcd.o
 .debug_macro   0x0000000000000000       0x1f STM32F103C6_drivers/lcd_driver/lcd.o
 .debug_macro   0x0000000000000000       0x43 STM32F103C6_drivers/lcd_driver/lcd.o
 .debug_macro   0x0000000000000000       0x20 STM32F103C6_drivers/lcd_driver/lcd.o
 .debug_macro   0x0000000000000000      0x1a3 STM32F103C6_drivers/lcd_driver/lcd.o
 .debug_macro   0x0000000000000000      0x330 STM32F103C6_drivers/lcd_driver/lcd.o
 .debug_macro   0x0000000000000000       0x16 STM32F103C6_drivers/lcd_driver/lcd.o
 .debug_macro   0x0000000000000000       0x29 STM32F103C6_drivers/lcd_driver/lcd.o
 .debug_macro   0x0000000000000000       0xef STM32F103C6_drivers/lcd_driver/lcd.o
 .debug_macro   0x0000000000000000       0x6a STM32F103C6_drivers/lcd_driver/lcd.o
 .debug_macro   0x0000000000000000      0x1df STM32F103C6_drivers/lcd_driver/lcd.o
 .debug_macro   0x0000000000000000       0xce STM32F103C6_drivers/lcd_driver/lcd.o
 .debug_macro   0x0000000000000000       0xd0 STM32F103C6_drivers/lcd_driver/lcd.o
 .group         0x0000000000000000        0xc Src/main.o
 .group         0x0000000000000000        0xc Src/main.o
 .group         0x0000000000000000        0xc Src/main.o
 .group         0x0000000000000000        0xc Src/main.o
 .group         0x0000000000000000        0xc Src/main.o
 .group         0x0000000000000000        0xc Src/main.o
 .group         0x0000000000000000        0xc Src/main.o
 .group         0x0000000000000000        0xc Src/main.o
 .group         0x0000000000000000        0xc Src/main.o
 .group         0x0000000000000000        0xc Src/main.o
 .group         0x0000000000000000        0xc Src/main.o
 .group         0x0000000000000000        0xc Src/main.o
 .group         0x0000000000000000        0xc Src/main.o
 .group         0x0000000000000000        0xc Src/main.o
 .group         0x0000000000000000        0xc Src/main.o
 .group         0x0000000000000000        0xc Src/main.o
 .group         0x0000000000000000        0xc Src/main.o
 .group         0x0000000000000000        0xc Src/main.o
 .group         0x0000000000000000        0xc Src/main.o
 .group         0x0000000000000000        0xc Src/main.o
 .group         0x0000000000000000        0xc Src/main.o
 .group         0x0000000000000000        0xc Src/main.o
 .group         0x0000000000000000        0xc Src/main.o
 .group         0x0000000000000000        0xc Src/main.o
 .group         0x0000000000000000        0xc Src/main.o
 .group         0x0000000000000000        0xc Src/main.o
 .text          0x0000000000000000        0x0 Src/main.o
 .data          0x0000000000000000        0x0 Src/main.o
 .bss           0x0000000000000000        0x0 Src/main.o
 .debug_macro   0x0000000000000000      0xa60 Src/main.o
 .debug_macro   0x0000000000000000       0x18 Src/main.o
 .debug_macro   0x0000000000000000       0x22 Src/main.o
 .debug_macro   0x0000000000000000       0x40 Src/main.o
 .debug_macro   0x0000000000000000       0x94 Src/main.o
 .debug_macro   0x0000000000000000       0x3c Src/main.o
 .debug_macro   0x0000000000000000       0x34 Src/main.o
 .debug_macro   0x0000000000000000       0x16 Src/main.o
 .debug_macro   0x0000000000000000      0x10e Src/main.o
 .debug_macro   0x0000000000000000       0x8d Src/main.o
 .debug_macro   0x0000000000000000       0x57 Src/main.o
 .debug_macro   0x0000000000000000       0x52 Src/main.o
 .debug_macro   0x0000000000000000       0x1f Src/main.o
 .debug_macro   0x0000000000000000       0x43 Src/main.o
 .debug_macro   0x0000000000000000       0x20 Src/main.o
 .debug_macro   0x0000000000000000      0x1a3 Src/main.o
 .debug_macro   0x0000000000000000      0x330 Src/main.o
 .debug_macro   0x0000000000000000       0x16 Src/main.o
 .debug_macro   0x0000000000000000       0x29 Src/main.o
 .debug_macro   0x0000000000000000       0xef Src/main.o
 .debug_macro   0x0000000000000000       0x6a Src/main.o
 .debug_macro   0x0000000000000000      0x1df Src/main.o
 .debug_macro   0x0000000000000000       0xce Src/main.o
 .debug_macro   0x0000000000000000       0xd0 Src/main.o
 .debug_macro   0x0000000000000000       0x88 Src/main.o
 .debug_macro   0x0000000000000000       0x3a Src/main.o
 .group         0x0000000000000000        0xc Src/syscalls.o
 .group         0x0000000000000000        0xc Src/syscalls.o
 .group         0x0000000000000000        0xc Src/syscalls.o
 .group         0x0000000000000000        0xc Src/syscalls.o
 .group         0x0000000000000000        0xc Src/syscalls.o
 .group         0x0000000000000000        0xc Src/syscalls.o
 .group         0x0000000000000000        0xc Src/syscalls.o
 .group         0x0000000000000000        0xc Src/syscalls.o
 .group         0x0000000000000000        0xc Src/syscalls.o
 .group         0x0000000000000000        0xc Src/syscalls.o
 .group         0x0000000000000000        0xc Src/syscalls.o
 .group         0x0000000000000000        0xc Src/syscalls.o
 .group         0x0000000000000000        0xc Src/syscalls.o
 .group         0x0000000000000000        0xc Src/syscalls.o
 .group         0x0000000000000000        0xc Src/syscalls.o
 .group         0x0000000000000000        0xc Src/syscalls.o
 .group         0x0000000000000000        0xc Src/syscalls.o
 .group         0x0000000000000000        0xc Src/syscalls.o
 .group         0x0000000000000000        0xc Src/syscalls.o
 .group         0x0000000000000000        0xc Src/syscalls.o
 .group         0x0000000000000000        0xc Src/syscalls.o
 .group         0x0000000000000000        0xc Src/syscalls.o
 .group         0x0000000000000000        0xc Src/syscalls.o
 .group         0x0000000000000000        0xc Src/syscalls.o
 .group         0x0000000000000000        0xc Src/syscalls.o
 .group         0x0000000000000000        0xc Src/syscalls.o
 .group         0x0000000000000000        0xc Src/syscalls.o
 .group         0x0000000000000000        0xc Src/syscalls.o
 .group         0x0000000000000000        0xc Src/syscalls.o
 .group         0x0000000000000000        0xc Src/syscalls.o
 .group         0x0000000000000000        0xc Src/syscalls.o
 .group         0x0000000000000000        0xc Src/syscalls.o
 .group         0x0000000000000000        0xc Src/syscalls.o
 .group         0x0000000000000000        0xc Src/syscalls.o
 .group         0x0000000000000000        0xc Src/syscalls.o
 .group         0x0000000000000000        0xc Src/syscalls.o
 .group         0x0000000000000000        0xc Src/syscalls.o
 .group         0x0000000000000000        0xc Src/syscalls.o
 .group         0x0000000000000000        0xc Src/syscalls.o
 .group         0x0000000000000000        0xc Src/syscalls.o
 .group         0x0000000000000000        0xc Src/syscalls.o
 .group         0x0000000000000000        0xc Src/syscalls.o
 .group         0x0000000000000000        0xc Src/syscalls.o
 .group         0x0000000000000000        0xc Src/syscalls.o
 .text          0x0000000000000000        0x0 Src/syscalls.o
 .data          0x0000000000000000        0x0 Src/syscalls.o
 .bss           0x0000000000000000        0x0 Src/syscalls.o
 .bss.__env     0x0000000000000000        0x4 Src/syscalls.o
 .data.environ  0x0000000000000000        0x4 Src/syscalls.o
 .text.initialise_monitor_handles
                0x0000000000000000        0xc Src/syscalls.o
 .text._getpid  0x0000000000000000        0xe Src/syscalls.o
 .text._kill    0x0000000000000000       0x20 Src/syscalls.o
 .text._exit    0x0000000000000000       0x14 Src/syscalls.o
 .text._read    0x0000000000000000       0x3a Src/syscalls.o
 .text._write   0x0000000000000000       0x38 Src/syscalls.o
 .text._close   0x0000000000000000       0x16 Src/syscalls.o
 .text._fstat   0x0000000000000000       0x1e Src/syscalls.o
 .text._isatty  0x0000000000000000       0x14 Src/syscalls.o
 .text._lseek   0x0000000000000000       0x18 Src/syscalls.o
 .text._open    0x0000000000000000       0x1a Src/syscalls.o
 .text._wait    0x0000000000000000       0x1e Src/syscalls.o
 .text._unlink  0x0000000000000000       0x1e Src/syscalls.o
 .text._times   0x0000000000000000       0x16 Src/syscalls.o
 .text._stat    0x0000000000000000       0x1e Src/syscalls.o
 .text._link    0x0000000000000000       0x20 Src/syscalls.o
 .text._fork    0x0000000000000000       0x16 Src/syscalls.o
 .text._execve  0x0000000000000000       0x22 Src/syscalls.o
 .debug_info    0x0000000000000000     0x1038 Src/syscalls.o
 .debug_abbrev  0x0000000000000000      0x254 Src/syscalls.o
 .debug_loc     0x0000000000000000      0x5b8 Src/syscalls.o
 .debug_aranges
                0x0000000000000000       0xa8 Src/syscalls.o
 .debug_ranges  0x0000000000000000       0x98 Src/syscalls.o
 .debug_macro   0x0000000000000000      0x243 Src/syscalls.o
 .debug_macro   0x0000000000000000      0xa60 Src/syscalls.o
 .debug_macro   0x0000000000000000       0x22 Src/syscalls.o
 .debug_macro   0x0000000000000000       0x40 Src/syscalls.o
 .debug_macro   0x0000000000000000       0x18 Src/syscalls.o
 .debug_macro   0x0000000000000000       0x94 Src/syscalls.o
 .debug_macro   0x0000000000000000       0x3c Src/syscalls.o
 .debug_macro   0x0000000000000000       0x34 Src/syscalls.o
 .debug_macro   0x0000000000000000       0x57 Src/syscalls.o
 .debug_macro   0x0000000000000000      0x174 Src/syscalls.o
 .debug_macro   0x0000000000000000      0x330 Src/syscalls.o
 .debug_macro   0x0000000000000000       0x52 Src/syscalls.o
 .debug_macro   0x0000000000000000       0x1f Src/syscalls.o
 .debug_macro   0x0000000000000000       0x43 Src/syscalls.o
 .debug_macro   0x0000000000000000       0x20 Src/syscalls.o
 .debug_macro   0x0000000000000000      0x1a3 Src/syscalls.o
 .debug_macro   0x0000000000000000       0x10 Src/syscalls.o
 .debug_macro   0x0000000000000000       0x35 Src/syscalls.o
 .debug_macro   0x0000000000000000       0x10 Src/syscalls.o
 .debug_macro   0x0000000000000000       0x10 Src/syscalls.o
 .debug_macro   0x0000000000000000       0x10 Src/syscalls.o
 .debug_macro   0x0000000000000000       0x6a Src/syscalls.o
 .debug_macro   0x0000000000000000       0x1c Src/syscalls.o
 .debug_macro   0x0000000000000000       0x52 Src/syscalls.o
 .debug_macro   0x0000000000000000       0x40 Src/syscalls.o
 .debug_macro   0x0000000000000000       0x10 Src/syscalls.o
 .debug_macro   0x0000000000000000       0x40 Src/syscalls.o
 .debug_macro   0x0000000000000000       0xd7 Src/syscalls.o
 .debug_macro   0x0000000000000000       0x1c Src/syscalls.o
 .debug_macro   0x0000000000000000       0x3d Src/syscalls.o
 .debug_macro   0x0000000000000000       0x35 Src/syscalls.o
 .debug_macro   0x0000000000000000      0x122 Src/syscalls.o
 .debug_macro   0x0000000000000000       0x16 Src/syscalls.o
 .debug_macro   0x0000000000000000       0x16 Src/syscalls.o
 .debug_macro   0x0000000000000000       0x29 Src/syscalls.o
 .debug_macro   0x0000000000000000       0x10 Src/syscalls.o
 .debug_macro   0x0000000000000000      0x241 Src/syscalls.o
 .debug_macro   0x0000000000000000       0x1c Src/syscalls.o
 .debug_macro   0x0000000000000000       0x10 Src/syscalls.o
 .debug_macro   0x0000000000000000       0x10 Src/syscalls.o
 .debug_macro   0x0000000000000000       0x16 Src/syscalls.o
 .debug_macro   0x0000000000000000      0x145 Src/syscalls.o
 .debug_macro   0x0000000000000000      0x189 Src/syscalls.o
 .debug_macro   0x0000000000000000       0x16 Src/syscalls.o
 .debug_macro   0x0000000000000000       0x88 Src/syscalls.o
 .debug_line    0x0000000000000000      0x739 Src/syscalls.o
 .debug_str     0x0000000000000000     0x88b2 Src/syscalls.o
 .comment       0x0000000000000000       0x7c Src/syscalls.o
 .debug_frame   0x0000000000000000      0x2ac Src/syscalls.o
 .ARM.attributes
                0x0000000000000000       0x33 Src/syscalls.o
 .group         0x0000000000000000        0xc Src/sysmem.o
 .group         0x0000000000000000        0xc Src/sysmem.o
 .group         0x0000000000000000        0xc Src/sysmem.o
 .group         0x0000000000000000        0xc Src/sysmem.o
 .group         0x0000000000000000        0xc Src/sysmem.o
 .group         0x0000000000000000        0xc Src/sysmem.o
 .group         0x0000000000000000        0xc Src/sysmem.o
 .group         0x0000000000000000        0xc Src/sysmem.o
 .group         0x0000000000000000        0xc Src/sysmem.o
 .group         0x0000000000000000        0xc Src/sysmem.o
 .group         0x0000000000000000        0xc Src/sysmem.o
 .group         0x0000000000000000        0xc Src/sysmem.o
 .group         0x0000000000000000        0xc Src/sysmem.o
 .group         0x0000000000000000        0xc Src/sysmem.o
 .group         0x0000000000000000        0xc Src/sysmem.o
 .group         0x0000000000000000        0xc Src/sysmem.o
 .group         0x0000000000000000        0xc Src/sysmem.o
 .group         0x0000000000000000        0xc Src/sysmem.o
 .group         0x0000000000000000        0xc Src/sysmem.o
 .text          0x0000000000000000        0x0 Src/sysmem.o
 .data          0x0000000000000000        0x0 Src/sysmem.o
 .bss           0x0000000000000000        0x0 Src/sysmem.o
 .bss.__sbrk_heap_end
                0x0000000000000000        0x4 Src/sysmem.o
 .text._sbrk    0x0000000000000000       0x6c Src/sysmem.o
 .debug_info    0x0000000000000000      0xa7c Src/sysmem.o
 .debug_abbrev  0x0000000000000000      0x18e Src/sysmem.o
 .debug_loc     0x0000000000000000       0x50 Src/sysmem.o
 .debug_aranges
                0x0000000000000000       0x20 Src/sysmem.o
 .debug_ranges  0x0000000000000000       0x10 Src/sysmem.o
 .debug_macro   0x0000000000000000       0xee Src/sysmem.o
 .debug_macro   0x0000000000000000      0xa60 Src/sysmem.o
 .debug_macro   0x0000000000000000       0x10 Src/sysmem.o
 .debug_macro   0x0000000000000000       0x22 Src/sysmem.o
 .debug_macro   0x0000000000000000       0x40 Src/sysmem.o
 .debug_macro   0x0000000000000000       0x18 Src/sysmem.o
 .debug_macro   0x0000000000000000       0x94 Src/sysmem.o
 .debug_macro   0x0000000000000000       0x3c Src/sysmem.o
 .debug_macro   0x0000000000000000       0x34 Src/sysmem.o
 .debug_macro   0x0000000000000000      0x174 Src/sysmem.o
 .debug_macro   0x0000000000000000       0x57 Src/sysmem.o
 .debug_macro   0x0000000000000000       0x52 Src/sysmem.o
 .debug_macro   0x0000000000000000       0x1f Src/sysmem.o
 .debug_macro   0x0000000000000000       0x43 Src/sysmem.o
 .debug_macro   0x0000000000000000       0x20 Src/sysmem.o
 .debug_macro   0x0000000000000000      0x1a3 Src/sysmem.o
 .debug_macro   0x0000000000000000      0x23b Src/sysmem.o
 .debug_macro   0x0000000000000000       0xef Src/sysmem.o
 .debug_macro   0x0000000000000000       0x6a Src/sysmem.o
 .debug_macro   0x0000000000000000      0x1df Src/sysmem.o
 .debug_line    0x0000000000000000      0x4c2 Src/sysmem.o
 .debug_str     0x0000000000000000     0x5f80 Src/sysmem.o
 .comment       0x0000000000000000       0x7c Src/sysmem.o
 .debug_frame   0x0000000000000000       0x34 Src/sysmem.o
 .ARM.attributes
                0x0000000000000000       0x33 Src/sysmem.o
 .text          0x0000000000000000       0x14 Startup/startup_stm32f103c6tx.o
 .data          0x0000000000000000        0x0 Startup/startup_stm32f103c6tx.o
 .bss           0x0000000000000000        0x0 Startup/startup_stm32f103c6tx.o
 .text          0x0000000000000000        0x0 c:/st/stm32cubeide_1.4.0/stm32cubeide/plugins/com.st.stm32cube.ide.mcu.externaltools.gnu-tools-for-stm32.7-2018-q2-update.win32_1.4.0.202007081208/tools/bin/../lib/gcc/arm-none-eabi/7.3.1/../../../../arm-none-eabi/lib/thumb/v7-m\libc_nano.a(lib_a-errno.o)
 .data          0x0000000000000000        0x0 c:/st/stm32cubeide_1.4.0/stm32cubeide/plugins/com.st.stm32cube.ide.mcu.externaltools.gnu-tools-for-stm32.7-2018-q2-update.win32_1.4.0.202007081208/tools/bin/../lib/gcc/arm-none-eabi/7.3.1/../../../../arm-none-eabi/lib/thumb/v7-m\libc_nano.a(lib_a-errno.o)
 .bss           0x0000000000000000        0x0 c:/st/stm32cubeide_1.4.0/stm32cubeide/plugins/com.st.stm32cube.ide.mcu.externaltools.gnu-tools-for-stm32.7-2018-q2-update.win32_1.4.0.202007081208/tools/bin/../lib/gcc/arm-none-eabi/7.3.1/../../../../arm-none-eabi/lib/thumb/v7-m\libc_nano.a(lib_a-errno.o)
 .text.__errno  0x0000000000000000        0xc c:/st/stm32cubeide_1.4.0/stm32cubeide/plugins/com.st.stm32cube.ide.mcu.externaltools.gnu-tools-for-stm32.7-2018-q2-update.win32_1.4.0.202007081208/tools/bin/../lib/gcc/arm-none-eabi/7.3.1/../../../../arm-none-eabi/lib/thumb/v7-m\libc_nano.a(lib_a-errno.o)
 .debug_frame   0x0000000000000000       0x20 c:/st/stm32cubeide_1.4.0/stm32cubeide/plugins/com.st.stm32cube.ide.mcu.externaltools.gnu-tools-for-stm32.7-2018-q2-update.win32_1.4.0.202007081208/tools/bin/../lib/gcc/arm-none-eabi/7.3.1/../../../../arm-none-eabi/lib/thumb/v7-m\libc_nano.a(lib_a-errno.o)
 .ARM.attributes
                0x0000000000000000       0x2d c:/st/stm32cubeide_1.4.0/stm32cubeide/plugins/com.st.stm32cube.ide.mcu.externaltools.gnu-tools-for-stm32.7-2018-q2-update.win32_1.4.0.202007081208/tools/bin/../lib/gcc/arm-none-eabi/7.3.1/../../../../arm-none-eabi/lib/thumb/v7-m\libc_nano.a(lib_a-errno.o)
 .text          0x0000000000000000        0x0 c:/st/stm32cubeide_1.4.0/stm32cubeide/plugins/com.st.stm32cube.ide.mcu.externaltools.gnu-tools-for-stm32.7-2018-q2-update.win32_1.4.0.202007081208/tools/bin/../lib/gcc/arm-none-eabi/7.3.1/../../../../arm-none-eabi/lib/thumb/v7-m\libc_nano.a(lib_a-exit.o)
 .data          0x0000000000000000        0x0 c:/st/stm32cubeide_1.4.0/stm32cubeide/plugins/com.st.stm32cube.ide.mcu.externaltools.gnu-tools-for-stm32.7-2018-q2-update.win32_1.4.0.202007081208/tools/bin/../lib/gcc/arm-none-eabi/7.3.1/../../../../arm-none-eabi/lib/thumb/v7-m\libc_nano.a(lib_a-exit.o)
 .bss           0x0000000000000000        0x0 c:/st/stm32cubeide_1.4.0/stm32cubeide/plugins/com.st.stm32cube.ide.mcu.externaltools.gnu-tools-for-stm32.7-2018-q2-update.win32_1.4.0.202007081208/tools/bin/../lib/gcc/arm-none-eabi/7.3.1/../../../../arm-none-eabi/lib/thumb/v7-m\libc_nano.a(lib_a-exit.o)
 .text.exit     0x0000000000000000       0x28 c:/st/stm32cubeide_1.4.0/stm32cubeide/plugins/com.st.stm32cube.ide.mcu.externaltools.gnu-tools-for-stm32.7-2018-q2-update.win32_1.4.0.202007081208/tools/bin/../lib/gcc/arm-none-eabi/7.3.1/../../../../arm-none-eabi/lib/thumb/v7-m\libc_nano.a(lib_a-exit.o)
 .debug_frame   0x0000000000000000       0x28 c:/st/stm32cubeide_1.4.0/stm32cubeide/plugins/com.st.stm32cube.ide.mcu.externaltools.gnu-tools-for-stm32.7-2018-q2-update.win32_1.4.0.202007081208/tools/bin/../lib/gcc/arm-none-eabi/7.3.1/../../../../arm-none-eabi/lib/thumb/v7-m\libc_nano.a(lib_a-exit.o)
 .ARM.attributes
                0x0000000000000000       0x2d c:/st/stm32cubeide_1.4.0/stm32cubeide/plugins/com.st.stm32cube.ide.mcu.externaltools.gnu-tools-for-stm32.7-2018-q2-update.win32_1.4.0.202007081208/tools/bin/../lib/gcc/arm-none-eabi/7.3.1/../../../../arm-none-eabi/lib/thumb/v7-m\libc_nano.a(lib_a-exit.o)
 .text          0x0000000000000000        0x0 c:/st/stm32cubeide_1.4.0/stm32cubeide/plugins/com.st.stm32cube.ide.mcu.externaltools.gnu-tools-for-stm32.7-2018-q2-update.win32_1.4.0.202007081208/tools/bin/../lib/gcc/arm-none-eabi/7.3.1/../../../../arm-none-eabi/lib/thumb/v7-m\libc_nano.a(lib_a-impure.o)
 .data          0x0000000000000000        0x0 c:/st/stm32cubeide_1.4.0/stm32cubeide/plugins/com.st.stm32cube.ide.mcu.externaltools.gnu-tools-for-stm32.7-2018-q2-update.win32_1.4.0.202007081208/tools/bin/../lib/gcc/arm-none-eabi/7.3.1/../../../../arm-none-eabi/lib/thumb/v7-m\libc_nano.a(lib_a-impure.o)
 .bss           0x0000000000000000        0x0 c:/st/stm32cubeide_1.4.0/stm32cubeide/plugins/com.st.stm32cube.ide.mcu.externaltools.gnu-tools-for-stm32.7-2018-q2-update.win32_1.4.0.202007081208/tools/bin/../lib/gcc/arm-none-eabi/7.3.1/../../../../arm-none-eabi/lib/thumb/v7-m\libc_nano.a(lib_a-impure.o)
 .data._impure_ptr
                0x0000000000000000        0x4 c:/st/stm32cubeide_1.4.0/stm32cubeide/plugins/com.st.stm32cube.ide.mcu.externaltools.gnu-tools-for-stm32.7-2018-q2-update.win32_1.4.0.202007081208/tools/bin/../lib/gcc/arm-none-eabi/7.3.1/../../../../arm-none-eabi/lib/thumb/v7-m\libc_nano.a(lib_a-impure.o)
 .data.impure_data
                0x0000000000000000       0x60 c:/st/stm32cubeide_1.4.0/stm32cubeide/plugins/com.st.stm32cube.ide.mcu.externaltools.gnu-tools-for-stm32.7-2018-q2-update.win32_1.4.0.202007081208/tools/bin/../lib/gcc/arm-none-eabi/7.3.1/../../../../arm-none-eabi/lib/thumb/v7-m\libc_nano.a(lib_a-impure.o)
 .rodata._global_impure_ptr
                0x0000000000000000        0x4 c:/st/stm32cubeide_1.4.0/stm32cubeide/plugins/com.st.stm32cube.ide.mcu.externaltools.gnu-tools-for-stm32.7-2018-q2-update.win32_1.4.0.202007081208/tools/bin/../lib/gcc/arm-none-eabi/7.3.1/../../../../arm-none-eabi/lib/thumb/v7-m\libc_nano.a(lib_a-impure.o)
 .ARM.attributes
                0x0000000000000000       0x2d c:/st/stm32cubeide_1.4.0/stm32cubeide/plugins/com.st.stm32cube.ide.mcu.externaltools.gnu-tools-for-stm32.7-2018-q2-update.win32_1.4.0.202007081208/tools/bin/../lib/gcc/arm-none-eabi/7.3.1/../../../../arm-none-eabi/lib/thumb/v7-m\libc_nano.a(lib_a-impure.o)
 .text          0x0000000000000000        0x0 c:/st/stm32cubeide_1.4.0/stm32cubeide/plugins/com.st.stm32cube.ide.mcu.externaltools.gnu-tools-for-stm32.7-2018-q2-update.win32_1.4.0.202007081208/tools/bin/../lib/gcc/arm-none-eabi/7.3.1/../../../../arm-none-eabi/lib/thumb/v7-m\libc_nano.a(lib_a-init.o)
 .data          0x0000000000000000        0x0 c:/st/stm32cubeide_1.4.0/stm32cubeide/plugins/com.st.stm32cube.ide.mcu.externaltools.gnu-tools-for-stm32.7-2018-q2-update.win32_1.4.0.202007081208/tools/bin/../lib/gcc/arm-none-eabi/7.3.1/../../../../arm-none-eabi/lib/thumb/v7-m\libc_nano.a(lib_a-init.o)
 .bss           0x0000000000000000        0x0 c:/st/stm32cubeide_1.4.0/stm32cubeide/plugins/com.st.stm32cube.ide.mcu.externaltools.gnu-tools-for-stm32.7-2018-q2-update.win32_1.4.0.202007081208/tools/bin/../lib/gcc/arm-none-eabi/7.3.1/../../../../arm-none-eabi/lib/thumb/v7-m\libc_nano.a(lib_a-init.o)
 .text          0x0000000000000000        0x0 c:/st/stm32cubeide_1.4.0/stm32cubeide/plugins/com.st.stm32cube.ide.mcu.externaltools.gnu-tools-for-stm32.7-2018-q2-update.win32_1.4.0.202007081208/tools/bin/../lib/gcc/arm-none-eabi/7.3.1/../../../../arm-none-eabi/lib/thumb/v7-m\libc_nano.a(lib_a-memset.o)
 .data          0x0000000000000000        0x0 c:/st/stm32cubeide_1.4.0/stm32cubeide/plugins/com.st.stm32cube.ide.mcu.externaltools.gnu-tools-for-stm32.7-2018-q2-update.win32_1.4.0.202007081208/tools/bin/../lib/gcc/arm-none-eabi/7.3.1/../../../../arm-none-eabi/lib/thumb/v7-m\libc_nano.a(lib_a-memset.o)
 .bss           0x0000000000000000        0x0 c:/st/stm32cubeide_1.4.0/stm32cubeide/plugins/com.st.stm32cube.ide.mcu.externaltools.gnu-tools-for-stm32.7-2018-q2-update.win32_1.4.0.202007081208/tools/bin/../lib/gcc/arm-none-eabi/7.3.1/../../../../arm-none-eabi/lib/thumb/v7-m\libc_nano.a(lib_a-memset.o)
 .text.memset   0x0000000000000000       0x10 c:/st/stm32cubeide_1.4.0/stm32cubeide/plugins/com.st.stm32cube.ide.mcu.externaltools.gnu-tools-for-stm32.7-2018-q2-update.win32_1.4.0.202007081208/tools/bin/../lib/gcc/arm-none-eabi/7.3.1/../../../../arm-none-eabi/lib/thumb/v7-m\libc_nano.a(lib_a-memset.o)
 .debug_frame   0x0000000000000000       0x20 c:/st/stm32cubeide_1.4.0/stm32cubeide/plugins/com.st.stm32cube.ide.mcu.externaltools.gnu-tools-for-stm32.7-2018-q2-update.win32_1.4.0.202007081208/tools/bin/../lib/gcc/arm-none-eabi/7.3.1/../../../../arm-none-eabi/lib/thumb/v7-m\libc_nano.a(lib_a-memset.o)
 .ARM.attributes
                0x0000000000000000       0x2d c:/st/stm32cubeide_1.4.0/stm32cubeide/plugins/com.st.stm32cube.ide.mcu.externaltools.gnu-tools-for-stm32.7-2018-q2-update.win32_1.4.0.202007081208/tools/bin/../lib/gcc/arm-none-eabi/7.3.1/../../../../arm-none-eabi/lib/thumb/v7-m\libc_nano.a(lib_a-memset.o)
 .text          0x0000000000000000        0x0 c:/st/stm32cubeide_1.4.0/stm32cubeide/plugins/com.st.stm32cube.ide.mcu.externaltools.gnu-tools-for-stm32.7-2018-q2-update.win32_1.4.0.202007081208/tools/bin/../lib/gcc/arm-none-eabi/7.3.1/thumb/v7-m/crtend.o
 .data          0x0000000000000000        0x0 c:/st/stm32cubeide_1.4.0/stm32cubeide/plugins/com.st.stm32cube.ide.mcu.externaltools.gnu-tools-for-stm32.7-2018-q2-update.win32_1.4.0.202007081208/tools/bin/../lib/gcc/arm-none-eabi/7.3.1/thumb/v7-m/crtend.o
 .bss           0x0000000000000000        0x0 c:/st/stm32cubeide_1.4.0/stm32cubeide/plugins/com.st.stm32cube.ide.mcu.externaltools.gnu-tools-for-stm32.7-2018-q2-update.win32_1.4.0.202007081208/tools/bin/../lib/gcc/arm-none-eabi/7.3.1/thumb/v7-m/crtend.o
 .eh_frame      0x0000000000000000        0x4 c:/st/stm32cubeide_1.4.0/stm32cubeide/plugins/com.st.stm32cube.ide.mcu.externaltools.gnu-tools-for-stm32.7-2018-q2-update.win32_1.4.0.202007081208/tools/bin/../lib/gcc/arm-none-eabi/7.3.1/thumb/v7-m/crtend.o
 .ARM.attributes
                0x0000000000000000       0x2d c:/st/stm32cubeide_1.4.0/stm32cubeide/plugins/com.st.stm32cube.ide.mcu.externaltools.gnu-tools-for-stm32.7-2018-q2-update.win32_1.4.0.202007081208/tools/bin/../lib/gcc/arm-none-eabi/7.3.1/thumb/v7-m/crtend.o
 .text          0x0000000000000000        0x0 c:/st/stm32cubeide_1.4.0/stm32cubeide/plugins/com.st.stm32cube.ide.mcu.externaltools.gnu-tools-for-stm32.7-2018-q2-update.win32_1.4.0.202007081208/tools/bin/../lib/gcc/arm-none-eabi/7.3.1/thumb/v7-m/crtn.o
 .data          0x0000000000000000        0x0 c:/st/stm32cubeide_1.4.0/stm32cubeide/plugins/com.st.stm32cube.ide.mcu.externaltools.gnu-tools-for-stm32.7-2018-q2-update.win32_1.4.0.202007081208/tools/bin/../lib/gcc/arm-none-eabi/7.3.1/thumb/v7-m/crtn.o
 .bss           0x0000000000000000        0x0 c:/st/stm32cubeide_1.4.0/stm32cubeide/plugins/com.st.stm32cube.ide.mcu.externaltools.gnu-tools-for-stm32.7-2018-q2-update.win32_1.4.0.202007081208/tools/bin/../lib/gcc/arm-none-eabi/7.3.1/thumb/v7-m/crtn.o

Memory Configuration

Name             Origin             Length             Attributes
RAM              0x0000000020000000 0x0000000000002800 xrw
ROM              0x0000000008000000 0x0000000000008000 xr
*default*        0x0000000000000000 0xffffffffffffffff

Linker script and memory map

LOAD c:/st/stm32cubeide_1.4.0/stm32cubeide/plugins/com.st.stm32cube.ide.mcu.externaltools.gnu-tools-for-stm32.7-2018-q2-update.win32_1.4.0.202007081208/tools/bin/../lib/gcc/arm-none-eabi/7.3.1/thumb/v7-m/crti.o
LOAD c:/st/stm32cubeide_1.4.0/stm32cubeide/plugins/com.st.stm32cube.ide.mcu.externaltools.gnu-tools-for-stm32.7-2018-q2-update.win32_1.4.0.202007081208/tools/bin/../lib/gcc/arm-none-eabi/7.3.1/thumb/v7-m/crtbegin.o
LOAD c:/st/stm32cubeide_1.4.0/stm32cubeide/plugins/com.st.stm32cube.ide.mcu.externaltools.gnu-tools-for-stm32.7-2018-q2-update.win32_1.4.0.202007081208/tools/bin/../lib/gcc/arm-none-eabi/7.3.1/../../../../arm-none-eabi/lib/thumb/v7-m/crt0.o
LOAD STM32F103C6_drivers/gpio_driver/STM32F103C6_gpio_driver.o
LOAD STM32F103C6_drivers/keypad_driver/keypad.o
LOAD STM32F103C6_drivers/lcd_driver/lcd.o
LOAD Src/main.o
LOAD Src/syscalls.o
LOAD Src/sysmem.o
LOAD Startup/startup_stm32f103c6tx.o
START GROUP
LOAD c:/st/stm32cubeide_1.4.0/stm32cubeide/plugins/com.st.stm32cube.ide.mcu.externaltools.gnu-tools-for-stm32.7-2018-q2-update.win32_1.4.0.202007081208/tools/bin/../lib/gcc/arm-none-eabi/7.3.1/../../../../arm-none-eabi/lib/thumb/v7-m\libc_nano.a
LOAD c:/st/stm32cubeide_1.4.0/stm32cubeide/plugins/com.st.stm32cube.ide.mcu.externaltools.gnu-tools-for-stm32.7-2018-q2-update.win32_1.4.0.202007081208/tools/bin/../lib/gcc/arm-none-eabi/7.3.1/../../../../arm-none-eabi/lib/thumb/v7-m\libm.a
END GROUP
START GROUP
LOAD c:/st/stm32cubeide_1.4.0/stm32cubeide/plugins/com.st.stm32cube.ide.mcu.externaltools.gnu-tools-for-stm32.7-2018-q2-update.win32_1.4.0.202007081208/tools/bin/../lib/gcc/arm-none-eabi/7.3.1/thumb/v7-m\libgcc.a
LOAD c:/st/stm32cubeide_1.4.0/stm32cubeide/plugins/com.st.stm32cube.ide.mcu.externaltools.gnu-tools-for-stm32.7-2018-q2-update.win32_1.4.0.202007081208/tools/bin/../lib/gcc/arm-none-eabi/7.3.1/../../../../arm-none-eabi/lib/thumb/v7-m\libg_nano.a
LOAD c:/st/stm32cubeide_1.4.0/stm32cubeide/plugins/com.st.stm32cube.ide.mcu.externaltools.gnu-tools-for-stm32.7-2018-q2-update.win32_1.4.0.202007081208/tools/bin/../lib/gcc/arm-none-eabi/7.3.1/../../../../arm-none-eabi/lib/thumb/v7-m\libc_nano.a
END GROUP
START GROUP
LOAD c:/st/stm32cubeide_1.4.0/stm32cubeide/plugins/com.st.stm32cube.ide.mcu.externaltools.gnu-tools-for-stm32.7-2018-q2-update.win32_1.4.0.202007081208/tools/bin/../lib/gcc/arm-none-eabi/7.3.1/thumb/v7-m\libgcc.a
LOAD c:/st/stm32cubeide_1.4.0/stm32cubeide/plugins/com.st.stm32cube.ide.mcu.externaltools.gnu-tools-for-stm32.7-2018-q2-update.win32_1.4.0.202007081208/tools/bin/../lib/gcc/arm-none-eabi/7.3.1/../../../../arm-none-eabi/lib/thumb/v7-m\libc_nano.a
LOAD c:/st/stm32cubeide_1.4.0/stm32cubeide/plugins/com.st.stm32cube.ide.mcu.externaltools.gnu-tools-for-stm32.7-2018-q2-update.win32_1.4.0.202007081208/tools/bin/../lib/gcc/arm-none-eabi/7.3.1/../../../../arm-none-eabi/lib/thumb/v7-m\libnosys.a
END GROUP
START GROUP
LOAD c:/st/stm32cubeide_1.4.0/stm32cubeide/plugins/com.st.stm32cube.ide.mcu.externaltools.gnu-tools-for-stm32.7-2018-q2-update.win32_1.4.0.202007081208/tools/bin/../lib/gcc/arm-none-eabi/7.3.1/thumb/v7-m\libgcc.a
LOAD c:/st/stm32cubeide_1.4.0/stm32cubeide/plugins/com.st.stm32cube.ide.mcu.externaltools.gnu-tools-for-stm32.7-2018-q2-update.win32_1.4.0.202007081208/tools/bin/../lib/gcc/arm-none-eabi/7.3.1/../../../../arm-none-eabi/lib/thumb/v7-m\libc_nano.a
LOAD c:/st/stm32cubeide_1.4.0/stm32cubeide/plugins/com.st.stm32cube.ide.mcu.externaltools.gnu-tools-for-stm32.7-2018-q2-update.win32_1.4.0.202007081208/tools/bin/../lib/gcc/arm-none-eabi/7.3.1/../../../../arm-none-eabi/lib/thumb/v7-m\libnosys.a
END GROUP
LOAD c:/st/stm32cubeide_1.4.0/stm32cubeide/plugins/com.st.stm32cube.ide.mcu.externaltools.gnu-tools-for-stm32.7-2018-q2-update.win32_1.4.0.202007081208/tools/bin/../lib/gcc/arm-none-eabi/7.3.1/thumb/v7-m/crtend.o
LOAD c:/st/stm32cubeide_1.4.0/stm32cubeide/plugins/com.st.stm32cube.ide.mcu.externaltools.gnu-tools-for-stm32.7-2018-q2-update.win32_1.4.0.202007081208/tools/bin/../lib/gcc/arm-none-eabi/7.3.1/thumb/v7-m/crtn.o
                0x0000000020002800                _estack = (ORIGIN (RAM) + LENGTH (RAM))
                0x0000000000000200                _Min_Heap_Size = 0x200
                0x0000000000000400                _Min_Stack_Size = 0x400

.isr_vector     0x0000000008000000      0x130
                0x0000000008000000                . = ALIGN (0x4)
 *(.isr_vector)
 .isr_vector    0x0000000008000000      0x130 Startup/startup_stm32f103c6tx.o
                0x0000000008000000                g_pfnVectors
                0x0000000008000130                . = ALIGN (0x4)

.text           0x0000000008000130      0xb00
                0x0000000008000130                . = ALIGN (0x4)
 *(.text)
 .text          0x0000000008000130       0x40 c:/st/stm32cubeide_1.4.0/stm32cubeide/plugins/com.st.stm32cube.ide.mcu.externaltools.gnu-tools-for-stm32.7-2018-q2-update.win32_1.4.0.202007081208/tools/bin/../lib/gcc/arm-none-eabi/7.3.1/thumb/v7-m/crtbegin.o
 *(.text*)
 .text.GPIO_CRLH_PIN_POSITION
                0x0000000008000170       0xc6 STM32F103C6_drivers/gpio_driver/STM32F103C6_gpio_driver.o
                0x0000000008000170                GPIO_CRLH_PIN_POSITION
 .text.MCAL_GPIO_init
                0x0000000008000236      0x12a STM32F103C6_drivers/gpio_driver/STM32F103C6_gpio_driver.o
                0x0000000008000236                MCAL_GPIO_init
 .text.MCAL_GPIO_Write_Port
                0x0000000008000360       0x1c STM32F103C6_drivers/gpio_driver/STM32F103C6_gpio_driver.o
                0x0000000008000360                MCAL_GPIO_Write_Port
 .text.MCAL_GPIO_Write_Pin
                0x000000000800037c       0x2e STM32F103C6_drivers/gpio_driver/STM32F103C6_gpio_driver.o
                0x000000000800037c                MCAL_GPIO_Write_Pin
 .text.MCAL_GPIO_Read_Pin
                0x00000000080003aa       0x24 STM32F103C6_drivers/gpio_driver/STM32F103C6_gpio_driver.o
                0x00000000080003aa                MCAL_GPIO_Read_Pin
 *fill*         0x00000000080003ce        0x2 
 .text.KEYPAD_init
                0x00000000080003d0       0xec STM32F103C6_drivers/keypad_driver/keypad.o
                0x00000000080003d0                KEYPAD_init
 .text.KEYPAD_getKey
                0x00000000080004bc      0x194 STM32F103C6_drivers/keypad_driver/keypad.o
                0x00000000080004bc                KEYPAD_getKey
 .text.wait_ms  0x0000000008000650       0x38 STM32F103C6_drivers/lcd_driver/lcd.o
                0x0000000008000650                wait_ms
 .text.LCD_tick
                0x0000000008000688       0x30 STM32F103C6_drivers/lcd_driver/lcd.o
                0x0000000008000688                LCD_tick
 .text.LCD_GPIO_init
                0x00000000080006b8      0x158 STM32F103C6_drivers/lcd_driver/lcd.o
                0x00000000080006b8                LCD_GPIO_init
 .text.LCD_init
                0x0000000008000810       0x34 STM32F103C6_drivers/lcd_driver/lcd.o
                0x0000000008000810                LCD_init
 .text.LCD_sendCommand
                0x0000000008000844       0x44 STM32F103C6_drivers/lcd_driver/lcd.o
                0x0000000008000844                LCD_sendCommand
 .text.LCD_displayCharacter
                0x0000000008000888       0x44 STM32F103C6_drivers/lcd_driver/lcd.o
                0x0000000008000888                LCD_displayCharacter
 .text.LCD_displayString
                0x00000000080008cc       0x58 STM32F103C6_drivers/lcd_driver/lcd.o
                0x00000000080008cc                LCD_displayString
 .text.LCD_moveRowColumn
                0x0000000008000924       0x48 STM32F103C6_drivers/lcd_driver/lcd.o
                0x0000000008000924                LCD_moveRowColumn
 .text.LCD_clearScreen
                0x000000000800096c        0xe STM32F103C6_drivers/lcd_driver/lcd.o
                0x000000000800096c                LCD_clearScreen
 *fill*         0x000000000800097a        0x2 
 .text.clock_init
                0x000000000800097c       0x28 Src/main.o
                0x000000000800097c                clock_init
 .text.GPIO_init
                0x00000000080009a4       0xd4 Src/main.o
                0x00000000080009a4                GPIO_init
 .text.wait_mss
                0x0000000008000a78       0x38 Src/main.o
                0x0000000008000a78                wait_mss
 .text.main     0x0000000008000ab0       0xcc Src/main.o
                0x0000000008000ab0                main
 .text.Reset_Handler
                0x0000000008000b7c       0x50 Startup/startup_stm32f103c6tx.o
                0x0000000008000b7c                Reset_Handler
 .text.Default_Handler
                0x0000000008000bcc        0x2 Startup/startup_stm32f103c6tx.o
                0x0000000008000bcc                EXTI2_IRQHandler
                0x0000000008000bcc                TIM8_TRG_COM_IRQHandler
                0x0000000008000bcc                TIM8_CC_IRQHandler
                0x0000000008000bcc                DebugMon_Handler
                0x0000000008000bcc                TIM1_CC_IRQHandler
                0x0000000008000bcc                HardFault_Handler
                0x0000000008000bcc                TIM6_IRQHandler
                0x0000000008000bcc                SysTick_Handler
                0x0000000008000bcc                PVD_IRQHandler
                0x0000000008000bcc                SDIO_IRQHandler
                0x0000000008000bcc                PendSV_Handler
                0x0000000008000bcc                NMI_Handler
                0x0000000008000bcc                EXTI3_IRQHandler
                0x0000000008000bcc                USB_HP_CAN_TX_IRQHandler
                0x0000000008000bcc                EXTI0_IRQHandler
                0x0000000008000bcc                I2C2_EV_IRQHandler
                0x0000000008000bcc                UsageFault_Handler
                0x0000000008000bcc                ADC1_2_IRQHandler
                0x0000000008000bcc                SPI1_IRQHandler
                0x0000000008000bcc                CAN_SCE_IRQHandler
                0x0000000008000bcc                TAMPER_IRQHandler
                0x0000000008000bcc                TIM8_UP_IRQHandler
                0x0000000008000bcc                DMA2_Channel2_IRQHandler
                0x0000000008000bcc                DMA1_Channel4_IRQHandler
                0x0000000008000bcc                USART3_IRQHandler
                0x0000000008000bcc                RTC_IRQHandler
                0x0000000008000bcc                DMA1_Channel7_IRQHandler
                0x0000000008000bcc                UART5_IRQHandler
                0x0000000008000bcc                ADC3_IRQHandler
                0x0000000008000bcc                TIM4_IRQHandler
                0x0000000008000bcc                CAN_RX1_IRQHandler
                0x0000000008000bcc                DMA2_Channel1_IRQHandler
                0x0000000008000bcc                I2C1_EV_IRQHandler
                0x0000000008000bcc                DMA1_Channel6_IRQHandler
                0x0000000008000bcc                UART4_IRQHandler
                0x0000000008000bcc                TIM3_IRQHandler
                0x0000000008000bcc                RCC_IRQHandler
                0x0000000008000bcc                TIM1_TRG_COM_IRQHandler
                0x0000000008000bcc                DMA1_Channel1_IRQHandler
                0x0000000008000bcc                Default_Handler
                0x0000000008000bcc                EXTI15_10_IRQHandler
                0x0000000008000bcc                TIM7_IRQHandler
                0x0000000008000bcc                TIM5_IRQHandler
                0x0000000008000bcc                EXTI9_5_IRQHandler
                0x0000000008000bcc                SPI2_IRQHandler
                0x0000000008000bcc                USB_LP_CAN_RX0_IRQHandler
                0x0000000008000bcc                MemManage_Handler
                0x0000000008000bcc                SVC_Handler
                0x0000000008000bcc                DMA1_Channel5_IRQHandler
                0x0000000008000bcc                EXTI4_IRQHandler
                0x0000000008000bcc                DMA1_Channel3_IRQHandler
                0x0000000008000bcc                FSMC_IRQHandler
                0x0000000008000bcc                TIM1_UP_IRQHandler
                0x0000000008000bcc                WWDG_IRQHandler
                0x0000000008000bcc                TIM2_IRQHandler
                0x0000000008000bcc                TIM1_BRK_IRQHandler
                0x0000000008000bcc                EXTI1_IRQHandler
                0x0000000008000bcc                RTCAlarm_IRQHandler
                0x0000000008000bcc                DMA2_Channel4_5_IRQHandler
                0x0000000008000bcc                USART2_IRQHandler
                0x0000000008000bcc                I2C2_ER_IRQHandler
                0x0000000008000bcc                DMA1_Channel2_IRQHandler
                0x0000000008000bcc                TIM8_BRK_IRQHandler
                0x0000000008000bcc                FLASH_IRQHandler
                0x0000000008000bcc                BusFault_Handler
                0x0000000008000bcc                USART1_IRQHandler
                0x0000000008000bcc                SPI3_IRQHandler
                0x0000000008000bcc                I2C1_ER_IRQHandler
                0x0000000008000bcc                DMA2_Channel3_IRQHandler
 *fill*         0x0000000008000bce        0x2 
 .text.__libc_init_array
                0x0000000008000bd0       0x48 c:/st/stm32cubeide_1.4.0/stm32cubeide/plugins/com.st.stm32cube.ide.mcu.externaltools.gnu-tools-for-stm32.7-2018-q2-update.win32_1.4.0.202007081208/tools/bin/../lib/gcc/arm-none-eabi/7.3.1/../../../../arm-none-eabi/lib/thumb/v7-m\libc_nano.a(lib_a-init.o)
                0x0000000008000bd0                __libc_init_array
 *(.glue_7)
 .glue_7        0x0000000008000c18        0x0 linker stubs
 *(.glue_7t)
 .glue_7t       0x0000000008000c18        0x0 linker stubs
 *(.eh_frame)
 .eh_frame      0x0000000008000c18        0x0 c:/st/stm32cubeide_1.4.0/stm32cubeide/plugins/com.st.stm32cube.ide.mcu.externaltools.gnu-tools-for-stm32.7-2018-q2-update.win32_1.4.0.202007081208/tools/bin/../lib/gcc/arm-none-eabi/7.3.1/thumb/v7-m/crtbegin.o
 *(.init)
 .init          0x0000000008000c18        0x4 c:/st/stm32cubeide_1.4.0/stm32cubeide/plugins/com.st.stm32cube.ide.mcu.externaltools.gnu-tools-for-stm32.7-2018-q2-update.win32_1.4.0.202007081208/tools/bin/../lib/gcc/arm-none-eabi/7.3.1/thumb/v7-m/crti.o
                0x0000000008000c18                _init
 .init          0x0000000008000c1c        0x8 c:/st/stm32cubeide_1.4.0/stm32cubeide/plugins/com.st.stm32cube.ide.mcu.externaltools.gnu-tools-for-stm32.7-2018-q2-update.win32_1.4.0.202007081208/tools/bin/../lib/gcc/arm-none-eabi/7.3.1/thumb/v7-m/crtn.o
 *(.fini)
 .fini          0x0000000008000c24        0x4 c:/st/stm32cubeide_1.4.0/stm32cubeide/plugins/com.st.stm32cube.ide.mcu.externaltools.gnu-tools-for-stm32.7-2018-q2-update.win32_1.4.0.202007081208/tools/bin/../lib/gcc/arm-none-eabi/7.3.1/thumb/v7-m/crti.o
                0x0000000008000c24                _fini
 .fini          0x0000000008000c28        0x8 c:/st/stm32cubeide_1.4.0/stm32cubeide/plugins/com.st.stm32cube.ide.mcu.externaltools.gnu-tools-for-stm32.7-2018-q2-update.win32_1.4.0.202007081208/tools/bin/../lib/gcc/arm-none-eabi/7.3.1/thumb/v7-m/crtn.o
                0x0000000008000c30                . = ALIGN (0x4)
                0x0000000008000c30                _etext = .

.vfp11_veneer   0x0000000008000c30        0x0
 .vfp11_veneer  0x0000000008000c30        0x0 linker stubs

.v4_bx          0x0000000008000c30        0x0
 .v4_bx         0x0000000008000c30        0x0 linker stubs

.iplt           0x0000000008000c30        0x0
 .iplt          0x0000000008000c30        0x0 c:/st/stm32cubeide_1.4.0/stm32cubeide/plugins/com.st.stm32cube.ide.mcu.externaltools.gnu-tools-for-stm32.7-2018-q2-update.win32_1.4.0.202007081208/tools/bin/../lib/gcc/arm-none-eabi/7.3.1/thumb/v7-m/crtbegin.o

.rodata         0x0000000008000c30       0x18
                0x0000000008000c30                . = ALIGN (0x4)
 *(.rodata)
 .rodata        0x0000000008000c30       0x15 Src/main.o
 *(.rodata*)
                0x0000000008000c48                . = ALIGN (0x4)
 *fill*         0x0000000008000c45        0x3 

.rel.dyn        0x0000000008000c48        0x0
 .rel.iplt      0x0000000008000c48        0x0 c:/st/stm32cubeide_1.4.0/stm32cubeide/plugins/com.st.stm32cube.ide.mcu.externaltools.gnu-tools-for-stm32.7-2018-q2-update.win32_1.4.0.202007081208/tools/bin/../lib/gcc/arm-none-eabi/7.3.1/thumb/v7-m/crtbegin.o

.ARM.extab      0x0000000008000c48        0x0
                0x0000000008000c48                . = ALIGN (0x4)
 *(.ARM.extab* .gnu.linkonce.armextab.*)
                0x0000000008000c48                . = ALIGN (0x4)

.ARM            0x0000000008000c48        0x0
                0x0000000008000c48                . = ALIGN (0x4)
                0x0000000008000c48                __exidx_start = .
 *(.ARM.exidx*)
                0x0000000008000c48                __exidx_end = .
                0x0000000008000c48                . = ALIGN (0x4)

.preinit_array  0x0000000008000c48        0x0
                0x0000000008000c48                . = ALIGN (0x4)
                0x0000000008000c48                PROVIDE (__preinit_array_start = .)
 *(.preinit_array*)
                0x0000000008000c48                PROVIDE (__preinit_array_end = .)
                0x0000000008000c48                . = ALIGN (0x4)

.init_array     0x0000000008000c48        0x4
                0x0000000008000c48                . = ALIGN (0x4)
                0x0000000008000c48                PROVIDE (__init_array_start = .)
 *(SORT_BY_NAME(.init_array.*))
 *(.init_array*)
 .init_array    0x0000000008000c48        0x4 c:/st/stm32cubeide_1.4.0/stm32cubeide/plugins/com.st.stm32cube.ide.mcu.externaltools.gnu-tools-for-stm32.7-2018-q2-update.win32_1.4.0.202007081208/tools/bin/../lib/gcc/arm-none-eabi/7.3.1/thumb/v7-m/crtbegin.o
                0x0000000008000c4c                PROVIDE (__init_array_end = .)
                0x0000000008000c4c                . = ALIGN (0x4)

.fini_array     0x0000000008000c4c        0x4
                0x0000000008000c4c                . = ALIGN (0x4)
                [!provide]                        PROVIDE (__fini_array_start = .)
 *(SORT_BY_NAME(.fini_array.*))
 *(.fini_array*)
 .fini_array    0x0000000008000c4c        0x4 c:/st/stm32cubeide_1.4.0/stm32cubeide/plugins/com.st.stm32cube.ide.mcu.externaltools.gnu-tools-for-stm32.7-2018-q2-update.win32_1.4.0.202007081208/tools/bin/../lib/gcc/arm-none-eabi/7.3.1/thumb/v7-m/crtbegin.o
                [!provide]                        PROVIDE (__fini_array_end = .)
                0x0000000008000c50                . = ALIGN (0x4)
                0x0000000008000c50                _sidata = LOADADDR (.data)

.data           0x0000000020000000       0x38 load address 0x0000000008000c50
                0x0000000020000000                . = ALIGN (0x4)
                0x0000000020000000                _sdata = .
 *(.data)
 *(.data*)
 .data.keypadRow
                0x0000000020000000       0x10 STM32F103C6_drivers/keypad_driver/keypad.o
                0x0000000020000000                keypadRow
 .data.keypadColumn
                0x0000000020000010       0x10 STM32F103C6_drivers/keypad_driver/keypad.o
                0x0000000020000010                keypadColumn
 .data.seg      0x0000000020000020        0xb Src/main.o
                0x0000000020000020                seg
 *fill*         0x000000002000002b        0x1 
 .data.lcd      0x000000002000002c        0xb Src/main.o
                0x000000002000002c                lcd
                0x0000000020000038                . = ALIGN (0x4)
 *fill*         0x0000000020000037        0x1 
                0x0000000020000038                _edata = .

.igot.plt       0x0000000020000038        0x0 load address 0x0000000008000c88
 .igot.plt      0x0000000020000038        0x0 c:/st/stm32cubeide_1.4.0/stm32cubeide/plugins/com.st.stm32cube.ide.mcu.externaltools.gnu-tools-for-stm32.7-2018-q2-update.win32_1.4.0.202007081208/tools/bin/../lib/gcc/arm-none-eabi/7.3.1/thumb/v7-m/crtbegin.o
                0x0000000020000038                . = ALIGN (0x4)

.bss            0x0000000020000038       0x20 load address 0x0000000008000c88
                0x0000000020000038                _sbss = .
                0x0000000020000038                __bss_start__ = _sbss
 *(.bss)
 .bss           0x0000000020000038       0x1c c:/st/stm32cubeide_1.4.0/stm32cubeide/plugins/com.st.stm32cube.ide.mcu.externaltools.gnu-tools-for-stm32.7-2018-q2-update.win32_1.4.0.202007081208/tools/bin/../lib/gcc/arm-none-eabi/7.3.1/thumb/v7-m/crtbegin.o
 *(.bss*)
 *(COMMON)
 COMMON         0x0000000020000054        0x4 STM32F103C6_drivers/keypad_driver/keypad.o
                0x0000000020000054                pinCFG
                0x0000000020000058                . = ALIGN (0x4)
                0x0000000020000058                _ebss = .
                0x0000000020000058                __bss_end__ = _ebss

._user_heap_stack
                0x0000000020000058      0x600 load address 0x0000000008000c88
                0x0000000020000058                . = ALIGN (0x8)
                [!provide]                        PROVIDE (end = .)
                0x0000000020000058                PROVIDE (_end = .)
                0x0000000020000258                . = (. + _Min_Heap_Size)
 *fill*         0x0000000020000058      0x200 
                0x0000000020000658                . = (. + _Min_Stack_Size)
 *fill*         0x0000000020000258      0x400 
                0x0000000020000658                . = ALIGN (0x8)

/DISCARD/
 libc.a(*)
 libm.a(*)
 libgcc.a(*)

.ARM.attributes
                0x0000000000000000       0x29
 *(.ARM.attributes)
 .ARM.attributes
                0x0000000000000000       0x1d c:/st/stm32cubeide_1.4.0/stm32cubeide/plugins/com.st.stm32cube.ide.mcu.externaltools.gnu-tools-for-stm32.7-2018-q2-update.win32_1.4.0.202007081208/tools/bin/../lib/gcc/arm-none-eabi/7.3.1/thumb/v7-m/crti.o
 .ARM.attributes
                0x000000000000001d       0x2d c:/st/stm32cubeide_1.4.0/stm32cubeide/plugins/com.st.stm32cube.ide.mcu.externaltools.gnu-tools-for-stm32.7-2018-q2-update.win32_1.4.0.202007081208/tools/bin/../lib/gcc/arm-none-eabi/7.3.1/thumb/v7-m/crtbegin.o
 .ARM.attributes
                0x000000000000004a       0x33 STM32F103C6_drivers/gpio_driver/STM32F103C6_gpio_driver.o
 .ARM.attributes
                0x000000000000007d       0x33 STM32F103C6_drivers/keypad_driver/keypad.o
 .ARM.attributes
                0x00000000000000b0       0x33 STM32F103C6_drivers/lcd_driver/lcd.o
 .ARM.attributes
                0x00000000000000e3       0x33 Src/main.o
 .ARM.attributes
                0x0000000000000116       0x21 Startup/startup_stm32f103c6tx.o
 .ARM.attributes
                0x0000000000000137       0x2d c:/st/stm32cubeide_1.4.0/stm32cubeide/plugins/com.st.stm32cube.ide.mcu.externaltools.gnu-tools-for-stm32.7-2018-q2-update.win32_1.4.0.202007081208/tools/bin/../lib/gcc/arm-none-eabi/7.3.1/../../../../arm-none-eabi/lib/thumb/v7-m\libc_nano.a(lib_a-init.o)
 .ARM.attributes
                0x0000000000000164       0x1d c:/st/stm32cubeide_1.4.0/stm32cubeide/plugins/com.st.stm32cube.ide.mcu.externaltools.gnu-tools-for-stm32.7-2018-q2-update.win32_1.4.0.202007081208/tools/bin/../lib/gcc/arm-none-eabi/7.3.1/thumb/v7-m/crtn.o
OUTPUT(STM32F103C6_Drivers.elf elf32-littlearm)

.debug_info     0x0000000000000000     0x30d4
 .debug_info    0x0000000000000000      0xd63 STM32F103C6_drivers/gpio_driver/STM32F103C6_gpio_driver.o
 .debug_info    0x0000000000000d63      0xb15 STM32F103C6_drivers/keypad_driver/keypad.o
 .debug_info    0x0000000000001878      0xc07 STM32F103C6_drivers/lcd_driver/lcd.o
 .debug_info    0x000000000000247f      0xc33 Src/main.o
 .debug_info    0x00000000000030b2       0x22 Startup/startup_stm32f103c6tx.o

.debug_abbrev   0x0000000000000000      0x842
 .debug_abbrev  0x0000000000000000      0x232 STM32F103C6_drivers/gpio_driver/STM32F103C6_gpio_driver.o
 .debug_abbrev  0x0000000000000232      0x1a8 STM32F103C6_drivers/keypad_driver/keypad.o
 .debug_abbrev  0x00000000000003da      0x244 STM32F103C6_drivers/lcd_driver/lcd.o
 .debug_abbrev  0x000000000000061e      0x212 Src/main.o
 .debug_abbrev  0x0000000000000830       0x12 Startup/startup_stm32f103c6tx.o

.debug_loc      0x0000000000000000      0x728
 .debug_loc     0x0000000000000000      0x330 STM32F103C6_drivers/gpio_driver/STM32F103C6_gpio_driver.o
 .debug_loc     0x0000000000000330       0x7c STM32F103C6_drivers/keypad_driver/keypad.o
 .debug_loc     0x00000000000003ac      0x278 STM32F103C6_drivers/lcd_driver/lcd.o
 .debug_loc     0x0000000000000624      0x104 Src/main.o

.debug_aranges  0x0000000000000000      0x150
 .debug_aranges
                0x0000000000000000       0x60 STM32F103C6_drivers/gpio_driver/STM32F103C6_gpio_driver.o
 .debug_aranges
                0x0000000000000060       0x28 STM32F103C6_drivers/keypad_driver/keypad.o
 .debug_aranges
                0x0000000000000088       0x68 STM32F103C6_drivers/lcd_driver/lcd.o
 .debug_aranges
                0x00000000000000f0       0x38 Src/main.o
 .debug_aranges
                0x0000000000000128       0x28 Startup/startup_stm32f103c6tx.o

.debug_ranges   0x0000000000000000      0x108
 .debug_ranges  0x0000000000000000       0x50 STM32F103C6_drivers/gpio_driver/STM32F103C6_gpio_driver.o
 .debug_ranges  0x0000000000000050       0x18 STM32F103C6_drivers/keypad_driver/keypad.o
 .debug_ranges  0x0000000000000068       0x58 STM32F103C6_drivers/lcd_driver/lcd.o
 .debug_ranges  0x00000000000000c0       0x28 Src/main.o
 .debug_ranges  0x00000000000000e8       0x20 Startup/startup_stm32f103c6tx.o

.debug_macro    0x0000000000000000     0x1fce
 .debug_macro   0x0000000000000000      0x143 STM32F103C6_drivers/gpio_driver/STM32F103C6_gpio_driver.o
 .debug_macro   0x0000000000000143      0xa60 STM32F103C6_drivers/gpio_driver/STM32F103C6_gpio_driver.o
 .debug_macro   0x0000000000000ba3       0x18 STM32F103C6_drivers/gpio_driver/STM32F103C6_gpio_driver.o
 .debug_macro   0x0000000000000bbb       0x22 STM32F103C6_drivers/gpio_driver/STM32F103C6_gpio_driver.o
 .debug_macro   0x0000000000000bdd       0x40 STM32F103C6_drivers/gpio_driver/STM32F103C6_gpio_driver.o
 .debug_macro   0x0000000000000c1d       0x94 STM32F103C6_drivers/gpio_driver/STM32F103C6_gpio_driver.o
 .debug_macro   0x0000000000000cb1       0x3c STM32F103C6_drivers/gpio_driver/STM32F103C6_gpio_driver.o
 .debug_macro   0x0000000000000ced       0x34 STM32F103C6_drivers/gpio_driver/STM32F103C6_gpio_driver.o
 .debug_macro   0x0000000000000d21       0x16 STM32F103C6_drivers/gpio_driver/STM32F103C6_gpio_driver.o
 .debug_macro   0x0000000000000d37      0x10e STM32F103C6_drivers/gpio_driver/STM32F103C6_gpio_driver.o
 .debug_macro   0x0000000000000e45       0x8d STM32F103C6_drivers/gpio_driver/STM32F103C6_gpio_driver.o
 .debug_macro   0x0000000000000ed2       0x57 STM32F103C6_drivers/gpio_driver/STM32F103C6_gpio_driver.o
 .debug_macro   0x0000000000000f29       0x52 STM32F103C6_drivers/gpio_driver/STM32F103C6_gpio_driver.o
 .debug_macro   0x0000000000000f7b       0x1f STM32F103C6_drivers/gpio_driver/STM32F103C6_gpio_driver.o
 .debug_macro   0x0000000000000f9a       0x43 STM32F103C6_drivers/gpio_driver/STM32F103C6_gpio_driver.o
 .debug_macro   0x0000000000000fdd       0x20 STM32F103C6_drivers/gpio_driver/STM32F103C6_gpio_driver.o
 .debug_macro   0x0000000000000ffd      0x1a3 STM32F103C6_drivers/gpio_driver/STM32F103C6_gpio_driver.o
 .debug_macro   0x00000000000011a0      0x330 STM32F103C6_drivers/gpio_driver/STM32F103C6_gpio_driver.o
 .debug_macro   0x00000000000014d0       0x16 STM32F103C6_drivers/gpio_driver/STM32F103C6_gpio_driver.o
 .debug_macro   0x00000000000014e6       0x29 STM32F103C6_drivers/gpio_driver/STM32F103C6_gpio_driver.o
 .debug_macro   0x000000000000150f       0xef STM32F103C6_drivers/gpio_driver/STM32F103C6_gpio_driver.o
 .debug_macro   0x00000000000015fe       0x6a STM32F103C6_drivers/gpio_driver/STM32F103C6_gpio_driver.o
 .debug_macro   0x0000000000001668      0x1df STM32F103C6_drivers/gpio_driver/STM32F103C6_gpio_driver.o
 .debug_macro   0x0000000000001847       0xce STM32F103C6_drivers/gpio_driver/STM32F103C6_gpio_driver.o
 .debug_macro   0x0000000000001915       0xd0 STM32F103C6_drivers/gpio_driver/STM32F103C6_gpio_driver.o
 .debug_macro   0x00000000000019e5      0x152 STM32F103C6_drivers/keypad_driver/keypad.o
 .debug_macro   0x0000000000001b37       0xce STM32F103C6_drivers/keypad_driver/keypad.o
 .debug_macro   0x0000000000001c05       0x3a STM32F103C6_drivers/keypad_driver/keypad.o
 .debug_macro   0x0000000000001c3f      0x15a STM32F103C6_drivers/lcd_driver/lcd.o
 .debug_macro   0x0000000000001d99       0x88 STM32F103C6_drivers/lcd_driver/lcd.o
 .debug_macro   0x0000000000001e21      0x1ad Src/main.o

.debug_line     0x0000000000000000     0x1d02
 .debug_line    0x0000000000000000      0x73a STM32F103C6_drivers/gpio_driver/STM32F103C6_gpio_driver.o
 .debug_line    0x000000000000073a      0x6a6 STM32F103C6_drivers/keypad_driver/keypad.o
 .debug_line    0x0000000000000de0      0x776 STM32F103C6_drivers/lcd_driver/lcd.o
 .debug_line    0x0000000000001556      0x728 Src/main.o
 .debug_line    0x0000000000001c7e       0x84 Startup/startup_stm32f103c6tx.o

.debug_str      0x0000000000000000     0x7bcd
 .debug_str     0x0000000000000000     0x772d STM32F103C6_drivers/gpio_driver/STM32F103C6_gpio_driver.o
                                       0x799e (size before relaxing)
 .debug_str     0x000000000000772d      0x103 STM32F103C6_drivers/keypad_driver/keypad.o
                                       0x792c (size before relaxing)
 .debug_str     0x0000000000007830      0x2d5 STM32F103C6_drivers/lcd_driver/lcd.o
                                       0x7b10 (size before relaxing)
 .debug_str     0x0000000000007b05       0x97 Src/main.o
                                       0x7bcc (size before relaxing)
 .debug_str     0x0000000000007b9c       0x31 Startup/startup_stm32f103c6tx.o
                                         0xa3 (size before relaxing)

.comment        0x0000000000000000       0x7b
 .comment       0x0000000000000000       0x7b STM32F103C6_drivers/gpio_driver/STM32F103C6_gpio_driver.o
                                         0x7c (size before relaxing)
 .comment       0x000000000000007b       0x7c STM32F103C6_drivers/keypad_driver/keypad.o
 .comment       0x000000000000007b       0x7c STM32F103C6_drivers/lcd_driver/lcd.o
 .comment       0x000000000000007b       0x7c Src/main.o

.debug_frame    0x0000000000000000      0x3dc
 .debug_frame   0x0000000000000000      0x178 STM32F103C6_drivers/gpio_driver/STM32F103C6_gpio_driver.o
 .debug_frame   0x0000000000000178       0x50 STM32F103C6_drivers/keypad_driver/keypad.o
 .debug_frame   0x00000000000001c8      0x154 STM32F103C6_drivers/lcd_driver/lcd.o
 .debug_frame   0x000000000000031c       0x94 Src/main.o
 .debug_frame   0x00000000000003b0       0x2c c:/st/stm32cubeide_1.4.0/stm32cubeide/plugins/com.st.stm32cube.ide.mcu.externaltools.gnu-tools-for-stm32.7-2018-q2-update.win32_1.4.0.202007081208/tools/bin/../lib/gcc/arm-none-eabi/7.3.1/../../../../arm-none-eabi/lib/thumb/v7-m\libc_nano.a(lib_a-init.o)
