EXTI_driver.c:22:6:NVIC_Enable	16	static
EXTI_driver.c:58:6:NVIC_Disable	16	static
EXTI_driver.c:93:6:Update_EXTI_GPIO	24	static
EXTI_driver.c:163:6:MCAL_EXTI_GPIO_Init	16	static
EXTI_driver.c:177:6:MCAL_EXTI_GPIO_DeInit	4	static
EXTI_driver.c:208:6:MCAL_EXTI_GPIO_Update	16	static
EXTI_driver.c:227:6:EXTI0_IRQHandler	8	static
EXTI_driver.c:234:6:EXTI1_IRQHandler	8	static
EXTI_driver.c:240:6:EXTI2_IRQHandler	8	static
EXTI_driver.c:246:6:EXTI3_IRQHandler	8	static
EXTI_driver.c:252:6:EXTI4_IRQHandler	8	static
EXTI_driver.c:258:6:EXTI9_5_IRQHandler	8	static
EXTI_driver.c:287:6:EXTI15_10_IRQHandler	8	static
