10:47:59 **** Incremental Build of configuration Debug for project STM32F103C6_Drivers ****
make -j8 all 
arm-none-eabi-gcc -gdwarf-2 "../Src/main.c" -mcpu=cortex-m3 -std=gnu11 -g3 -DSTM32 -DSTM32F1 -DSTM32F103C6Tx -DDEBUG -c -I../Inc -I"D:/Embedded/KEROLES/Mastering Embedded System/github/Mastering-Embedded-Diploma/STM32F103C6_Drivers/STM32F103C6_Drivers/MCAL/includes" -I"D:/Embedded/KEROLES/Mastering Embedded System/github/Mastering-Embedded-Diploma/STM32F103C6_Drivers/STM32F103C6_Drivers/HAL/inlcudes" -I"D:/Embedded/KEROLES/Mastering Embedded System/github/Mastering-Embedded-Diploma/STM32F103C6_Drivers/STM32F103C6_Drivers/Inc" -O0 -ffunction-sections -fdata-sections -Wall -fstack-usage -MMD -MP -MF"Src/main.d" -MT"Src/main.o" --specs=nano.specs -mfloat-abi=soft -mthumb -o "Src/main.o"
arm-none-eabi-gcc -gdwarf-2 "../MCAL/I2C_driver/I2C.c" -mcpu=cortex-m3 -std=gnu11 -g3 -DSTM32 -DSTM32F1 -DSTM32F103C6Tx -DDEBUG -c -I../Inc -I"D:/Embedded/KEROLES/Mastering Embedded System/github/Mastering-Embedded-Diploma/STM32F103C6_Drivers/STM32F103C6_Drivers/MCAL/includes" -I"D:/Embedded/KEROLES/Mastering Embedded System/github/Mastering-Embedded-Diploma/STM32F103C6_Drivers/STM32F103C6_Drivers/HAL/inlcudes" -I"D:/Embedded/KEROLES/Mastering Embedded System/github/Mastering-Embedded-Diploma/STM32F103C6_Drivers/STM32F103C6_Drivers/Inc" -O0 -ffunction-sections -fdata-sections -Wall -fstack-usage -MMD -MP -MF"MCAL/I2C_driver/I2C.d" -MT"MCAL/I2C_driver/I2C.o" --specs=nano.specs -mfloat-abi=soft -mthumb -o "MCAL/I2C_driver/I2C.o"
arm-none-eabi-gcc -gdwarf-2 "../HAL/I2C_EEPROM_SLAVE.c/I2C_EEPROM_SLAVE.c" -mcpu=cortex-m3 -std=gnu11 -g3 -DSTM32 -DSTM32F1 -DSTM32F103C6Tx -DDEBUG -c -I../Inc -I"D:/Embedded/KEROLES/Mastering Embedded System/github/Mastering-Embedded-Diploma/STM32F103C6_Drivers/STM32F103C6_Drivers/MCAL/includes" -I"D:/Embedded/KEROLES/Mastering Embedded System/github/Mastering-Embedded-Diploma/STM32F103C6_Drivers/STM32F103C6_Drivers/HAL/inlcudes" -I"D:/Embedded/KEROLES/Mastering Embedded System/github/Mastering-Embedded-Diploma/STM32F103C6_Drivers/STM32F103C6_Drivers/Inc" -O0 -ffunction-sections -fdata-sections -Wall -fstack-usage -MMD -MP -MF"HAL/I2C_EEPROM_SLAVE.c/I2C_EEPROM_SLAVE.d" -MT"HAL/I2C_EEPROM_SLAVE.c/I2C_EEPROM_SLAVE.o" --specs=nano.specs -mfloat-abi=soft -mthumb -o "HAL/I2C_EEPROM_SLAVE.c/I2C_EEPROM_SLAVE.o"
../MCAL/I2C_driver/I2C.c:14:34: warning: initialization makes integer from pointer without a cast [-Wint-conversion]
 I2C_Config_t Gp_I2C_Config[2] = {NULL,NULL};
                                  ^~~~
../MCAL/I2C_driver/I2C.c:14:34: note: (near initialization for 'Gp_I2C_Config[0].I2C_Clock_Freq')
../MCAL/I2C_driver/I2C.c:14:39: warning: initialization makes integer from pointer without a cast [-Wint-conversion]
 I2C_Config_t Gp_I2C_Config[2] = {NULL,NULL};
                                       ^~~~
../MCAL/I2C_driver/I2C.c:14:39: note: (near initialization for 'Gp_I2C_Config[0].I2C_Clock_Stretch_Mode')
../MCAL/I2C_driver/I2C.c:14:33: warning: missing braces around initializer [-Wmissing-braces]
 I2C_Config_t Gp_I2C_Config[2] = {NULL,NULL};
                                 ^
../MCAL/I2C_driver/I2C.c: In function 'I2C_Get_FlagStatus':
../MCAL/I2C_driver/I2C.c:472:2: warning: enumeration value 'EV8_1' not handled in switch [-Wswitch]
  switch(flag){
  ^~~~~~
../MCAL/I2C_driver/I2C.c:466:20: warning: unused variable 'dummyRead' [-Wunused-variable]
  volatile uint32_t dummyRead;
                    ^~~~~~~~~
../MCAL/I2C_driver/I2C.c: In function 'I2C1_EV_IRQHandler':
../MCAL/I2C_driver/I2C.c:670:20: warning: variable 'dummyRead' set but not used [-Wunused-but-set-variable]
  volatile uint32_t dummyRead = 0;
                    ^~~~~~~~~
arm-none-eabi-gcc -gdwarf-2 -o "STM32F103C6_Drivers.elf" @"objects.list"   -mcpu=cortex-m3 -T"D:\Embedded\KEROLES\Mastering Embedded System\github\Mastering-Embedded-Diploma\STM32F103C6_Drivers\STM32F103C6_Drivers\STM32F103C6TX_FLASH.ld" --specs=nosys.specs -Wl,-Map="STM32F103C6_Drivers.map" -Wl,--gc-sections -static --specs=nano.specs -mfloat-abi=soft -mthumb -Wl,--start-group -lc -lm -Wl,--end-group
Finished building target: STM32F103C6_Drivers.elf
 
arm-none-eabi-objdump -h -S  STM32F103C6_Drivers.elf  > "STM32F103C6_Drivers.list"
arm-none-eabi-objcopy  -O binary  STM32F103C6_Drivers.elf  "STM32F103C6_Drivers.bin"
arm-none-eabi-size   STM32F103C6_Drivers.elf 
   text	   data	    bss	    dec	    hex	filename
   4580	      8	   1712	   6300	   189c	STM32F103C6_Drivers.elf
Finished building: default.size.stdout
 
Finished building: STM32F103C6_Drivers.bin
 
Finished building: STM32F103C6_Drivers.list
 

10:48:00 Build Finished. 0 errors, 6 warnings. (took 751ms)

