21:17:49 **** Incremental Build of configuration Debug for project STM32F103C6_Drivers ****
make -j8 all 
arm-none-eabi-gcc -gdwarf-2 "../MCAL/I2C_driver/I2C.c" -mcpu=cortex-m3 -std=gnu11 -g3 -DSTM32 -DSTM32F1 -DSTM32F103C6Tx -DDEBUG -c -I../Inc -I"D:/Embedded/KEROLES/Mastering Embedded System/github/Mastering-Embedded-Diploma/STM32F103C6_Drivers/STM32F103C6_Drivers/MCAL/includes" -I"D:/Embedded/KEROLES/Mastering Embedded System/github/Mastering-Embedded-Diploma/STM32F103C6_Drivers/STM32F103C6_Drivers/HAL/inlcudes" -I"D:/Embedded/KEROLES/Mastering Embedded System/github/Mastering-Embedded-Diploma/STM32F103C6_Drivers/STM32F103C6_Drivers/Inc" -O0 -ffunction-sections -fdata-sections -Wall -fstack-usage -MMD -MP -MF"MCAL/I2C_driver/I2C.d" -MT"MCAL/I2C_driver/I2C.o" --specs=nano.specs -mfloat-abi=soft -mthumb -o "MCAL/I2C_driver/I2C.o"
../MCAL/I2C_driver/I2C.c:14:34: warning: initialization makes integer from pointer without a cast [-Wint-conversion]
 I2C_Config_t Gp_I2C_Config[2] = {NULL,NULL};
                                  ^~~~
../MCAL/I2C_driver/I2C.c:14:34: note: (near initialization for 'Gp_I2C_Config[0].I2C_Clock_Freq')
../MCAL/I2C_driver/I2C.c:14:39: warning: initialization makes integer from pointer without a cast [-Wint-conversion]
 I2C_Config_t Gp_I2C_Config[2] = {NULL,NULL};
                                       ^~~~
../MCAL/I2C_driver/I2C.c:14:39: note: (near initialization for 'Gp_I2C_Config[0].I2C_Clock_Stretch_Mode')
../MCAL/I2C_driver/I2C.c:14:33: warning: missing braces around initializer [-Wmissing-braces]
 I2C_Config_t Gp_I2C_Config[2] = {NULL,NULL};
                                 ^
../MCAL/I2C_driver/I2C.c: In function 'MCAL_I2C_Master_TX':
../MCAL/I2C_driver/I2C.c:281:35: warning: large integer implicitly truncated to unsigned type [-Woverflow]
  while(!(I2C_Get_FlagStatus(I2Cx, MASTER_BYTE_TRANSMITTING)));
                                   ^~~~~~~~~~~~~~~~~~~~~~~~
../MCAL/I2C_driver/I2C.c: In function 'I2C_Get_FlagStatus':
../MCAL/I2C_driver/I2C.c:482:2: warning: case label value exceeds maximum value for type
  case MASTER_BYTE_TRANSMITTING:
  ^~~~
../MCAL/I2C_driver/I2C.c:469:2: warning: case value '2' not in enumerated type 'Status {aka enum <anonymous>}' [-Wswitch]
  case EV6:
  ^~~~
../MCAL/I2C_driver/I2C.c:495:2: warning: case value '4' not in enumerated type 'Status {aka enum <anonymous>}' [-Wswitch]
  case EV8:
  ^~~~
../MCAL/I2C_driver/I2C.c:505:2: warning: case value '5' not in enumerated type 'Status {aka enum <anonymous>}' [-Wswitch]
  case EV7:
  ^~~~
../MCAL/I2C_driver/I2C.c:433:20: warning: variable 'dummyRead' set but not used [-Wunused-but-set-variable]
  volatile uint32_t dummyRead;
                    ^~~~~~~~~
arm-none-eabi-gcc -gdwarf-2 -o "STM32F103C6_Drivers.elf" @"objects.list"   -mcpu=cortex-m3 -T"D:\Embedded\KEROLES\Mastering Embedded System\github\Mastering-Embedded-Diploma\STM32F103C6_Drivers\STM32F103C6_Drivers\STM32F103C6TX_FLASH.ld" --specs=nosys.specs -Wl,-Map="STM32F103C6_Drivers.map" -Wl,--gc-sections -static --specs=nano.specs -mfloat-abi=soft -mthumb -Wl,--start-group -lc -lm -Wl,--end-group
Finished building target: STM32F103C6_Drivers.elf
 
arm-none-eabi-objdump -h -S  STM32F103C6_Drivers.elf  > "STM32F103C6_Drivers.list"
arm-none-eabi-objcopy  -O binary  STM32F103C6_Drivers.elf  "STM32F103C6_Drivers.bin"
arm-none-eabi-size   STM32F103C6_Drivers.elf 
   text	   data	    bss	    dec	    hex	filename
   4016	      8	   1688	   5712	   1650	STM32F103C6_Drivers.elf
Finished building: default.size.stdout
 
Finished building: STM32F103C6_Drivers.bin
 
Finished building: STM32F103C6_Drivers.list
 

21:17:49 Build Finished. 0 errors, 9 warnings. (took 648ms)

