EXTI_driver.c:23:6:NVIC_Enable	16	static
EXTI_driver.c:59:6:NVIC_Disable	16	static
EXTI_driver.c:94:6:Update_EXTI_GPIO	24	static
EXTI_driver.c:164:6:MCAL_EXTI_GPIO_Init	16	static
EXTI_driver.c:178:6:MCAL_EXTI_GPIO_DeInit	4	static
EXTI_driver.c:209:6:MCAL_EXTI_GPIO_Update	16	static
EXTI_driver.c:228:6:EXTI0_IRQHandler	8	static
EXTI_driver.c:235:6:EXTI1_IRQHandler	8	static
EXTI_driver.c:241:6:EXTI2_IRQHandler	8	static
EXTI_driver.c:247:6:EXTI3_IRQHandler	8	static
EXTI_driver.c:253:6:EXTI4_IRQHandler	8	static
EXTI_driver.c:259:6:EXTI9_5_IRQHandler	8	static
EXTI_driver.c:288:6:EXTI15_10_IRQHandler	8	static
