
Memory Configuration

Name             Origin             Length             Attributes
Mem              0x00000000         0x04000000         xrw
*default*        0x00000000         0xffffffff

Linker script and memory map

                0x00010000                . = 0x10000

.startup        0x00010000        0x8
 startup.o(.text)
 .text          0x00010000        0x8 startup.o

.text           0x00010008       0xa8
 *(.text)
 .text          0x00010008       0xa8 main.o
                0x00010008                main
 *(.rodata)

.glue_7         0x000100b0        0x0
 .glue_7        0x00000000        0x0 linker stubs

.glue_7t        0x000100b0        0x0
 .glue_7t       0x00000000        0x0 linker stubs

.vfp11_veneer   0x000100b0        0x0
 .vfp11_veneer  0x00000000        0x0 linker stubs

.v4_bx          0x000100b0        0x0
 .v4_bx         0x00000000        0x0 linker stubs

.iplt           0x000100b0        0x0
 .iplt          0x00000000        0x0 startup.o

.rel.dyn        0x000100b0        0x0
 .rel.iplt      0x00000000        0x0 startup.o

.data           0x000100b0        0x4
 *(.data)
 .data          0x000100b0        0x0 startup.o
 .data          0x000100b0        0x4 main.o
                0x000100b0                R_ODR_PTR

.igot.plt       0x000100b4        0x0
 .igot.plt      0x00000000        0x0 startup.o

.bss            0x000100b4        0x0
 *(.bss)
 .bss           0x000100b4        0x0 startup.o
 .bss           0x000100b4        0x0 main.o
 *(COMMON)
                0x000110b4                . = (. + 0x1000)
                0x000110b4                stack_top = .
LOAD main.o
LOAD startup.o
OUTPUT(learn_in_depth_cortex_m3.elf elf32-littlearm)

.vectors        0x00000000       0x50
 .vectors       0x00000000       0x50 startup.o

.ARM.attributes
                0x00000000       0x2f
 .ARM.attributes
                0x00000000       0x21 startup.o
 .ARM.attributes
                0x00000021       0x33 main.o

.comment        0x00000000       0x11
 .comment       0x00000000       0x11 main.o
                                 0x12 (size before relaxing)

.debug_line     0x00000000       0xa5
 .debug_line    0x00000000       0x3b startup.o
 .debug_line    0x0000003b       0x6a main.o

.debug_info     0x00000000      0x1ce
 .debug_info    0x00000000       0xae startup.o
 .debug_info    0x000000ae      0x120 main.o

.debug_abbrev   0x00000000       0xe0
 .debug_abbrev  0x00000000       0x14 startup.o
 .debug_abbrev  0x00000014       0xcc main.o

.debug_aranges  0x00000000       0x40
 .debug_aranges
                0x00000000       0x20 startup.o
 .debug_aranges
                0x00000020       0x20 main.o

.debug_loc      0x00000000       0x38
 .debug_loc     0x00000000       0x38 main.o

.debug_str      0x00000000      0x122
 .debug_str     0x00000000      0x122 main.o
                                0x149 (size before relaxing)

.debug_frame    0x00000000       0x2c
 .debug_frame   0x00000000       0x2c main.o
