11:03:59 **** Build of configuration Debug for project lesson 1 ****
make -j8 all 
arm-none-eabi-gcc -mcpu=cortex-m3 -g3 -c -x assembler-with-cpp -MMD -MP -MF"Startup/startup_stm32f103c6tx.d" -MT"Startup/startup_stm32f103c6tx.o" --specs=nano.specs -mfloat-abi=soft -mthumb -o "Startup/startup_stm32f103c6tx.o" "../Startup/startup_stm32f103c6tx.s"
arm-none-eabi-gcc "../Src/main.c" -mcpu=cortex-m3 -std=gnu11 -g3 -DSTM32 -DSTM32F1 -DSTM32F103C6Tx -DDEBUG -c -I../Inc -O0 -ffunction-sections -fdata-sections -Wall -fstack-usage -MMD -MP -MF"Src/main.d" -MT"Src/main.o" --specs=nano.specs -mfloat-abi=soft -mthumb -o "Src/main.o"
arm-none-eabi-gcc "../Src/syscalls.c" -mcpu=cortex-m3 -std=gnu11 -g3 -DSTM32 -DSTM32F1 -DSTM32F103C6Tx -DDEBUG -c -I../Inc -O0 -ffunction-sections -fdata-sections -Wall -fstack-usage -MMD -MP -MF"Src/syscalls.d" -MT"Src/syscalls.o" --specs=nano.specs -mfloat-abi=soft -mthumb -o "Src/syscalls.o"
arm-none-eabi-gcc "../Src/sysmem.c" -mcpu=cortex-m3 -std=gnu11 -g3 -DSTM32 -DSTM32F1 -DSTM32F103C6Tx -DDEBUG -c -I../Inc -O0 -ffunction-sections -fdata-sections -Wall -fstack-usage -MMD -MP -MF"Src/sysmem.d" -MT"Src/sysmem.o" --specs=nano.specs -mfloat-abi=soft -mthumb -o "Src/sysmem.o"
arm-none-eabi-gcc -o "lesson 1.elf" @"objects.list"   -mcpu=cortex-m3 -T"D:\Embedded\KEROLES\Mastering Embedded System\github\Mastering-Embedded-Diploma\Embedded C\Unit3\lesson 1\lesson 1\STM32F103C6TX_FLASH.ld" --specs=nosys.specs -Wl,-Map="lesson 1.map" -Wl,--gc-sections -static --specs=nano.specs -mfloat-abi=soft -mthumb -Wl,--start-group -lc -lm -Wl,--end-group
Finished building target: lesson 1.elf
 
arm-none-eabi-size   lesson\ 1.elf 
arm-none-eabi-objdump -h -S  lesson\ 1.elf  > "lesson 1.list"
arm-none-eabi-objcopy  -O binary  lesson\ 1.elf  "lesson 1.bin"
   text	   data	    bss	    dec	    hex	filename
    556	      8	   1568	   2132	    854	lesson 1.elf
Finished building: default.size.stdout
 
Finished building: lesson 1.bin
Finished building: lesson 1.list
 
 
11:14:26 **** Incremental Build of configuration Debug for project lesson 1 ****
make -j8 all 
arm-none-eabi-size   lesson\ 1.elf 
   text	   data	    bss	    dec	    hex	filename
    556	      8	   1568	   2132	    854	lesson 1.elf
Finished building: default.size.stdout
 
11:35:28 **** Incremental Build of configuration Debug for project lesson 1 ****
make -j8 all 
arm-none-eabi-gcc "../Src/main.c" -mcpu=cortex-m3 -std=gnu11 -g3 -DSTM32 -DSTM32F1 -DSTM32F103C6Tx -DDEBUG -c -I../Inc -O0 -ffunction-sections -fdata-sections -Wall -fstack-usage -MMD -MP -MF"Src/main.d" -MT"Src/main.o" --specs=nano.specs -mfloat-abi=soft -mthumb -o "Src/main.o"
../Src/main.c:25:8: error: no macro name given in #define directive
 #define
        ^
make: *** [Src/subdir.mk:24: Src/main.o] Error 1
"make -j8 all" terminated with exit code 2. Build might be incomplete.
11:37:23 **** Incremental Build of configuration Debug for project lesson 1 ****
make -j8 all 
arm-none-eabi-gcc "../Src/main.c" -mcpu=cortex-m3 -std=gnu11 -g3 -DSTM32 -DSTM32F1 -DSTM32F103C6Tx -DDEBUG -c -I../Inc -O0 -ffunction-sections -fdata-sections -Wall -fstack-usage -MMD -MP -MF"Src/main.d" -MT"Src/main.o" --specs=nano.specs -mfloat-abi=soft -mthumb -o "Src/main.o"
../Src/main.c:25:8: error: no macro name given in #define directive
 #define
        ^
make: *** [Src/subdir.mk:24: Src/main.o] Error 1
"make -j8 all" terminated with exit code 2. Build might be incomplete.
11:39:10 **** Incremental Build of configuration Debug for project lesson 1 ****
make -j8 all 
arm-none-eabi-gcc "../Src/main.c" -mcpu=cortex-m3 -std=gnu11 -g3 -DSTM32 -DSTM32F1 -DSTM32F103C6Tx -DDEBUG -c -I../Inc -O0 -ffunction-sections -fdata-sections -Wall -fstack-usage -MMD -MP -MF"Src/main.d" -MT"Src/main.o" --specs=nano.specs -mfloat-abi=soft -mthumb -o "Src/main.o"
../Src/main.c:25:8: error: no macro name given in #define directive
 #define
        ^
make: *** [Src/subdir.mk:24: Src/main.o] Error 1
"make -j8 all" terminated with exit code 2. Build might be incomplete.
11:39:13 **** Incremental Build of configuration Debug for project lesson 1 ****
make -j8 all 
arm-none-eabi-gcc "../Src/main.c" -mcpu=cortex-m3 -std=gnu11 -g3 -DSTM32 -DSTM32F1 -DSTM32F103C6Tx -DDEBUG -c -I../Inc -O0 -ffunction-sections -fdata-sections -Wall -fstack-usage -MMD -MP -MF"Src/main.d" -MT"Src/main.o" --specs=nano.specs -mfloat-abi=soft -mthumb -o "Src/main.o"
../Src/main.c:25:8: error: no macro name given in #define directive
 #define
        ^
make: *** [Src/subdir.mk:24: Src/main.o] Error 1
"make -j8 all" terminated with exit code 2. Build might be incomplete.
11:41:04 **** Incremental Build of configuration Debug for project lesson 1 ****
make -j8 all 
arm-none-eabi-gcc "../Src/main.c" -mcpu=cortex-m3 -std=gnu11 -g3 -DSTM32 -DSTM32F1 -DSTM32F103C6Tx -DDEBUG -c -I../Inc -O0 -ffunction-sections -fdata-sections -Wall -fstack-usage -MMD -MP -MF"Src/main.d" -MT"Src/main.o" --specs=nano.specs -mfloat-abi=soft -mthumb -o "Src/main.o"
arm-none-eabi-gcc -o "lesson 1.elf" @"objects.list"   -mcpu=cortex-m3 -T"D:\Embedded\KEROLES\Mastering Embedded System\github\Mastering-Embedded-Diploma\Embedded C\Unit3\lesson 1\lesson 1\STM32F103C6TX_FLASH.ld" --specs=nosys.specs -Wl,-Map="lesson 1.map" -Wl,--gc-sections -static --specs=nano.specs -mfloat-abi=soft -mthumb -Wl,--start-group -lc -lm -Wl,--end-group
Finished building target: lesson 1.elf
 
arm-none-eabi-objdump -h -S  lesson\ 1.elf  > "lesson 1.list"
arm-none-eabi-objcopy  -O binary  lesson\ 1.elf  "lesson 1.bin"
arm-none-eabi-size   lesson\ 1.elf 
   text	   data	    bss	    dec	    hex	filename
    556	      8	   1568	   2132	    854	lesson 1.elf
Finished building: default.size.stdout
 
Finished building: lesson 1.bin
Finished building: lesson 1.list
 
 
11:52:51 **** Incremental Build of configuration Debug for project lesson 1 ****
make -j8 all 
arm-none-eabi-gcc "../Src/main.c" -mcpu=cortex-m3 -std=gnu11 -g3 -DSTM32 -DSTM32F1 -DSTM32F103C6Tx -DDEBUG -c -I../Inc -O0 -ffunction-sections -fdata-sections -Wall -fstack-usage -MMD -MP -MF"Src/main.d" -MT"Src/main.o" --specs=nano.specs -mfloat-abi=soft -mthumb -o "Src/main.o"
../Src/main.c:20:9: fatal error: util/delay.h: No such file or directory
 #include<util/delay.h>
         ^~~~~~~~~~~~~~
compilation terminated.
make: *** [Src/subdir.mk:24: Src/main.o] Error 1
"make -j8 all" terminated with exit code 2. Build might be incomplete.
11:53:02 **** Incremental Build of configuration Debug for project lesson 1 ****
make -j8 all 
arm-none-eabi-gcc "../Src/main.c" -mcpu=cortex-m3 -std=gnu11 -g3 -DSTM32 -DSTM32F1 -DSTM32F103C6Tx -DDEBUG -c -I../Inc -O0 -ffunction-sections -fdata-sections -Wall -fstack-usage -MMD -MP -MF"Src/main.d" -MT"Src/main.o" --specs=nano.specs -mfloat-abi=soft -mthumb -o "Src/main.o"
../Src/main.c:20:9: fatal error: util\delay.h: No such file or directory
 #include<util\delay.h>
         ^~~~~~~~~~~~~~
compilation terminated.
make: *** [Src/subdir.mk:24: Src/main.o] Error 1
"make -j8 all" terminated with exit code 2. Build might be incomplete.
11:54:05 **** Incremental Build of configuration Debug for project lesson 1 ****
make -j8 all 
arm-none-eabi-gcc "../Src/main.c" -mcpu=cortex-m3 -std=gnu11 -g3 -DSTM32 -DSTM32F1 -DSTM32F103C6Tx -DDEBUG -c -I../Inc -O0 -ffunction-sections -fdata-sections -Wall -fstack-usage -MMD -MP -MF"Src/main.d" -MT"Src/main.o" --specs=nano.specs -mfloat-abi=soft -mthumb -o "Src/main.o"
../Src/main.c: In function 'main':
../Src/main.c:32:2: error: 'RCC_ABP2ENR' undeclared (first use in this function); did you mean 'RCC_BASE'?
  RCC_ABP2ENR |= (1<<IOPAEN);
  ^~~~~~~~~~~
  RCC_BASE
../Src/main.c:32:2: note: each undeclared identifier is reported only once for each function it appears in
../Src/main.c:32:21: error: 'IOPAEN' undeclared (first use in this function)
  RCC_ABP2ENR |= (1<<IOPAEN);
                     ^~~~~~
make: *** [Src/subdir.mk:24: Src/main.o] Error 1
"make -j8 all" terminated with exit code 2. Build might be incomplete.
11:54:18 **** Incremental Build of configuration Debug for project lesson 1 ****
make -j8 all 
arm-none-eabi-gcc "../Src/main.c" -mcpu=cortex-m3 -std=gnu11 -g3 -DSTM32 -DSTM32F1 -DSTM32F103C6Tx -DDEBUG -c -I../Inc -O0 -ffunction-sections -fdata-sections -Wall -fstack-usage -MMD -MP -MF"Src/main.d" -MT"Src/main.o" --specs=nano.specs -mfloat-abi=soft -mthumb -o "Src/main.o"
../Src/main.c: In function 'main':
../Src/main.c:32:2: error: 'ABP2ENR' undeclared (first use in this function); did you mean 'APB2ENR'?
  ABP2ENR |= (1<<IOPAEN);
  ^~~~~~~
  APB2ENR
../Src/main.c:32:2: note: each undeclared identifier is reported only once for each function it appears in
../Src/main.c:32:17: error: 'IOPAEN' undeclared (first use in this function)
  ABP2ENR |= (1<<IOPAEN);
                 ^~~~~~
make: *** [Src/subdir.mk:24: Src/main.o] Error 1
"make -j8 all" terminated with exit code 2. Build might be incomplete.
11:54:22 **** Incremental Build of configuration Debug for project lesson 1 ****
make -j8 all 
arm-none-eabi-gcc "../Src/main.c" -mcpu=cortex-m3 -std=gnu11 -g3 -DSTM32 -DSTM32F1 -DSTM32F103C6Tx -DDEBUG -c -I../Inc -O0 -ffunction-sections -fdata-sections -Wall -fstack-usage -MMD -MP -MF"Src/main.d" -MT"Src/main.o" --specs=nano.specs -mfloat-abi=soft -mthumb -o "Src/main.o"
../Src/main.c: In function 'main':
../Src/main.c:32:2: error: 'ABP2ENR' undeclared (first use in this function); did you mean 'APB2ENR'?
  ABP2ENR |= (1<<IOPAEN);
  ^~~~~~~
  APB2ENR
../Src/main.c:32:2: note: each undeclared identifier is reported only once for each function it appears in
../Src/main.c:32:17: error: 'IOPAEN' undeclared (first use in this function)
  ABP2ENR |= (1<<IOPAEN);
                 ^~~~~~
make: *** [Src/subdir.mk:24: Src/main.o] Error 1
"make -j8 all" terminated with exit code 2. Build might be incomplete.
11:54:41 **** Incremental Build of configuration Debug for project lesson 1 ****
make -j8 all 
arm-none-eabi-gcc "../Src/main.c" -mcpu=cortex-m3 -std=gnu11 -g3 -DSTM32 -DSTM32F1 -DSTM32F103C6Tx -DDEBUG -c -I../Inc -O0 -ffunction-sections -fdata-sections -Wall -fstack-usage -MMD -MP -MF"Src/main.d" -MT"Src/main.o" --specs=nano.specs -mfloat-abi=soft -mthumb -o "Src/main.o"
../Src/main.c: In function 'main':
../Src/main.c:32:2: error: 'ABP2ENR' undeclared (first use in this function); did you mean 'APB2ENR'?
  ABP2ENR |= (1<<2);
  ^~~~~~~
  APB2ENR
../Src/main.c:32:2: note: each undeclared identifier is reported only once for each function it appears in
make: *** [Src/subdir.mk:24: Src/main.o] Error 1
"make -j8 all" terminated with exit code 2. Build might be incomplete.
11:55:00 **** Incremental Build of configuration Debug for project lesson 1 ****
make -j8 all 
arm-none-eabi-gcc "../Src/main.c" -mcpu=cortex-m3 -std=gnu11 -g3 -DSTM32 -DSTM32F1 -DSTM32F103C6Tx -DDEBUG -c -I../Inc -O0 -ffunction-sections -fdata-sections -Wall -fstack-usage -MMD -MP -MF"Src/main.d" -MT"Src/main.o" --specs=nano.specs -mfloat-abi=soft -mthumb -o "Src/main.o"
arm-none-eabi-gcc -o "lesson 1.elf" @"objects.list"   -mcpu=cortex-m3 -T"D:\Embedded\KEROLES\Mastering Embedded System\github\Mastering-Embedded-Diploma\Embedded C\Unit3\lesson 1\lesson 1\STM32F103C6TX_FLASH.ld" --specs=nosys.specs -Wl,-Map="lesson 1.map" -Wl,--gc-sections -static --specs=nano.specs -mfloat-abi=soft -mthumb -Wl,--start-group -lc -lm -Wl,--end-group
Finished building target: lesson 1.elf
 
arm-none-eabi-objdump -h -S  lesson\ 1.elf  > "lesson 1.list"
arm-none-eabi-objcopy  -O binary  lesson\ 1.elf  "lesson 1.bin"
arm-none-eabi-size   lesson\ 1.elf 
   text	   data	    bss	    dec	    hex	filename
    672	      8	   1568	   2248	    8c8	lesson 1.elf
Finished building: default.size.stdout
 
Finished building: lesson 1.bin
Finished building: lesson 1.list
 
 
11:58:35 **** Incremental Build of configuration Debug for project lesson 1 ****
make -j8 all 
arm-none-eabi-gcc "../Src/main.c" -mcpu=cortex-m3 -std=gnu11 -g3 -DSTM32 -DSTM32F1 -DSTM32F103C6Tx -DDEBUG -c -I../Inc -O0 -ffunction-sections -fdata-sections -Wall -fstack-usage -MMD -MP -MF"Src/main.d" -MT"Src/main.o" --specs=nano.specs -mfloat-abi=soft -mthumb -o "Src/main.o"
arm-none-eabi-gcc -o "lesson 1.elf" @"objects.list"   -mcpu=cortex-m3 -T"D:\Embedded\KEROLES\Mastering Embedded System\github\Mastering-Embedded-Diploma\Embedded C\Unit3\lesson 1\lesson 1\STM32F103C6TX_FLASH.ld" --specs=nosys.specs -Wl,-Map="lesson 1.map" -Wl,--gc-sections -static --specs=nano.specs -mfloat-abi=soft -mthumb -Wl,--start-group -lc -lm -Wl,--end-group
Finished building target: lesson 1.elf
 
arm-none-eabi-objdump -h -S  lesson\ 1.elf  > "lesson 1.list"
arm-none-eabi-objcopy  -O binary  lesson\ 1.elf  "lesson 1.bin"
arm-none-eabi-size   lesson\ 1.elf 
   text	   data	    bss	    dec	    hex	filename
    672	      8	   1568	   2248	    8c8	lesson 1.elf
Finished building: default.size.stdout
 
Finished building: lesson 1.bin
Finished building: lesson 1.list
 
 
12:25:58 **** Incremental Build of configuration Debug for project lesson 1 ****
make -j8 all 
arm-none-eabi-size   lesson\ 1.elf 
arm-none-eabi-objcopy  -O ihex  lesson\ 1.elf  "lesson 1.hex"
   text	   data	    bss	    dec	    hex	filename
    672	      8	   1568	   2248	    8c8	lesson 1.elf
Finished building: default.size.stdout
 
Finished building: lesson 1.hex
 
12:43:50 **** Incremental Build of configuration Debug for project lesson 1 ****
make -j8 all 
arm-none-eabi-gcc "../Src/main.c" -mcpu=cortex-m3 -std=gnu11 -g3 -DSTM32 -DSTM32F1 -DSTM32F103C6Tx -DDEBUG -c -I../Inc -O0 -ffunction-sections -fdata-sections -Wall -fstack-usage -MMD -MP -MF"Src/main.d" -MT"Src/main.o" --specs=nano.specs -mfloat-abi=soft -mthumb -o "Src/main.o"
arm-none-eabi-gcc -o "lesson 1.elf" @"objects.list"   -mcpu=cortex-m3 -T"D:\Embedded\KEROLES\Mastering Embedded System\github\Mastering-Embedded-Diploma\Embedded C\Unit3\lesson 1\lesson 1\STM32F103C6TX_FLASH.ld" --specs=nosys.specs -Wl,-Map="lesson 1.map" -Wl,--gc-sections -static --specs=nano.specs -mfloat-abi=soft -mthumb -Wl,--start-group -lc -lm -Wl,--end-group
Finished building target: lesson 1.elf
 
arm-none-eabi-objdump -h -S  lesson\ 1.elf  > "lesson 1.list"
arm-none-eabi-objcopy  -O ihex  lesson\ 1.elf  "lesson 1.hex"
arm-none-eabi-objcopy  -O binary  lesson\ 1.elf  "lesson 1.bin"
arm-none-eabi-size   lesson\ 1.elf 
   text	   data	    bss	    dec	    hex	filename
    672	     12	   1564	   2248	    8c8	lesson 1.elf
Finished building: default.size.stdout
Finished building: lesson 1.list
Finished building: lesson 1.hex
Finished building: lesson 1.bin
 
 
 
 
