
Allocating common symbols
Common symbol       size              file

algo                0x1               alarm.o
alarm_state         0x4               alarm.o
actuator_state      0x4               actuator.o
sen_STATE           0x4               main.o
sensor              0x1               main.o
algo_STATE          0x4               alarm.o

Memory Configuration

Name             Origin             Length             Attributes
FLASH            0x08000000         0x00020000         xr
SRAM             0x20000000         0x00005000         xrw
*default*        0x00000000         0xffffffff

Linker script and memory map


.text           0x08000000      0x4ec
 *(.vectors*)
 .vectors       0x08000000       0x1c startup.o
                0x08000000                vectors
 *(.text*)
 .text          0x0800001c       0x90 actuator.o
                0x0800001c                stopAlarm
                0x0800002c                startAlarm
                0x0800003c                init
                0x08000048                ST_actuator_waiting
                0x08000074                ST_actuator_off
                0x08000090                ST_actuator_on
 .text          0x080000ac       0xd4 alarm.o
                0x080000ac                detect_high_pressure
                0x080000c8                ST_alarm_off
                0x080000f4                ST_alarm_on
                0x0800012c                ST_alarm_waiting
 .text          0x08000180      0x10c driver.o
                0x08000180                Delay
                0x080001a4                getPressureVal
                0x080001bc                Set_Alarm_actuator
                0x0800020c                GPIO_INITIALIZATION
 .text          0x0800028c       0xb4 main.o
                0x0800028c                setup
                0x080002f8                main
 .text          0x08000340       0x74 mainalgorithem.o
                0x08000340                get_pVal
                0x08000358                ST_High_Pressure_Detection
 .text          0x080003b4       0x7c pSensor.o
                0x080003b4                sensor_init
                0x080003c0                ST_reading
                0x080003ec                ST_waiting
 .text          0x08000430       0xbc startup.o
                0x08000430                Reset_Handler
                0x080004e0                MM_Fault_Handler
                0x080004e0                Bus_Fault_Handler
                0x080004e0                Default_Handler
                0x080004e0                Usage_Fault_Handler
                0x080004e0                Hard_Fault_Handler
                0x080004e0                NMI_Handler
 *(.rodata)
                0x080004ec                _E_text = .

.glue_7         0x080004ec        0x0
 .glue_7        0x00000000        0x0 linker stubs

.glue_7t        0x080004ec        0x0
 .glue_7t       0x00000000        0x0 linker stubs

.vfp11_veneer   0x080004ec        0x0
 .vfp11_veneer  0x00000000        0x0 linker stubs

.v4_bx          0x080004ec        0x0
 .v4_bx         0x00000000        0x0 linker stubs

.iplt           0x080004ec        0x0
 .iplt          0x00000000        0x0 actuator.o

.rel.dyn        0x080004ec        0x0
 .rel.iplt      0x00000000        0x0 actuator.o

.data           0x20000000        0x4 load address 0x080004ec
                0x20000000                _S_DATA = .
 *(.data)
 .data          0x20000000        0x0 actuator.o
 .data          0x20000000        0x0 alarm.o
 .data          0x20000000        0x0 driver.o
 .data          0x20000000        0x0 main.o
 .data          0x20000000        0x4 mainalgorithem.o
                0x20000000                threshold
 .data          0x20000004        0x0 pSensor.o
 .data          0x20000004        0x0 startup.o
 *(.data.*)
                0x20000004                . = ALIGN (0x4)
                0x20000004                _E_DATA = .

.igot.plt       0x20000004        0x0 load address 0x080004f0
 .igot.plt      0x00000000        0x0 actuator.o

.bss            0x20000004     0x2029 load address 0x080004f0
                0x20000004                _S_BSS = .
 *(.bss*)
 .bss           0x20000004        0x0 actuator.o
 .bss           0x20000004        0x8 alarm.o
                0x20000004                alarm_timer
                0x20000008                alarm_flag
 .bss           0x2000000c        0x0 driver.o
 .bss           0x2000000c        0x0 main.o
 .bss           0x2000000c        0x4 mainalgorithem.o
                0x2000000c                pVal
 .bss           0x20000010        0x8 pSensor.o
                0x20000014                sTimer
 .bss           0x20000018        0x0 startup.o
                0x20000018                _E_BSS = .
                0x20000018                . = ALIGN (0x4)
                0x20001018                . = (. + 0x1000)
 *fill*         0x20000018     0x1000 
                0x20001018                _heap_End = .
                0x20001018                . = ALIGN (0x4)
                0x20002018                . = (. + 0x1000)
 *fill*         0x20001018     0x1000 
                0x20002018                _stack_top = .
 COMMON         0x20002018        0x4 actuator.o
                0x20002018                actuator_state
 COMMON         0x2000201c        0xc alarm.o
                0x2000201c                algo
                0x20002020                alarm_state
                0x20002024                algo_STATE
 COMMON         0x20002028        0x5 main.o
                0x20002028                sen_STATE
                0x2000202c                sensor
LOAD actuator.o
LOAD alarm.o
LOAD driver.o
LOAD main.o
LOAD mainalgorithem.o
LOAD pSensor.o
LOAD startup.o
OUTPUT(PROJECT1.elf elf32-littlearm)

.debug_info     0x00000000      0x918
 .debug_info    0x00000000      0x124 actuator.o
 .debug_info    0x00000124      0x144 alarm.o
 .debug_info    0x00000268      0x103 driver.o
 .debug_info    0x0000036b      0x18f main.o
 .debug_info    0x000004fa      0x143 mainalgorithem.o
 .debug_info    0x0000063d      0x14b pSensor.o
 .debug_info    0x00000788      0x190 startup.o

.debug_abbrev   0x00000000      0x48c
 .debug_abbrev  0x00000000       0x8d actuator.o
 .debug_abbrev  0x0000008d       0x92 alarm.o
 .debug_abbrev  0x0000011f       0x9d driver.o
 .debug_abbrev  0x000001bc       0xa7 main.o
 .debug_abbrev  0x00000263       0xb9 mainalgorithem.o
 .debug_abbrev  0x0000031c       0xa5 pSensor.o
 .debug_abbrev  0x000003c1       0xcb startup.o

.debug_loc      0x00000000      0x418
 .debug_loc     0x00000000      0x108 actuator.o
 .debug_loc     0x00000108       0xb0 alarm.o
 .debug_loc     0x000001b8       0xc8 driver.o
 .debug_loc     0x00000280       0x58 main.o
 .debug_loc     0x000002d8       0x58 mainalgorithem.o
 .debug_loc     0x00000330       0x84 pSensor.o
 .debug_loc     0x000003b4       0x64 startup.o

.debug_aranges  0x00000000       0xe0
 .debug_aranges
                0x00000000       0x20 actuator.o
 .debug_aranges
                0x00000020       0x20 alarm.o
 .debug_aranges
                0x00000040       0x20 driver.o
 .debug_aranges
                0x00000060       0x20 main.o
 .debug_aranges
                0x00000080       0x20 mainalgorithem.o
 .debug_aranges
                0x000000a0       0x20 pSensor.o
 .debug_aranges
                0x000000c0       0x20 startup.o

.debug_line     0x00000000      0x32b
 .debug_line    0x00000000       0x5c actuator.o
 .debug_line    0x0000005c       0x6d alarm.o
 .debug_line    0x000000c9       0x99 driver.o
 .debug_line    0x00000162       0x99 main.o
 .debug_line    0x000001fb       0x5f mainalgorithem.o
 .debug_line    0x0000025a       0x56 pSensor.o
 .debug_line    0x000002b0       0x7b startup.o

.debug_str      0x00000000      0x33d
 .debug_str     0x00000000      0x140 actuator.o
                                0x17e (size before relaxing)
 .debug_str     0x00000140       0x6f alarm.o
                                0x19e (size before relaxing)
 .debug_str     0x000001af       0x55 driver.o
                                0x161 (size before relaxing)
 .debug_str     0x00000204       0x23 main.o
                                0x1d3 (size before relaxing)
 .debug_str     0x00000227       0x3f mainalgorithem.o
                                0x17e (size before relaxing)
 .debug_str     0x00000266       0x3c pSensor.o
                                0x16e (size before relaxing)
 .debug_str     0x000002a2       0x9b startup.o
                                0x19c (size before relaxing)

.comment        0x00000000       0x11
 .comment       0x00000000       0x11 actuator.o
                                 0x12 (size before relaxing)
 .comment       0x00000000       0x12 alarm.o
 .comment       0x00000000       0x12 driver.o
 .comment       0x00000000       0x12 main.o
 .comment       0x00000000       0x12 mainalgorithem.o
 .comment       0x00000000       0x12 pSensor.o
 .comment       0x00000000       0x12 startup.o

.ARM.attributes
                0x00000000       0x33
 .ARM.attributes
                0x00000000       0x33 actuator.o
 .ARM.attributes
                0x00000033       0x33 alarm.o
 .ARM.attributes
                0x00000066       0x33 driver.o
 .ARM.attributes
                0x00000099       0x33 main.o
 .ARM.attributes
                0x000000cc       0x33 mainalgorithem.o
 .ARM.attributes
                0x000000ff       0x33 pSensor.o
 .ARM.attributes
                0x00000132       0x33 startup.o

.debug_frame    0x00000000      0x2e4
 .debug_frame   0x00000000       0xb0 actuator.o
 .debug_frame   0x000000b0       0x7c alarm.o
 .debug_frame   0x0000012c       0x78 driver.o
 .debug_frame   0x000001a4       0x48 main.o
 .debug_frame   0x000001ec       0x48 mainalgorithem.o
 .debug_frame   0x00000234       0x64 pSensor.o
 .debug_frame   0x00000298       0x4c startup.o
