
Allocating common symbols
Common symbol       size              file

bss_var             0x3               main.o

Memory Configuration

Name             Origin             Length             Attributes
FLASH            0x08000000         0x00020000         xr
SRAM             0x20000000         0x00005000         xrw
*default*        0x00000000         0xffffffff

Linker script and memory map


.text           0x08000000      0x20c
 *(.vectors*)
 .vectors       0x08000000       0x1c startup.o
                0x08000000                vectors
 *(.text*)
 .text          0x0800001c      0x134 main.o
                0x0800001c                _sbrk
                0x0800009c                main
 .text          0x08000150       0xbc startup.o
                0x08000150                Reset_Handler
                0x08000200                MM_Fault_Handler
                0x08000200                Bus_Fault_Handler
                0x08000200                Default_Handler
                0x08000200                Usage_Fault_Handler
                0x08000200                Hard_Fault_Handler
                0x08000200                NMI_Handler
 *(.rodata)
                0x0800020c                _E_text = .

.glue_7         0x0800020c        0x0
 .glue_7        0x00000000        0x0 linker stubs

.glue_7t        0x0800020c        0x0
 .glue_7t       0x00000000        0x0 linker stubs

.vfp11_veneer   0x0800020c        0x0
 .vfp11_veneer  0x00000000        0x0 linker stubs

.v4_bx          0x0800020c        0x0
 .v4_bx         0x00000000        0x0 linker stubs

.iplt           0x0800020c        0x0
 .iplt          0x00000000        0x0 main.o

.rel.dyn        0x0800020c        0x0
 .rel.iplt      0x00000000        0x0 main.o

.data           0x20000000        0xc load address 0x0800020c
                0x20000000                _S_DATA = .
 *(.data)
 .data          0x20000000        0xc main.o
                0x20000000                R_ODR_PTR
                0x20000004                g_variables
                0x20000008                const_variables
 .data          0x2000000c        0x0 startup.o
 *(.data.*)
                0x2000000c                . = ALIGN (0x4)
                0x2000000c                _E_DATA = .

.igot.plt       0x2000000c        0x0 load address 0x08000218
 .igot.plt      0x00000000        0x0 main.o

.bss            0x2000000c     0x2007 load address 0x08000218
                0x2000000c                _S_BSS = .
 *(.bss*)
 .bss           0x2000000c        0x4 main.o
 .bss           0x20000010        0x0 startup.o
                0x20000010                _E_BSS = .
                0x20000010                . = ALIGN (0x4)
                0x20001010                . = (. + 0x1000)
 *fill*         0x20000010     0x1000 
                0x20001010                _heap_End = .
                0x20001010                . = ALIGN (0x4)
                0x20002010                . = (. + 0x1000)
 *fill*         0x20001010     0x1000 
                0x20002010                _stack_top = .
 COMMON         0x20002010        0x3 main.o
                0x20002010                bss_var
LOAD main.o
LOAD startup.o
OUTPUT(learn_in_depth_cortex_m3.elf elf32-littlearm)

.debug_info     0x00000000      0x3aa
 .debug_info    0x00000000      0x21a main.o
 .debug_info    0x0000021a      0x190 startup.o

.debug_abbrev   0x00000000      0x1fb
 .debug_abbrev  0x00000000      0x130 main.o
 .debug_abbrev  0x00000130       0xcb startup.o

.debug_loc      0x00000000       0xd4
 .debug_loc     0x00000000       0x70 main.o
 .debug_loc     0x00000070       0x64 startup.o

.debug_aranges  0x00000000       0x40
 .debug_aranges
                0x00000000       0x20 main.o
 .debug_aranges
                0x00000020       0x20 startup.o

.debug_line     0x00000000       0xf0
 .debug_line    0x00000000       0x75 main.o
 .debug_line    0x00000075       0x7b startup.o

.debug_str      0x00000000      0x1e6
 .debug_str     0x00000000      0x167 main.o
                                0x1a9 (size before relaxing)
 .debug_str     0x00000167       0x7f startup.o
                                0x198 (size before relaxing)

.comment        0x00000000       0x11
 .comment       0x00000000       0x11 main.o
                                 0x12 (size before relaxing)
 .comment       0x00000000       0x12 startup.o

.ARM.attributes
                0x00000000       0x33
 .ARM.attributes
                0x00000000       0x33 main.o
 .ARM.attributes
                0x00000033       0x33 startup.o

.debug_frame    0x00000000       0x98
 .debug_frame   0x00000000       0x4c main.o
 .debug_frame   0x0000004c       0x4c startup.o
