Archive member included to satisfy reference by file (symbol)

c:/st/stm32cubeide_1.4.0/stm32cubeide/plugins/com.st.stm32cube.ide.mcu.externaltools.gnu-tools-for-stm32.7-2018-q2-update.win32_1.4.0.202007081208/tools/bin/../lib/gcc/arm-none-eabi/7.3.1/../../../../arm-none-eabi/lib/thumb/v7-m\libc_nano.a(lib_a-errno.o)
                              Src/syscalls.o (__errno)
c:/st/stm32cubeide_1.4.0/stm32cubeide/plugins/com.st.stm32cube.ide.mcu.externaltools.gnu-tools-for-stm32.7-2018-q2-update.win32_1.4.0.202007081208/tools/bin/../lib/gcc/arm-none-eabi/7.3.1/../../../../arm-none-eabi/lib/thumb/v7-m\libc_nano.a(lib_a-exit.o)
                              c:/st/stm32cubeide_1.4.0/stm32cubeide/plugins/com.st.stm32cube.ide.mcu.externaltools.gnu-tools-for-stm32.7-2018-q2-update.win32_1.4.0.202007081208/tools/bin/../lib/gcc/arm-none-eabi/7.3.1/../../../../arm-none-eabi/lib/thumb/v7-m/crt0.o (exit)
c:/st/stm32cubeide_1.4.0/stm32cubeide/plugins/com.st.stm32cube.ide.mcu.externaltools.gnu-tools-for-stm32.7-2018-q2-update.win32_1.4.0.202007081208/tools/bin/../lib/gcc/arm-none-eabi/7.3.1/../../../../arm-none-eabi/lib/thumb/v7-m\libc_nano.a(lib_a-impure.o)
                              c:/st/stm32cubeide_1.4.0/stm32cubeide/plugins/com.st.stm32cube.ide.mcu.externaltools.gnu-tools-for-stm32.7-2018-q2-update.win32_1.4.0.202007081208/tools/bin/../lib/gcc/arm-none-eabi/7.3.1/../../../../arm-none-eabi/lib/thumb/v7-m\libc_nano.a(lib_a-exit.o) (_global_impure_ptr)
c:/st/stm32cubeide_1.4.0/stm32cubeide/plugins/com.st.stm32cube.ide.mcu.externaltools.gnu-tools-for-stm32.7-2018-q2-update.win32_1.4.0.202007081208/tools/bin/../lib/gcc/arm-none-eabi/7.3.1/../../../../arm-none-eabi/lib/thumb/v7-m\libc_nano.a(lib_a-init.o)
                              c:/st/stm32cubeide_1.4.0/stm32cubeide/plugins/com.st.stm32cube.ide.mcu.externaltools.gnu-tools-for-stm32.7-2018-q2-update.win32_1.4.0.202007081208/tools/bin/../lib/gcc/arm-none-eabi/7.3.1/../../../../arm-none-eabi/lib/thumb/v7-m/crt0.o (__libc_init_array)
c:/st/stm32cubeide_1.4.0/stm32cubeide/plugins/com.st.stm32cube.ide.mcu.externaltools.gnu-tools-for-stm32.7-2018-q2-update.win32_1.4.0.202007081208/tools/bin/../lib/gcc/arm-none-eabi/7.3.1/../../../../arm-none-eabi/lib/thumb/v7-m\libc_nano.a(lib_a-memset.o)
                              c:/st/stm32cubeide_1.4.0/stm32cubeide/plugins/com.st.stm32cube.ide.mcu.externaltools.gnu-tools-for-stm32.7-2018-q2-update.win32_1.4.0.202007081208/tools/bin/../lib/gcc/arm-none-eabi/7.3.1/../../../../arm-none-eabi/lib/thumb/v7-m/crt0.o (memset)

Allocating common symbols
Common symbol       size              file

pinCFG              0x4               HAL/keypad_driver/keypad.o
GP_EXTI_CallBack    0x3c              MCAL/EXTI_driver/EXTI_driver.o
ch                  0x4               Src/main.o

Discarded input sections

 .text          0x0000000000000000        0x0 c:/st/stm32cubeide_1.4.0/stm32cubeide/plugins/com.st.stm32cube.ide.mcu.externaltools.gnu-tools-for-stm32.7-2018-q2-update.win32_1.4.0.202007081208/tools/bin/../lib/gcc/arm-none-eabi/7.3.1/thumb/v7-m/crti.o
 .data          0x0000000000000000        0x0 c:/st/stm32cubeide_1.4.0/stm32cubeide/plugins/com.st.stm32cube.ide.mcu.externaltools.gnu-tools-for-stm32.7-2018-q2-update.win32_1.4.0.202007081208/tools/bin/../lib/gcc/arm-none-eabi/7.3.1/thumb/v7-m/crti.o
 .bss           0x0000000000000000        0x0 c:/st/stm32cubeide_1.4.0/stm32cubeide/plugins/com.st.stm32cube.ide.mcu.externaltools.gnu-tools-for-stm32.7-2018-q2-update.win32_1.4.0.202007081208/tools/bin/../lib/gcc/arm-none-eabi/7.3.1/thumb/v7-m/crti.o
 .data          0x0000000000000000        0x4 c:/st/stm32cubeide_1.4.0/stm32cubeide/plugins/com.st.stm32cube.ide.mcu.externaltools.gnu-tools-for-stm32.7-2018-q2-update.win32_1.4.0.202007081208/tools/bin/../lib/gcc/arm-none-eabi/7.3.1/thumb/v7-m/crtbegin.o
 .text          0x0000000000000000       0x74 c:/st/stm32cubeide_1.4.0/stm32cubeide/plugins/com.st.stm32cube.ide.mcu.externaltools.gnu-tools-for-stm32.7-2018-q2-update.win32_1.4.0.202007081208/tools/bin/../lib/gcc/arm-none-eabi/7.3.1/../../../../arm-none-eabi/lib/thumb/v7-m/crt0.o
 .data          0x0000000000000000        0x0 c:/st/stm32cubeide_1.4.0/stm32cubeide/plugins/com.st.stm32cube.ide.mcu.externaltools.gnu-tools-for-stm32.7-2018-q2-update.win32_1.4.0.202007081208/tools/bin/../lib/gcc/arm-none-eabi/7.3.1/../../../../arm-none-eabi/lib/thumb/v7-m/crt0.o
 .bss           0x0000000000000000        0x0 c:/st/stm32cubeide_1.4.0/stm32cubeide/plugins/com.st.stm32cube.ide.mcu.externaltools.gnu-tools-for-stm32.7-2018-q2-update.win32_1.4.0.202007081208/tools/bin/../lib/gcc/arm-none-eabi/7.3.1/../../../../arm-none-eabi/lib/thumb/v7-m/crt0.o
 .ARM.extab     0x0000000000000000        0x0 c:/st/stm32cubeide_1.4.0/stm32cubeide/plugins/com.st.stm32cube.ide.mcu.externaltools.gnu-tools-for-stm32.7-2018-q2-update.win32_1.4.0.202007081208/tools/bin/../lib/gcc/arm-none-eabi/7.3.1/../../../../arm-none-eabi/lib/thumb/v7-m/crt0.o
 .ARM.exidx     0x0000000000000000        0x8 c:/st/stm32cubeide_1.4.0/stm32cubeide/plugins/com.st.stm32cube.ide.mcu.externaltools.gnu-tools-for-stm32.7-2018-q2-update.win32_1.4.0.202007081208/tools/bin/../lib/gcc/arm-none-eabi/7.3.1/../../../../arm-none-eabi/lib/thumb/v7-m/crt0.o
 .ARM.attributes
                0x0000000000000000       0x1b c:/st/stm32cubeide_1.4.0/stm32cubeide/plugins/com.st.stm32cube.ide.mcu.externaltools.gnu-tools-for-stm32.7-2018-q2-update.win32_1.4.0.202007081208/tools/bin/../lib/gcc/arm-none-eabi/7.3.1/../../../../arm-none-eabi/lib/thumb/v7-m/crt0.o
 .group         0x0000000000000000        0xc HAL/keypad_driver/keypad.o
 .group         0x0000000000000000        0xc HAL/keypad_driver/keypad.o
 .group         0x0000000000000000        0xc HAL/keypad_driver/keypad.o
 .group         0x0000000000000000        0xc HAL/keypad_driver/keypad.o
 .group         0x0000000000000000        0xc HAL/keypad_driver/keypad.o
 .group         0x0000000000000000        0xc HAL/keypad_driver/keypad.o
 .group         0x0000000000000000        0xc HAL/keypad_driver/keypad.o
 .group         0x0000000000000000        0xc HAL/keypad_driver/keypad.o
 .group         0x0000000000000000        0xc HAL/keypad_driver/keypad.o
 .group         0x0000000000000000        0xc HAL/keypad_driver/keypad.o
 .group         0x0000000000000000        0xc HAL/keypad_driver/keypad.o
 .group         0x0000000000000000        0xc HAL/keypad_driver/keypad.o
 .group         0x0000000000000000        0xc HAL/keypad_driver/keypad.o
 .group         0x0000000000000000        0xc HAL/keypad_driver/keypad.o
 .group         0x0000000000000000        0xc HAL/keypad_driver/keypad.o
 .group         0x0000000000000000        0xc HAL/keypad_driver/keypad.o
 .group         0x0000000000000000        0xc HAL/keypad_driver/keypad.o
 .group         0x0000000000000000        0xc HAL/keypad_driver/keypad.o
 .group         0x0000000000000000        0xc HAL/keypad_driver/keypad.o
 .group         0x0000000000000000        0xc HAL/keypad_driver/keypad.o
 .group         0x0000000000000000        0xc HAL/keypad_driver/keypad.o
 .group         0x0000000000000000        0xc HAL/keypad_driver/keypad.o
 .group         0x0000000000000000        0xc HAL/keypad_driver/keypad.o
 .group         0x0000000000000000        0xc HAL/keypad_driver/keypad.o
 .group         0x0000000000000000        0xc HAL/keypad_driver/keypad.o
 .text          0x0000000000000000        0x0 HAL/keypad_driver/keypad.o
 .data          0x0000000000000000        0x0 HAL/keypad_driver/keypad.o
 .bss           0x0000000000000000        0x0 HAL/keypad_driver/keypad.o
 .data.keypadRow
                0x0000000000000000       0x10 HAL/keypad_driver/keypad.o
 .data.keypadColumn
                0x0000000000000000       0x10 HAL/keypad_driver/keypad.o
 .text.KEYPAD_init
                0x0000000000000000       0xec HAL/keypad_driver/keypad.o
 .text.KEYPAD_getKey
                0x0000000000000000      0x194 HAL/keypad_driver/keypad.o
 .debug_info    0x0000000000000000      0xb15 HAL/keypad_driver/keypad.o
 .debug_abbrev  0x0000000000000000      0x1a8 HAL/keypad_driver/keypad.o
 .debug_loc     0x0000000000000000       0x7c HAL/keypad_driver/keypad.o
 .debug_aranges
                0x0000000000000000       0x28 HAL/keypad_driver/keypad.o
 .debug_ranges  0x0000000000000000       0x18 HAL/keypad_driver/keypad.o
 .debug_macro   0x0000000000000000      0x152 HAL/keypad_driver/keypad.o
 .debug_macro   0x0000000000000000      0xa60 HAL/keypad_driver/keypad.o
 .debug_macro   0x0000000000000000       0x18 HAL/keypad_driver/keypad.o
 .debug_macro   0x0000000000000000       0x22 HAL/keypad_driver/keypad.o
 .debug_macro   0x0000000000000000       0x40 HAL/keypad_driver/keypad.o
 .debug_macro   0x0000000000000000       0x94 HAL/keypad_driver/keypad.o
 .debug_macro   0x0000000000000000       0x3c HAL/keypad_driver/keypad.o
 .debug_macro   0x0000000000000000       0x34 HAL/keypad_driver/keypad.o
 .debug_macro   0x0000000000000000       0x16 HAL/keypad_driver/keypad.o
 .debug_macro   0x0000000000000000      0x10e HAL/keypad_driver/keypad.o
 .debug_macro   0x0000000000000000       0x8d HAL/keypad_driver/keypad.o
 .debug_macro   0x0000000000000000       0x57 HAL/keypad_driver/keypad.o
 .debug_macro   0x0000000000000000       0x52 HAL/keypad_driver/keypad.o
 .debug_macro   0x0000000000000000       0x1f HAL/keypad_driver/keypad.o
 .debug_macro   0x0000000000000000       0x43 HAL/keypad_driver/keypad.o
 .debug_macro   0x0000000000000000       0x20 HAL/keypad_driver/keypad.o
 .debug_macro   0x0000000000000000      0x1a3 HAL/keypad_driver/keypad.o
 .debug_macro   0x0000000000000000      0x330 HAL/keypad_driver/keypad.o
 .debug_macro   0x0000000000000000       0x16 HAL/keypad_driver/keypad.o
 .debug_macro   0x0000000000000000       0x29 HAL/keypad_driver/keypad.o
 .debug_macro   0x0000000000000000       0xef HAL/keypad_driver/keypad.o
 .debug_macro   0x0000000000000000       0x6a HAL/keypad_driver/keypad.o
 .debug_macro   0x0000000000000000      0x1df HAL/keypad_driver/keypad.o
 .debug_macro   0x0000000000000000      0x15d HAL/keypad_driver/keypad.o
 .debug_macro   0x0000000000000000       0xd0 HAL/keypad_driver/keypad.o
 .debug_macro   0x0000000000000000       0x3a HAL/keypad_driver/keypad.o
 .debug_line    0x0000000000000000      0x6e8 HAL/keypad_driver/keypad.o
 .debug_str     0x0000000000000000     0x7cb1 HAL/keypad_driver/keypad.o
 .comment       0x0000000000000000       0x7c HAL/keypad_driver/keypad.o
 .debug_frame   0x0000000000000000       0x50 HAL/keypad_driver/keypad.o
 .ARM.attributes
                0x0000000000000000       0x33 HAL/keypad_driver/keypad.o
 COMMON         0x0000000000000000        0x4 HAL/keypad_driver/keypad.o
 .group         0x0000000000000000        0xc HAL/lcd_driver/lcd.o
 .group         0x0000000000000000        0xc HAL/lcd_driver/lcd.o
 .group         0x0000000000000000        0xc HAL/lcd_driver/lcd.o
 .group         0x0000000000000000        0xc HAL/lcd_driver/lcd.o
 .group         0x0000000000000000        0xc HAL/lcd_driver/lcd.o
 .group         0x0000000000000000        0xc HAL/lcd_driver/lcd.o
 .group         0x0000000000000000        0xc HAL/lcd_driver/lcd.o
 .group         0x0000000000000000        0xc HAL/lcd_driver/lcd.o
 .group         0x0000000000000000        0xc HAL/lcd_driver/lcd.o
 .group         0x0000000000000000        0xc HAL/lcd_driver/lcd.o
 .group         0x0000000000000000        0xc HAL/lcd_driver/lcd.o
 .group         0x0000000000000000        0xc HAL/lcd_driver/lcd.o
 .group         0x0000000000000000        0xc HAL/lcd_driver/lcd.o
 .group         0x0000000000000000        0xc HAL/lcd_driver/lcd.o
 .group         0x0000000000000000        0xc HAL/lcd_driver/lcd.o
 .group         0x0000000000000000        0xc HAL/lcd_driver/lcd.o
 .group         0x0000000000000000        0xc HAL/lcd_driver/lcd.o
 .group         0x0000000000000000        0xc HAL/lcd_driver/lcd.o
 .group         0x0000000000000000        0xc HAL/lcd_driver/lcd.o
 .group         0x0000000000000000        0xc HAL/lcd_driver/lcd.o
 .group         0x0000000000000000        0xc HAL/lcd_driver/lcd.o
 .group         0x0000000000000000        0xc HAL/lcd_driver/lcd.o
 .group         0x0000000000000000        0xc HAL/lcd_driver/lcd.o
 .group         0x0000000000000000        0xc HAL/lcd_driver/lcd.o
 .group         0x0000000000000000        0xc HAL/lcd_driver/lcd.o
 .text          0x0000000000000000        0x0 HAL/lcd_driver/lcd.o
 .data          0x0000000000000000        0x0 HAL/lcd_driver/lcd.o
 .bss           0x0000000000000000        0x0 HAL/lcd_driver/lcd.o
 .text.wait_ms  0x0000000000000000       0x38 HAL/lcd_driver/lcd.o
 .text.LCD_tick
                0x0000000000000000       0x30 HAL/lcd_driver/lcd.o
 .text.LCD_GPIO_init
                0x0000000000000000      0x158 HAL/lcd_driver/lcd.o
 .text.LCD_init
                0x0000000000000000       0x34 HAL/lcd_driver/lcd.o
 .text.LCD_isBusy
                0x0000000000000000       0xd8 HAL/lcd_driver/lcd.o
 .text.LCD_sendCommand
                0x0000000000000000       0x44 HAL/lcd_driver/lcd.o
 .text.LCD_displayCharacter
                0x0000000000000000       0x44 HAL/lcd_driver/lcd.o
 .text.LCD_displayString
                0x0000000000000000       0x58 HAL/lcd_driver/lcd.o
 .text.LCD_moveRowColumn
                0x0000000000000000       0x48 HAL/lcd_driver/lcd.o
 .text.LCD_clearScreen
                0x0000000000000000        0xe HAL/lcd_driver/lcd.o
 .debug_info    0x0000000000000000      0xc07 HAL/lcd_driver/lcd.o
 .debug_abbrev  0x0000000000000000      0x244 HAL/lcd_driver/lcd.o
 .debug_loc     0x0000000000000000      0x278 HAL/lcd_driver/lcd.o
 .debug_aranges
                0x0000000000000000       0x68 HAL/lcd_driver/lcd.o
 .debug_ranges  0x0000000000000000       0x58 HAL/lcd_driver/lcd.o
 .debug_macro   0x0000000000000000      0x15a HAL/lcd_driver/lcd.o
 .debug_macro   0x0000000000000000      0xa60 HAL/lcd_driver/lcd.o
 .debug_macro   0x0000000000000000       0x18 HAL/lcd_driver/lcd.o
 .debug_macro   0x0000000000000000       0x22 HAL/lcd_driver/lcd.o
 .debug_macro   0x0000000000000000       0x40 HAL/lcd_driver/lcd.o
 .debug_macro   0x0000000000000000       0x94 HAL/lcd_driver/lcd.o
 .debug_macro   0x0000000000000000       0x3c HAL/lcd_driver/lcd.o
 .debug_macro   0x0000000000000000       0x34 HAL/lcd_driver/lcd.o
 .debug_macro   0x0000000000000000       0x16 HAL/lcd_driver/lcd.o
 .debug_macro   0x0000000000000000      0x10e HAL/lcd_driver/lcd.o
 .debug_macro   0x0000000000000000       0x8d HAL/lcd_driver/lcd.o
 .debug_macro   0x0000000000000000       0x57 HAL/lcd_driver/lcd.o
 .debug_macro   0x0000000000000000       0x52 HAL/lcd_driver/lcd.o
 .debug_macro   0x0000000000000000       0x1f HAL/lcd_driver/lcd.o
 .debug_macro   0x0000000000000000       0x43 HAL/lcd_driver/lcd.o
 .debug_macro   0x0000000000000000       0x20 HAL/lcd_driver/lcd.o
 .debug_macro   0x0000000000000000      0x1a3 HAL/lcd_driver/lcd.o
 .debug_macro   0x0000000000000000      0x330 HAL/lcd_driver/lcd.o
 .debug_macro   0x0000000000000000       0x16 HAL/lcd_driver/lcd.o
 .debug_macro   0x0000000000000000       0x29 HAL/lcd_driver/lcd.o
 .debug_macro   0x0000000000000000       0xef HAL/lcd_driver/lcd.o
 .debug_macro   0x0000000000000000       0x6a HAL/lcd_driver/lcd.o
 .debug_macro   0x0000000000000000      0x1df HAL/lcd_driver/lcd.o
 .debug_macro   0x0000000000000000      0x15d HAL/lcd_driver/lcd.o
 .debug_macro   0x0000000000000000       0xd0 HAL/lcd_driver/lcd.o
 .debug_macro   0x0000000000000000       0x88 HAL/lcd_driver/lcd.o
 .debug_line    0x0000000000000000      0x770 HAL/lcd_driver/lcd.o
 .debug_str     0x0000000000000000     0x7e95 HAL/lcd_driver/lcd.o
 .comment       0x0000000000000000       0x7c HAL/lcd_driver/lcd.o
 .debug_frame   0x0000000000000000      0x154 HAL/lcd_driver/lcd.o
 .ARM.attributes
                0x0000000000000000       0x33 HAL/lcd_driver/lcd.o
 .group         0x0000000000000000        0xc MCAL/EXTI_driver/EXTI_driver.o
 .group         0x0000000000000000        0xc MCAL/EXTI_driver/EXTI_driver.o
 .group         0x0000000000000000        0xc MCAL/EXTI_driver/EXTI_driver.o
 .group         0x0000000000000000        0xc MCAL/EXTI_driver/EXTI_driver.o
 .group         0x0000000000000000        0xc MCAL/EXTI_driver/EXTI_driver.o
 .group         0x0000000000000000        0xc MCAL/EXTI_driver/EXTI_driver.o
 .group         0x0000000000000000        0xc MCAL/EXTI_driver/EXTI_driver.o
 .group         0x0000000000000000        0xc MCAL/EXTI_driver/EXTI_driver.o
 .group         0x0000000000000000        0xc MCAL/EXTI_driver/EXTI_driver.o
 .group         0x0000000000000000        0xc MCAL/EXTI_driver/EXTI_driver.o
 .group         0x0000000000000000        0xc MCAL/EXTI_driver/EXTI_driver.o
 .group         0x0000000000000000        0xc MCAL/EXTI_driver/EXTI_driver.o
 .group         0x0000000000000000        0xc MCAL/EXTI_driver/EXTI_driver.o
 .group         0x0000000000000000        0xc MCAL/EXTI_driver/EXTI_driver.o
 .group         0x0000000000000000        0xc MCAL/EXTI_driver/EXTI_driver.o
 .group         0x0000000000000000        0xc MCAL/EXTI_driver/EXTI_driver.o
 .group         0x0000000000000000        0xc MCAL/EXTI_driver/EXTI_driver.o
 .group         0x0000000000000000        0xc MCAL/EXTI_driver/EXTI_driver.o
 .group         0x0000000000000000        0xc MCAL/EXTI_driver/EXTI_driver.o
 .group         0x0000000000000000        0xc MCAL/EXTI_driver/EXTI_driver.o
 .group         0x0000000000000000        0xc MCAL/EXTI_driver/EXTI_driver.o
 .group         0x0000000000000000        0xc MCAL/EXTI_driver/EXTI_driver.o
 .group         0x0000000000000000        0xc MCAL/EXTI_driver/EXTI_driver.o
 .group         0x0000000000000000        0xc MCAL/EXTI_driver/EXTI_driver.o
 .group         0x0000000000000000        0xc MCAL/EXTI_driver/EXTI_driver.o
 .text          0x0000000000000000        0x0 MCAL/EXTI_driver/EXTI_driver.o
 .data          0x0000000000000000        0x0 MCAL/EXTI_driver/EXTI_driver.o
 .bss           0x0000000000000000        0x0 MCAL/EXTI_driver/EXTI_driver.o
 .text.NVIC_Enable
                0x0000000000000000       0xcc MCAL/EXTI_driver/EXTI_driver.o
 .text.NVIC_Disable
                0x0000000000000000       0xcc MCAL/EXTI_driver/EXTI_driver.o
 .text.Update_EXTI_GPIO
                0x0000000000000000      0x1e0 MCAL/EXTI_driver/EXTI_driver.o
 .text.MCAL_EXTI_GPIO_Init
                0x0000000000000000       0x16 MCAL/EXTI_driver/EXTI_driver.o
 .text.MCAL_EXTI_GPIO_DeInit
                0x0000000000000000       0x94 MCAL/EXTI_driver/EXTI_driver.o
 .text.MCAL_EXTI_GPIO_Update
                0x0000000000000000       0x16 MCAL/EXTI_driver/EXTI_driver.o
 .debug_macro   0x0000000000000000      0xa60 MCAL/EXTI_driver/EXTI_driver.o
 .debug_macro   0x0000000000000000       0x18 MCAL/EXTI_driver/EXTI_driver.o
 .debug_macro   0x0000000000000000       0x22 MCAL/EXTI_driver/EXTI_driver.o
 .debug_macro   0x0000000000000000       0x40 MCAL/EXTI_driver/EXTI_driver.o
 .debug_macro   0x0000000000000000       0x94 MCAL/EXTI_driver/EXTI_driver.o
 .debug_macro   0x0000000000000000       0x3c MCAL/EXTI_driver/EXTI_driver.o
 .debug_macro   0x0000000000000000       0x34 MCAL/EXTI_driver/EXTI_driver.o
 .debug_macro   0x0000000000000000       0x16 MCAL/EXTI_driver/EXTI_driver.o
 .debug_macro   0x0000000000000000      0x10e MCAL/EXTI_driver/EXTI_driver.o
 .debug_macro   0x0000000000000000       0x8d MCAL/EXTI_driver/EXTI_driver.o
 .debug_macro   0x0000000000000000       0x57 MCAL/EXTI_driver/EXTI_driver.o
 .debug_macro   0x0000000000000000       0x52 MCAL/EXTI_driver/EXTI_driver.o
 .debug_macro   0x0000000000000000       0x1f MCAL/EXTI_driver/EXTI_driver.o
 .debug_macro   0x0000000000000000       0x43 MCAL/EXTI_driver/EXTI_driver.o
 .debug_macro   0x0000000000000000       0x20 MCAL/EXTI_driver/EXTI_driver.o
 .debug_macro   0x0000000000000000      0x1a3 MCAL/EXTI_driver/EXTI_driver.o
 .debug_macro   0x0000000000000000      0x330 MCAL/EXTI_driver/EXTI_driver.o
 .debug_macro   0x0000000000000000       0x16 MCAL/EXTI_driver/EXTI_driver.o
 .debug_macro   0x0000000000000000       0x29 MCAL/EXTI_driver/EXTI_driver.o
 .debug_macro   0x0000000000000000       0xef MCAL/EXTI_driver/EXTI_driver.o
 .debug_macro   0x0000000000000000       0x6a MCAL/EXTI_driver/EXTI_driver.o
 .debug_macro   0x0000000000000000      0x1df MCAL/EXTI_driver/EXTI_driver.o
 .group         0x0000000000000000        0xc MCAL/RCC_driver/RCC.o
 .group         0x0000000000000000        0xc MCAL/RCC_driver/RCC.o
 .group         0x0000000000000000        0xc MCAL/RCC_driver/RCC.o
 .group         0x0000000000000000        0xc MCAL/RCC_driver/RCC.o
 .group         0x0000000000000000        0xc MCAL/RCC_driver/RCC.o
 .group         0x0000000000000000        0xc MCAL/RCC_driver/RCC.o
 .group         0x0000000000000000        0xc MCAL/RCC_driver/RCC.o
 .group         0x0000000000000000        0xc MCAL/RCC_driver/RCC.o
 .group         0x0000000000000000        0xc MCAL/RCC_driver/RCC.o
 .group         0x0000000000000000        0xc MCAL/RCC_driver/RCC.o
 .group         0x0000000000000000        0xc MCAL/RCC_driver/RCC.o
 .group         0x0000000000000000        0xc MCAL/RCC_driver/RCC.o
 .group         0x0000000000000000        0xc MCAL/RCC_driver/RCC.o
 .group         0x0000000000000000        0xc MCAL/RCC_driver/RCC.o
 .group         0x0000000000000000        0xc MCAL/RCC_driver/RCC.o
 .group         0x0000000000000000        0xc MCAL/RCC_driver/RCC.o
 .group         0x0000000000000000        0xc MCAL/RCC_driver/RCC.o
 .group         0x0000000000000000        0xc MCAL/RCC_driver/RCC.o
 .group         0x0000000000000000        0xc MCAL/RCC_driver/RCC.o
 .group         0x0000000000000000        0xc MCAL/RCC_driver/RCC.o
 .group         0x0000000000000000        0xc MCAL/RCC_driver/RCC.o
 .group         0x0000000000000000        0xc MCAL/RCC_driver/RCC.o
 .group         0x0000000000000000        0xc MCAL/RCC_driver/RCC.o
 .group         0x0000000000000000        0xc MCAL/RCC_driver/RCC.o
 .text          0x0000000000000000        0x0 MCAL/RCC_driver/RCC.o
 .data          0x0000000000000000        0x0 MCAL/RCC_driver/RCC.o
 .bss           0x0000000000000000        0x0 MCAL/RCC_driver/RCC.o
 .debug_macro   0x0000000000000000      0xa60 MCAL/RCC_driver/RCC.o
 .debug_macro   0x0000000000000000       0x18 MCAL/RCC_driver/RCC.o
 .debug_macro   0x0000000000000000       0x22 MCAL/RCC_driver/RCC.o
 .debug_macro   0x0000000000000000       0x40 MCAL/RCC_driver/RCC.o
 .debug_macro   0x0000000000000000       0x94 MCAL/RCC_driver/RCC.o
 .debug_macro   0x0000000000000000       0x3c MCAL/RCC_driver/RCC.o
 .debug_macro   0x0000000000000000       0x34 MCAL/RCC_driver/RCC.o
 .debug_macro   0x0000000000000000       0x16 MCAL/RCC_driver/RCC.o
 .debug_macro   0x0000000000000000      0x10e MCAL/RCC_driver/RCC.o
 .debug_macro   0x0000000000000000       0x8d MCAL/RCC_driver/RCC.o
 .debug_macro   0x0000000000000000       0x57 MCAL/RCC_driver/RCC.o
 .debug_macro   0x0000000000000000       0x52 MCAL/RCC_driver/RCC.o
 .debug_macro   0x0000000000000000       0x1f MCAL/RCC_driver/RCC.o
 .debug_macro   0x0000000000000000       0x43 MCAL/RCC_driver/RCC.o
 .debug_macro   0x0000000000000000       0x20 MCAL/RCC_driver/RCC.o
 .debug_macro   0x0000000000000000      0x1a3 MCAL/RCC_driver/RCC.o
 .debug_macro   0x0000000000000000      0x330 MCAL/RCC_driver/RCC.o
 .debug_macro   0x0000000000000000       0x16 MCAL/RCC_driver/RCC.o
 .debug_macro   0x0000000000000000       0x29 MCAL/RCC_driver/RCC.o
 .debug_macro   0x0000000000000000       0xef MCAL/RCC_driver/RCC.o
 .debug_macro   0x0000000000000000       0x6a MCAL/RCC_driver/RCC.o
 .debug_macro   0x0000000000000000      0x1df MCAL/RCC_driver/RCC.o
 .debug_macro   0x0000000000000000      0x15d MCAL/RCC_driver/RCC.o
 .group         0x0000000000000000        0xc MCAL/USART/USART.o
 .group         0x0000000000000000        0xc MCAL/USART/USART.o
 .group         0x0000000000000000        0xc MCAL/USART/USART.o
 .group         0x0000000000000000        0xc MCAL/USART/USART.o
 .group         0x0000000000000000        0xc MCAL/USART/USART.o
 .group         0x0000000000000000        0xc MCAL/USART/USART.o
 .group         0x0000000000000000        0xc MCAL/USART/USART.o
 .group         0x0000000000000000        0xc MCAL/USART/USART.o
 .group         0x0000000000000000        0xc MCAL/USART/USART.o
 .group         0x0000000000000000        0xc MCAL/USART/USART.o
 .group         0x0000000000000000        0xc MCAL/USART/USART.o
 .group         0x0000000000000000        0xc MCAL/USART/USART.o
 .group         0x0000000000000000        0xc MCAL/USART/USART.o
 .group         0x0000000000000000        0xc MCAL/USART/USART.o
 .group         0x0000000000000000        0xc MCAL/USART/USART.o
 .group         0x0000000000000000        0xc MCAL/USART/USART.o
 .group         0x0000000000000000        0xc MCAL/USART/USART.o
 .group         0x0000000000000000        0xc MCAL/USART/USART.o
 .group         0x0000000000000000        0xc MCAL/USART/USART.o
 .group         0x0000000000000000        0xc MCAL/USART/USART.o
 .group         0x0000000000000000        0xc MCAL/USART/USART.o
 .group         0x0000000000000000        0xc MCAL/USART/USART.o
 .group         0x0000000000000000        0xc MCAL/USART/USART.o
 .group         0x0000000000000000        0xc MCAL/USART/USART.o
 .group         0x0000000000000000        0xc MCAL/USART/USART.o
 .group         0x0000000000000000        0xc MCAL/USART/USART.o
 .group         0x0000000000000000        0xc MCAL/USART/USART.o
 .text          0x0000000000000000        0x0 MCAL/USART/USART.o
 .data          0x0000000000000000        0x0 MCAL/USART/USART.o
 .bss           0x0000000000000000        0x0 MCAL/USART/USART.o
 .text.MCAL_UART_DeInit
                0x0000000000000000       0x8c MCAL/USART/USART.o
 .text.MCAL_UART_WAIT_TC
                0x0000000000000000       0x20 MCAL/USART/USART.o
 .debug_macro   0x0000000000000000      0xa60 MCAL/USART/USART.o
 .debug_macro   0x0000000000000000       0x18 MCAL/USART/USART.o
 .debug_macro   0x0000000000000000       0x22 MCAL/USART/USART.o
 .debug_macro   0x0000000000000000       0x40 MCAL/USART/USART.o
 .debug_macro   0x0000000000000000       0x94 MCAL/USART/USART.o
 .debug_macro   0x0000000000000000       0x3c MCAL/USART/USART.o
 .debug_macro   0x0000000000000000       0x34 MCAL/USART/USART.o
 .debug_macro   0x0000000000000000       0x16 MCAL/USART/USART.o
 .debug_macro   0x0000000000000000      0x10e MCAL/USART/USART.o
 .debug_macro   0x0000000000000000       0x8d MCAL/USART/USART.o
 .debug_macro   0x0000000000000000       0x57 MCAL/USART/USART.o
 .debug_macro   0x0000000000000000       0x52 MCAL/USART/USART.o
 .debug_macro   0x0000000000000000       0x1f MCAL/USART/USART.o
 .debug_macro   0x0000000000000000       0x43 MCAL/USART/USART.o
 .debug_macro   0x0000000000000000       0x20 MCAL/USART/USART.o
 .debug_macro   0x0000000000000000      0x1a3 MCAL/USART/USART.o
 .debug_macro   0x0000000000000000      0x330 MCAL/USART/USART.o
 .debug_macro   0x0000000000000000       0x16 MCAL/USART/USART.o
 .debug_macro   0x0000000000000000       0x29 MCAL/USART/USART.o
 .debug_macro   0x0000000000000000       0xef MCAL/USART/USART.o
 .debug_macro   0x0000000000000000       0x6a MCAL/USART/USART.o
 .debug_macro   0x0000000000000000      0x1df MCAL/USART/USART.o
 .debug_macro   0x0000000000000000      0x15d MCAL/USART/USART.o
 .debug_macro   0x0000000000000000       0xd0 MCAL/USART/USART.o
 .debug_macro   0x0000000000000000      0x355 MCAL/USART/USART.o
 .group         0x0000000000000000        0xc MCAL/gpio_driver/GPIO_driver.o
 .group         0x0000000000000000        0xc MCAL/gpio_driver/GPIO_driver.o
 .group         0x0000000000000000        0xc MCAL/gpio_driver/GPIO_driver.o
 .group         0x0000000000000000        0xc MCAL/gpio_driver/GPIO_driver.o
 .group         0x0000000000000000        0xc MCAL/gpio_driver/GPIO_driver.o
 .group         0x0000000000000000        0xc MCAL/gpio_driver/GPIO_driver.o
 .group         0x0000000000000000        0xc MCAL/gpio_driver/GPIO_driver.o
 .group         0x0000000000000000        0xc MCAL/gpio_driver/GPIO_driver.o
 .group         0x0000000000000000        0xc MCAL/gpio_driver/GPIO_driver.o
 .group         0x0000000000000000        0xc MCAL/gpio_driver/GPIO_driver.o
 .group         0x0000000000000000        0xc MCAL/gpio_driver/GPIO_driver.o
 .group         0x0000000000000000        0xc MCAL/gpio_driver/GPIO_driver.o
 .group         0x0000000000000000        0xc MCAL/gpio_driver/GPIO_driver.o
 .group         0x0000000000000000        0xc MCAL/gpio_driver/GPIO_driver.o
 .group         0x0000000000000000        0xc MCAL/gpio_driver/GPIO_driver.o
 .group         0x0000000000000000        0xc MCAL/gpio_driver/GPIO_driver.o
 .group         0x0000000000000000        0xc MCAL/gpio_driver/GPIO_driver.o
 .group         0x0000000000000000        0xc MCAL/gpio_driver/GPIO_driver.o
 .group         0x0000000000000000        0xc MCAL/gpio_driver/GPIO_driver.o
 .group         0x0000000000000000        0xc MCAL/gpio_driver/GPIO_driver.o
 .group         0x0000000000000000        0xc MCAL/gpio_driver/GPIO_driver.o
 .group         0x0000000000000000        0xc MCAL/gpio_driver/GPIO_driver.o
 .group         0x0000000000000000        0xc MCAL/gpio_driver/GPIO_driver.o
 .group         0x0000000000000000        0xc MCAL/gpio_driver/GPIO_driver.o
 .text          0x0000000000000000        0x0 MCAL/gpio_driver/GPIO_driver.o
 .data          0x0000000000000000        0x0 MCAL/gpio_driver/GPIO_driver.o
 .bss           0x0000000000000000        0x0 MCAL/gpio_driver/GPIO_driver.o
 .text.MCAL_GPIO_Deinit
                0x0000000000000000      0x100 MCAL/gpio_driver/GPIO_driver.o
 .text.MCAL_GPIO_Write_Port
                0x0000000000000000       0x1c MCAL/gpio_driver/GPIO_driver.o
 .text.MCAL_GPIO_Write_Pin
                0x0000000000000000       0x2e MCAL/gpio_driver/GPIO_driver.o
 .text.MCAL_GPIO_Read_Port
                0x0000000000000000       0x18 MCAL/gpio_driver/GPIO_driver.o
 .text.MCAL_GPIO_Read_Pin
                0x0000000000000000       0x24 MCAL/gpio_driver/GPIO_driver.o
 .text.MCAL_GPIO_Toggle_Pin
                0x0000000000000000       0x22 MCAL/gpio_driver/GPIO_driver.o
 .text.MCAL_GPIO_Lock_Pin
                0x0000000000000000       0x4e MCAL/gpio_driver/GPIO_driver.o
 .debug_macro   0x0000000000000000      0xa60 MCAL/gpio_driver/GPIO_driver.o
 .debug_macro   0x0000000000000000       0x18 MCAL/gpio_driver/GPIO_driver.o
 .debug_macro   0x0000000000000000       0x22 MCAL/gpio_driver/GPIO_driver.o
 .debug_macro   0x0000000000000000       0x40 MCAL/gpio_driver/GPIO_driver.o
 .debug_macro   0x0000000000000000       0x94 MCAL/gpio_driver/GPIO_driver.o
 .debug_macro   0x0000000000000000       0x3c MCAL/gpio_driver/GPIO_driver.o
 .debug_macro   0x0000000000000000       0x34 MCAL/gpio_driver/GPIO_driver.o
 .debug_macro   0x0000000000000000       0x16 MCAL/gpio_driver/GPIO_driver.o
 .debug_macro   0x0000000000000000      0x10e MCAL/gpio_driver/GPIO_driver.o
 .debug_macro   0x0000000000000000       0x8d MCAL/gpio_driver/GPIO_driver.o
 .debug_macro   0x0000000000000000       0x57 MCAL/gpio_driver/GPIO_driver.o
 .debug_macro   0x0000000000000000       0x52 MCAL/gpio_driver/GPIO_driver.o
 .debug_macro   0x0000000000000000       0x1f MCAL/gpio_driver/GPIO_driver.o
 .debug_macro   0x0000000000000000       0x43 MCAL/gpio_driver/GPIO_driver.o
 .debug_macro   0x0000000000000000       0x20 MCAL/gpio_driver/GPIO_driver.o
 .debug_macro   0x0000000000000000      0x1a3 MCAL/gpio_driver/GPIO_driver.o
 .debug_macro   0x0000000000000000      0x330 MCAL/gpio_driver/GPIO_driver.o
 .debug_macro   0x0000000000000000       0x16 MCAL/gpio_driver/GPIO_driver.o
 .debug_macro   0x0000000000000000       0x29 MCAL/gpio_driver/GPIO_driver.o
 .debug_macro   0x0000000000000000       0xef MCAL/gpio_driver/GPIO_driver.o
 .debug_macro   0x0000000000000000       0x6a MCAL/gpio_driver/GPIO_driver.o
 .debug_macro   0x0000000000000000      0x1df MCAL/gpio_driver/GPIO_driver.o
 .debug_macro   0x0000000000000000      0x15d MCAL/gpio_driver/GPIO_driver.o
 .debug_macro   0x0000000000000000       0xd0 MCAL/gpio_driver/GPIO_driver.o
 .group         0x0000000000000000        0xc Src/main.o
 .group         0x0000000000000000        0xc Src/main.o
 .group         0x0000000000000000        0xc Src/main.o
 .group         0x0000000000000000        0xc Src/main.o
 .group         0x0000000000000000        0xc Src/main.o
 .group         0x0000000000000000        0xc Src/main.o
 .group         0x0000000000000000        0xc Src/main.o
 .group         0x0000000000000000        0xc Src/main.o
 .group         0x0000000000000000        0xc Src/main.o
 .group         0x0000000000000000        0xc Src/main.o
 .group         0x0000000000000000        0xc Src/main.o
 .group         0x0000000000000000        0xc Src/main.o
 .group         0x0000000000000000        0xc Src/main.o
 .group         0x0000000000000000        0xc Src/main.o
 .group         0x0000000000000000        0xc Src/main.o
 .group         0x0000000000000000        0xc Src/main.o
 .group         0x0000000000000000        0xc Src/main.o
 .group         0x0000000000000000        0xc Src/main.o
 .group         0x0000000000000000        0xc Src/main.o
 .group         0x0000000000000000        0xc Src/main.o
 .group         0x0000000000000000        0xc Src/main.o
 .group         0x0000000000000000        0xc Src/main.o
 .group         0x0000000000000000        0xc Src/main.o
 .group         0x0000000000000000        0xc Src/main.o
 .group         0x0000000000000000        0xc Src/main.o
 .group         0x0000000000000000        0xc Src/main.o
 .group         0x0000000000000000        0xc Src/main.o
 .text          0x0000000000000000        0x0 Src/main.o
 .data          0x0000000000000000        0x0 Src/main.o
 .bss           0x0000000000000000        0x0 Src/main.o
 .bss.IRQ_FLAG  0x0000000000000000        0x4 Src/main.o
 .text.wait_mss
                0x0000000000000000       0x38 Src/main.o
 .debug_macro   0x0000000000000000      0xa60 Src/main.o
 .debug_macro   0x0000000000000000       0x18 Src/main.o
 .debug_macro   0x0000000000000000       0x22 Src/main.o
 .debug_macro   0x0000000000000000       0x40 Src/main.o
 .debug_macro   0x0000000000000000       0x94 Src/main.o
 .debug_macro   0x0000000000000000       0x3c Src/main.o
 .debug_macro   0x0000000000000000       0x34 Src/main.o
 .debug_macro   0x0000000000000000       0x16 Src/main.o
 .debug_macro   0x0000000000000000      0x10e Src/main.o
 .debug_macro   0x0000000000000000       0x8d Src/main.o
 .debug_macro   0x0000000000000000       0x57 Src/main.o
 .debug_macro   0x0000000000000000       0x52 Src/main.o
 .debug_macro   0x0000000000000000       0x1f Src/main.o
 .debug_macro   0x0000000000000000       0x43 Src/main.o
 .debug_macro   0x0000000000000000       0x20 Src/main.o
 .debug_macro   0x0000000000000000      0x1a3 Src/main.o
 .debug_macro   0x0000000000000000      0x330 Src/main.o
 .debug_macro   0x0000000000000000       0x16 Src/main.o
 .debug_macro   0x0000000000000000       0x29 Src/main.o
 .debug_macro   0x0000000000000000       0xef Src/main.o
 .debug_macro   0x0000000000000000       0x6a Src/main.o
 .debug_macro   0x0000000000000000      0x1df Src/main.o
 .debug_macro   0x0000000000000000      0x15d Src/main.o
 .debug_macro   0x0000000000000000       0xd0 Src/main.o
 .debug_macro   0x0000000000000000      0x355 Src/main.o
 .debug_macro   0x0000000000000000       0xbe Src/main.o
 .debug_macro   0x0000000000000000       0x5e Src/main.o
 .group         0x0000000000000000        0xc Src/syscalls.o
 .group         0x0000000000000000        0xc Src/syscalls.o
 .group         0x0000000000000000        0xc Src/syscalls.o
 .group         0x0000000000000000        0xc Src/syscalls.o
 .group         0x0000000000000000        0xc Src/syscalls.o
 .group         0x0000000000000000        0xc Src/syscalls.o
 .group         0x0000000000000000        0xc Src/syscalls.o
 .group         0x0000000000000000        0xc Src/syscalls.o
 .group         0x0000000000000000        0xc Src/syscalls.o
 .group         0x0000000000000000        0xc Src/syscalls.o
 .group         0x0000000000000000        0xc Src/syscalls.o
 .group         0x0000000000000000        0xc Src/syscalls.o
 .group         0x0000000000000000        0xc Src/syscalls.o
 .group         0x0000000000000000        0xc Src/syscalls.o
 .group         0x0000000000000000        0xc Src/syscalls.o
 .group         0x0000000000000000        0xc Src/syscalls.o
 .group         0x0000000000000000        0xc Src/syscalls.o
 .group         0x0000000000000000        0xc Src/syscalls.o
 .group         0x0000000000000000        0xc Src/syscalls.o
 .group         0x0000000000000000        0xc Src/syscalls.o
 .group         0x0000000000000000        0xc Src/syscalls.o
 .group         0x0000000000000000        0xc Src/syscalls.o
 .group         0x0000000000000000        0xc Src/syscalls.o
 .group         0x0000000000000000        0xc Src/syscalls.o
 .group         0x0000000000000000        0xc Src/syscalls.o
 .group         0x0000000000000000        0xc Src/syscalls.o
 .group         0x0000000000000000        0xc Src/syscalls.o
 .group         0x0000000000000000        0xc Src/syscalls.o
 .group         0x0000000000000000        0xc Src/syscalls.o
 .group         0x0000000000000000        0xc Src/syscalls.o
 .group         0x0000000000000000        0xc Src/syscalls.o
 .group         0x0000000000000000        0xc Src/syscalls.o
 .group         0x0000000000000000        0xc Src/syscalls.o
 .group         0x0000000000000000        0xc Src/syscalls.o
 .group         0x0000000000000000        0xc Src/syscalls.o
 .group         0x0000000000000000        0xc Src/syscalls.o
 .group         0x0000000000000000        0xc Src/syscalls.o
 .group         0x0000000000000000        0xc Src/syscalls.o
 .group         0x0000000000000000        0xc Src/syscalls.o
 .group         0x0000000000000000        0xc Src/syscalls.o
 .group         0x0000000000000000        0xc Src/syscalls.o
 .group         0x0000000000000000        0xc Src/syscalls.o
 .group         0x0000000000000000        0xc Src/syscalls.o
 .group         0x0000000000000000        0xc Src/syscalls.o
 .text          0x0000000000000000        0x0 Src/syscalls.o
 .data          0x0000000000000000        0x0 Src/syscalls.o
 .bss           0x0000000000000000        0x0 Src/syscalls.o
 .bss.__env     0x0000000000000000        0x4 Src/syscalls.o
 .data.environ  0x0000000000000000        0x4 Src/syscalls.o
 .text.initialise_monitor_handles
                0x0000000000000000        0xc Src/syscalls.o
 .text._getpid  0x0000000000000000        0xe Src/syscalls.o
 .text._kill    0x0000000000000000       0x20 Src/syscalls.o
 .text._exit    0x0000000000000000       0x14 Src/syscalls.o
 .text._read    0x0000000000000000       0x3a Src/syscalls.o
 .text._write   0x0000000000000000       0x38 Src/syscalls.o
 .text._close   0x0000000000000000       0x16 Src/syscalls.o
 .text._fstat   0x0000000000000000       0x1e Src/syscalls.o
 .text._isatty  0x0000000000000000       0x14 Src/syscalls.o
 .text._lseek   0x0000000000000000       0x18 Src/syscalls.o
 .text._open    0x0000000000000000       0x1a Src/syscalls.o
 .text._wait    0x0000000000000000       0x1e Src/syscalls.o
 .text._unlink  0x0000000000000000       0x1e Src/syscalls.o
 .text._times   0x0000000000000000       0x16 Src/syscalls.o
 .text._stat    0x0000000000000000       0x1e Src/syscalls.o
 .text._link    0x0000000000000000       0x20 Src/syscalls.o
 .text._fork    0x0000000000000000       0x16 Src/syscalls.o
 .text._execve  0x0000000000000000       0x22 Src/syscalls.o
 .debug_info    0x0000000000000000     0x1038 Src/syscalls.o
 .debug_abbrev  0x0000000000000000      0x254 Src/syscalls.o
 .debug_loc     0x0000000000000000      0x5b8 Src/syscalls.o
 .debug_aranges
                0x0000000000000000       0xa8 Src/syscalls.o
 .debug_ranges  0x0000000000000000       0x98 Src/syscalls.o
 .debug_macro   0x0000000000000000      0x243 Src/syscalls.o
 .debug_macro   0x0000000000000000      0xa60 Src/syscalls.o
 .debug_macro   0x0000000000000000       0x22 Src/syscalls.o
 .debug_macro   0x0000000000000000       0x40 Src/syscalls.o
 .debug_macro   0x0000000000000000       0x18 Src/syscalls.o
 .debug_macro   0x0000000000000000       0x94 Src/syscalls.o
 .debug_macro   0x0000000000000000       0x3c Src/syscalls.o
 .debug_macro   0x0000000000000000       0x34 Src/syscalls.o
 .debug_macro   0x0000000000000000       0x57 Src/syscalls.o
 .debug_macro   0x0000000000000000      0x174 Src/syscalls.o
 .debug_macro   0x0000000000000000      0x330 Src/syscalls.o
 .debug_macro   0x0000000000000000       0x52 Src/syscalls.o
 .debug_macro   0x0000000000000000       0x1f Src/syscalls.o
 .debug_macro   0x0000000000000000       0x43 Src/syscalls.o
 .debug_macro   0x0000000000000000       0x20 Src/syscalls.o
 .debug_macro   0x0000000000000000      0x1a3 Src/syscalls.o
 .debug_macro   0x0000000000000000       0x10 Src/syscalls.o
 .debug_macro   0x0000000000000000       0x35 Src/syscalls.o
 .debug_macro   0x0000000000000000       0x10 Src/syscalls.o
 .debug_macro   0x0000000000000000       0x10 Src/syscalls.o
 .debug_macro   0x0000000000000000       0x10 Src/syscalls.o
 .debug_macro   0x0000000000000000       0x6a Src/syscalls.o
 .debug_macro   0x0000000000000000       0x1c Src/syscalls.o
 .debug_macro   0x0000000000000000       0x52 Src/syscalls.o
 .debug_macro   0x0000000000000000       0x40 Src/syscalls.o
 .debug_macro   0x0000000000000000       0x10 Src/syscalls.o
 .debug_macro   0x0000000000000000       0x40 Src/syscalls.o
 .debug_macro   0x0000000000000000       0xd7 Src/syscalls.o
 .debug_macro   0x0000000000000000       0x1c Src/syscalls.o
 .debug_macro   0x0000000000000000       0x3d Src/syscalls.o
 .debug_macro   0x0000000000000000       0x35 Src/syscalls.o
 .debug_macro   0x0000000000000000      0x122 Src/syscalls.o
 .debug_macro   0x0000000000000000       0x16 Src/syscalls.o
 .debug_macro   0x0000000000000000       0x16 Src/syscalls.o
 .debug_macro   0x0000000000000000       0x29 Src/syscalls.o
 .debug_macro   0x0000000000000000       0x10 Src/syscalls.o
 .debug_macro   0x0000000000000000      0x241 Src/syscalls.o
 .debug_macro   0x0000000000000000       0x1c Src/syscalls.o
 .debug_macro   0x0000000000000000       0x10 Src/syscalls.o
 .debug_macro   0x0000000000000000       0x10 Src/syscalls.o
 .debug_macro   0x0000000000000000       0x16 Src/syscalls.o
 .debug_macro   0x0000000000000000      0x145 Src/syscalls.o
 .debug_macro   0x0000000000000000      0x189 Src/syscalls.o
 .debug_macro   0x0000000000000000       0x16 Src/syscalls.o
 .debug_macro   0x0000000000000000       0x88 Src/syscalls.o
 .debug_line    0x0000000000000000      0x739 Src/syscalls.o
 .debug_str     0x0000000000000000     0x88b2 Src/syscalls.o
 .comment       0x0000000000000000       0x7c Src/syscalls.o
 .debug_frame   0x0000000000000000      0x2ac Src/syscalls.o
 .ARM.attributes
                0x0000000000000000       0x33 Src/syscalls.o
 .group         0x0000000000000000        0xc Src/sysmem.o
 .group         0x0000000000000000        0xc Src/sysmem.o
 .group         0x0000000000000000        0xc Src/sysmem.o
 .group         0x0000000000000000        0xc Src/sysmem.o
 .group         0x0000000000000000        0xc Src/sysmem.o
 .group         0x0000000000000000        0xc Src/sysmem.o
 .group         0x0000000000000000        0xc Src/sysmem.o
 .group         0x0000000000000000        0xc Src/sysmem.o
 .group         0x0000000000000000        0xc Src/sysmem.o
 .group         0x0000000000000000        0xc Src/sysmem.o
 .group         0x0000000000000000        0xc Src/sysmem.o
 .group         0x0000000000000000        0xc Src/sysmem.o
 .group         0x0000000000000000        0xc Src/sysmem.o
 .group         0x0000000000000000        0xc Src/sysmem.o
 .group         0x0000000000000000        0xc Src/sysmem.o
 .group         0x0000000000000000        0xc Src/sysmem.o
 .group         0x0000000000000000        0xc Src/sysmem.o
 .group         0x0000000000000000        0xc Src/sysmem.o
 .group         0x0000000000000000        0xc Src/sysmem.o
 .text          0x0000000000000000        0x0 Src/sysmem.o
 .data          0x0000000000000000        0x0 Src/sysmem.o
 .bss           0x0000000000000000        0x0 Src/sysmem.o
 .bss.__sbrk_heap_end
                0x0000000000000000        0x4 Src/sysmem.o
 .text._sbrk    0x0000000000000000       0x6c Src/sysmem.o
 .debug_info    0x0000000000000000      0xa7c Src/sysmem.o
 .debug_abbrev  0x0000000000000000      0x18e Src/sysmem.o
 .debug_loc     0x0000000000000000       0x50 Src/sysmem.o
 .debug_aranges
                0x0000000000000000       0x20 Src/sysmem.o
 .debug_ranges  0x0000000000000000       0x10 Src/sysmem.o
 .debug_macro   0x0000000000000000       0xee Src/sysmem.o
 .debug_macro   0x0000000000000000      0xa60 Src/sysmem.o
 .debug_macro   0x0000000000000000       0x10 Src/sysmem.o
 .debug_macro   0x0000000000000000       0x22 Src/sysmem.o
 .debug_macro   0x0000000000000000       0x40 Src/sysmem.o
 .debug_macro   0x0000000000000000       0x18 Src/sysmem.o
 .debug_macro   0x0000000000000000       0x94 Src/sysmem.o
 .debug_macro   0x0000000000000000       0x3c Src/sysmem.o
 .debug_macro   0x0000000000000000       0x34 Src/sysmem.o
 .debug_macro   0x0000000000000000      0x174 Src/sysmem.o
 .debug_macro   0x0000000000000000       0x57 Src/sysmem.o
 .debug_macro   0x0000000000000000       0x52 Src/sysmem.o
 .debug_macro   0x0000000000000000       0x1f Src/sysmem.o
 .debug_macro   0x0000000000000000       0x43 Src/sysmem.o
 .debug_macro   0x0000000000000000       0x20 Src/sysmem.o
 .debug_macro   0x0000000000000000      0x1a3 Src/sysmem.o
 .debug_macro   0x0000000000000000      0x23b Src/sysmem.o
 .debug_macro   0x0000000000000000       0xef Src/sysmem.o
 .debug_macro   0x0000000000000000       0x6a Src/sysmem.o
 .debug_macro   0x0000000000000000      0x1df Src/sysmem.o
 .debug_line    0x0000000000000000      0x4c2 Src/sysmem.o
 .debug_str     0x0000000000000000     0x5f80 Src/sysmem.o
 .comment       0x0000000000000000       0x7c Src/sysmem.o
 .debug_frame   0x0000000000000000       0x34 Src/sysmem.o
 .ARM.attributes
                0x0000000000000000       0x33 Src/sysmem.o
 .text          0x0000000000000000       0x14 Startup/startup_stm32f103c6tx.o
 .data          0x0000000000000000        0x0 Startup/startup_stm32f103c6tx.o
 .bss           0x0000000000000000        0x0 Startup/startup_stm32f103c6tx.o
 .text          0x0000000000000000        0x0 c:/st/stm32cubeide_1.4.0/stm32cubeide/plugins/com.st.stm32cube.ide.mcu.externaltools.gnu-tools-for-stm32.7-2018-q2-update.win32_1.4.0.202007081208/tools/bin/../lib/gcc/arm-none-eabi/7.3.1/../../../../arm-none-eabi/lib/thumb/v7-m\libc_nano.a(lib_a-errno.o)
 .data          0x0000000000000000        0x0 c:/st/stm32cubeide_1.4.0/stm32cubeide/plugins/com.st.stm32cube.ide.mcu.externaltools.gnu-tools-for-stm32.7-2018-q2-update.win32_1.4.0.202007081208/tools/bin/../lib/gcc/arm-none-eabi/7.3.1/../../../../arm-none-eabi/lib/thumb/v7-m\libc_nano.a(lib_a-errno.o)
 .bss           0x0000000000000000        0x0 c:/st/stm32cubeide_1.4.0/stm32cubeide/plugins/com.st.stm32cube.ide.mcu.externaltools.gnu-tools-for-stm32.7-2018-q2-update.win32_1.4.0.202007081208/tools/bin/../lib/gcc/arm-none-eabi/7.3.1/../../../../arm-none-eabi/lib/thumb/v7-m\libc_nano.a(lib_a-errno.o)
 .text.__errno  0x0000000000000000        0xc c:/st/stm32cubeide_1.4.0/stm32cubeide/plugins/com.st.stm32cube.ide.mcu.externaltools.gnu-tools-for-stm32.7-2018-q2-update.win32_1.4.0.202007081208/tools/bin/../lib/gcc/arm-none-eabi/7.3.1/../../../../arm-none-eabi/lib/thumb/v7-m\libc_nano.a(lib_a-errno.o)
 .debug_frame   0x0000000000000000       0x20 c:/st/stm32cubeide_1.4.0/stm32cubeide/plugins/com.st.stm32cube.ide.mcu.externaltools.gnu-tools-for-stm32.7-2018-q2-update.win32_1.4.0.202007081208/tools/bin/../lib/gcc/arm-none-eabi/7.3.1/../../../../arm-none-eabi/lib/thumb/v7-m\libc_nano.a(lib_a-errno.o)
 .ARM.attributes
                0x0000000000000000       0x2d c:/st/stm32cubeide_1.4.0/stm32cubeide/plugins/com.st.stm32cube.ide.mcu.externaltools.gnu-tools-for-stm32.7-2018-q2-update.win32_1.4.0.202007081208/tools/bin/../lib/gcc/arm-none-eabi/7.3.1/../../../../arm-none-eabi/lib/thumb/v7-m\libc_nano.a(lib_a-errno.o)
 .text          0x0000000000000000        0x0 c:/st/stm32cubeide_1.4.0/stm32cubeide/plugins/com.st.stm32cube.ide.mcu.externaltools.gnu-tools-for-stm32.7-2018-q2-update.win32_1.4.0.202007081208/tools/bin/../lib/gcc/arm-none-eabi/7.3.1/../../../../arm-none-eabi/lib/thumb/v7-m\libc_nano.a(lib_a-exit.o)
 .data          0x0000000000000000        0x0 c:/st/stm32cubeide_1.4.0/stm32cubeide/plugins/com.st.stm32cube.ide.mcu.externaltools.gnu-tools-for-stm32.7-2018-q2-update.win32_1.4.0.202007081208/tools/bin/../lib/gcc/arm-none-eabi/7.3.1/../../../../arm-none-eabi/lib/thumb/v7-m\libc_nano.a(lib_a-exit.o)
 .bss           0x0000000000000000        0x0 c:/st/stm32cubeide_1.4.0/stm32cubeide/plugins/com.st.stm32cube.ide.mcu.externaltools.gnu-tools-for-stm32.7-2018-q2-update.win32_1.4.0.202007081208/tools/bin/../lib/gcc/arm-none-eabi/7.3.1/../../../../arm-none-eabi/lib/thumb/v7-m\libc_nano.a(lib_a-exit.o)
 .text.exit     0x0000000000000000       0x28 c:/st/stm32cubeide_1.4.0/stm32cubeide/plugins/com.st.stm32cube.ide.mcu.externaltools.gnu-tools-for-stm32.7-2018-q2-update.win32_1.4.0.202007081208/tools/bin/../lib/gcc/arm-none-eabi/7.3.1/../../../../arm-none-eabi/lib/thumb/v7-m\libc_nano.a(lib_a-exit.o)
 .debug_frame   0x0000000000000000       0x28 c:/st/stm32cubeide_1.4.0/stm32cubeide/plugins/com.st.stm32cube.ide.mcu.externaltools.gnu-tools-for-stm32.7-2018-q2-update.win32_1.4.0.202007081208/tools/bin/../lib/gcc/arm-none-eabi/7.3.1/../../../../arm-none-eabi/lib/thumb/v7-m\libc_nano.a(lib_a-exit.o)
 .ARM.attributes
                0x0000000000000000       0x2d c:/st/stm32cubeide_1.4.0/stm32cubeide/plugins/com.st.stm32cube.ide.mcu.externaltools.gnu-tools-for-stm32.7-2018-q2-update.win32_1.4.0.202007081208/tools/bin/../lib/gcc/arm-none-eabi/7.3.1/../../../../arm-none-eabi/lib/thumb/v7-m\libc_nano.a(lib_a-exit.o)
 .text          0x0000000000000000        0x0 c:/st/stm32cubeide_1.4.0/stm32cubeide/plugins/com.st.stm32cube.ide.mcu.externaltools.gnu-tools-for-stm32.7-2018-q2-update.win32_1.4.0.202007081208/tools/bin/../lib/gcc/arm-none-eabi/7.3.1/../../../../arm-none-eabi/lib/thumb/v7-m\libc_nano.a(lib_a-impure.o)
 .data          0x0000000000000000        0x0 c:/st/stm32cubeide_1.4.0/stm32cubeide/plugins/com.st.stm32cube.ide.mcu.externaltools.gnu-tools-for-stm32.7-2018-q2-update.win32_1.4.0.202007081208/tools/bin/../lib/gcc/arm-none-eabi/7.3.1/../../../../arm-none-eabi/lib/thumb/v7-m\libc_nano.a(lib_a-impure.o)
 .bss           0x0000000000000000        0x0 c:/st/stm32cubeide_1.4.0/stm32cubeide/plugins/com.st.stm32cube.ide.mcu.externaltools.gnu-tools-for-stm32.7-2018-q2-update.win32_1.4.0.202007081208/tools/bin/../lib/gcc/arm-none-eabi/7.3.1/../../../../arm-none-eabi/lib/thumb/v7-m\libc_nano.a(lib_a-impure.o)
 .data._impure_ptr
                0x0000000000000000        0x4 c:/st/stm32cubeide_1.4.0/stm32cubeide/plugins/com.st.stm32cube.ide.mcu.externaltools.gnu-tools-for-stm32.7-2018-q2-update.win32_1.4.0.202007081208/tools/bin/../lib/gcc/arm-none-eabi/7.3.1/../../../../arm-none-eabi/lib/thumb/v7-m\libc_nano.a(lib_a-impure.o)
 .data.impure_data
                0x0000000000000000       0x60 c:/st/stm32cubeide_1.4.0/stm32cubeide/plugins/com.st.stm32cube.ide.mcu.externaltools.gnu-tools-for-stm32.7-2018-q2-update.win32_1.4.0.202007081208/tools/bin/../lib/gcc/arm-none-eabi/7.3.1/../../../../arm-none-eabi/lib/thumb/v7-m\libc_nano.a(lib_a-impure.o)
 .rodata._global_impure_ptr
                0x0000000000000000        0x4 c:/st/stm32cubeide_1.4.0/stm32cubeide/plugins/com.st.stm32cube.ide.mcu.externaltools.gnu-tools-for-stm32.7-2018-q2-update.win32_1.4.0.202007081208/tools/bin/../lib/gcc/arm-none-eabi/7.3.1/../../../../arm-none-eabi/lib/thumb/v7-m\libc_nano.a(lib_a-impure.o)
 .ARM.attributes
                0x0000000000000000       0x2d c:/st/stm32cubeide_1.4.0/stm32cubeide/plugins/com.st.stm32cube.ide.mcu.externaltools.gnu-tools-for-stm32.7-2018-q2-update.win32_1.4.0.202007081208/tools/bin/../lib/gcc/arm-none-eabi/7.3.1/../../../../arm-none-eabi/lib/thumb/v7-m\libc_nano.a(lib_a-impure.o)
 .text          0x0000000000000000        0x0 c:/st/stm32cubeide_1.4.0/stm32cubeide/plugins/com.st.stm32cube.ide.mcu.externaltools.gnu-tools-for-stm32.7-2018-q2-update.win32_1.4.0.202007081208/tools/bin/../lib/gcc/arm-none-eabi/7.3.1/../../../../arm-none-eabi/lib/thumb/v7-m\libc_nano.a(lib_a-init.o)
 .data          0x0000000000000000        0x0 c:/st/stm32cubeide_1.4.0/stm32cubeide/plugins/com.st.stm32cube.ide.mcu.externaltools.gnu-tools-for-stm32.7-2018-q2-update.win32_1.4.0.202007081208/tools/bin/../lib/gcc/arm-none-eabi/7.3.1/../../../../arm-none-eabi/lib/thumb/v7-m\libc_nano.a(lib_a-init.o)
 .bss           0x0000000000000000        0x0 c:/st/stm32cubeide_1.4.0/stm32cubeide/plugins/com.st.stm32cube.ide.mcu.externaltools.gnu-tools-for-stm32.7-2018-q2-update.win32_1.4.0.202007081208/tools/bin/../lib/gcc/arm-none-eabi/7.3.1/../../../../arm-none-eabi/lib/thumb/v7-m\libc_nano.a(lib_a-init.o)
 .text          0x0000000000000000        0x0 c:/st/stm32cubeide_1.4.0/stm32cubeide/plugins/com.st.stm32cube.ide.mcu.externaltools.gnu-tools-for-stm32.7-2018-q2-update.win32_1.4.0.202007081208/tools/bin/../lib/gcc/arm-none-eabi/7.3.1/../../../../arm-none-eabi/lib/thumb/v7-m\libc_nano.a(lib_a-memset.o)
 .data          0x0000000000000000        0x0 c:/st/stm32cubeide_1.4.0/stm32cubeide/plugins/com.st.stm32cube.ide.mcu.externaltools.gnu-tools-for-stm32.7-2018-q2-update.win32_1.4.0.202007081208/tools/bin/../lib/gcc/arm-none-eabi/7.3.1/../../../../arm-none-eabi/lib/thumb/v7-m\libc_nano.a(lib_a-memset.o)
 .bss           0x0000000000000000        0x0 c:/st/stm32cubeide_1.4.0/stm32cubeide/plugins/com.st.stm32cube.ide.mcu.externaltools.gnu-tools-for-stm32.7-2018-q2-update.win32_1.4.0.202007081208/tools/bin/../lib/gcc/arm-none-eabi/7.3.1/../../../../arm-none-eabi/lib/thumb/v7-m\libc_nano.a(lib_a-memset.o)
 .text.memset   0x0000000000000000       0x10 c:/st/stm32cubeide_1.4.0/stm32cubeide/plugins/com.st.stm32cube.ide.mcu.externaltools.gnu-tools-for-stm32.7-2018-q2-update.win32_1.4.0.202007081208/tools/bin/../lib/gcc/arm-none-eabi/7.3.1/../../../../arm-none-eabi/lib/thumb/v7-m\libc_nano.a(lib_a-memset.o)
 .debug_frame   0x0000000000000000       0x20 c:/st/stm32cubeide_1.4.0/stm32cubeide/plugins/com.st.stm32cube.ide.mcu.externaltools.gnu-tools-for-stm32.7-2018-q2-update.win32_1.4.0.202007081208/tools/bin/../lib/gcc/arm-none-eabi/7.3.1/../../../../arm-none-eabi/lib/thumb/v7-m\libc_nano.a(lib_a-memset.o)
 .ARM.attributes
                0x0000000000000000       0x2d c:/st/stm32cubeide_1.4.0/stm32cubeide/plugins/com.st.stm32cube.ide.mcu.externaltools.gnu-tools-for-stm32.7-2018-q2-update.win32_1.4.0.202007081208/tools/bin/../lib/gcc/arm-none-eabi/7.3.1/../../../../arm-none-eabi/lib/thumb/v7-m\libc_nano.a(lib_a-memset.o)
 .text          0x0000000000000000        0x0 c:/st/stm32cubeide_1.4.0/stm32cubeide/plugins/com.st.stm32cube.ide.mcu.externaltools.gnu-tools-for-stm32.7-2018-q2-update.win32_1.4.0.202007081208/tools/bin/../lib/gcc/arm-none-eabi/7.3.1/thumb/v7-m/crtend.o
 .data          0x0000000000000000        0x0 c:/st/stm32cubeide_1.4.0/stm32cubeide/plugins/com.st.stm32cube.ide.mcu.externaltools.gnu-tools-for-stm32.7-2018-q2-update.win32_1.4.0.202007081208/tools/bin/../lib/gcc/arm-none-eabi/7.3.1/thumb/v7-m/crtend.o
 .bss           0x0000000000000000        0x0 c:/st/stm32cubeide_1.4.0/stm32cubeide/plugins/com.st.stm32cube.ide.mcu.externaltools.gnu-tools-for-stm32.7-2018-q2-update.win32_1.4.0.202007081208/tools/bin/../lib/gcc/arm-none-eabi/7.3.1/thumb/v7-m/crtend.o
 .eh_frame      0x0000000000000000        0x4 c:/st/stm32cubeide_1.4.0/stm32cubeide/plugins/com.st.stm32cube.ide.mcu.externaltools.gnu-tools-for-stm32.7-2018-q2-update.win32_1.4.0.202007081208/tools/bin/../lib/gcc/arm-none-eabi/7.3.1/thumb/v7-m/crtend.o
 .ARM.attributes
                0x0000000000000000       0x2d c:/st/stm32cubeide_1.4.0/stm32cubeide/plugins/com.st.stm32cube.ide.mcu.externaltools.gnu-tools-for-stm32.7-2018-q2-update.win32_1.4.0.202007081208/tools/bin/../lib/gcc/arm-none-eabi/7.3.1/thumb/v7-m/crtend.o
 .text          0x0000000000000000        0x0 c:/st/stm32cubeide_1.4.0/stm32cubeide/plugins/com.st.stm32cube.ide.mcu.externaltools.gnu-tools-for-stm32.7-2018-q2-update.win32_1.4.0.202007081208/tools/bin/../lib/gcc/arm-none-eabi/7.3.1/thumb/v7-m/crtn.o
 .data          0x0000000000000000        0x0 c:/st/stm32cubeide_1.4.0/stm32cubeide/plugins/com.st.stm32cube.ide.mcu.externaltools.gnu-tools-for-stm32.7-2018-q2-update.win32_1.4.0.202007081208/tools/bin/../lib/gcc/arm-none-eabi/7.3.1/thumb/v7-m/crtn.o
 .bss           0x0000000000000000        0x0 c:/st/stm32cubeide_1.4.0/stm32cubeide/plugins/com.st.stm32cube.ide.mcu.externaltools.gnu-tools-for-stm32.7-2018-q2-update.win32_1.4.0.202007081208/tools/bin/../lib/gcc/arm-none-eabi/7.3.1/thumb/v7-m/crtn.o

Memory Configuration

Name             Origin             Length             Attributes
RAM              0x0000000020000000 0x0000000000002800 xrw
ROM              0x0000000008000000 0x0000000000008000 xr
*default*        0x0000000000000000 0xffffffffffffffff

Linker script and memory map

LOAD c:/st/stm32cubeide_1.4.0/stm32cubeide/plugins/com.st.stm32cube.ide.mcu.externaltools.gnu-tools-for-stm32.7-2018-q2-update.win32_1.4.0.202007081208/tools/bin/../lib/gcc/arm-none-eabi/7.3.1/thumb/v7-m/crti.o
LOAD c:/st/stm32cubeide_1.4.0/stm32cubeide/plugins/com.st.stm32cube.ide.mcu.externaltools.gnu-tools-for-stm32.7-2018-q2-update.win32_1.4.0.202007081208/tools/bin/../lib/gcc/arm-none-eabi/7.3.1/thumb/v7-m/crtbegin.o
LOAD c:/st/stm32cubeide_1.4.0/stm32cubeide/plugins/com.st.stm32cube.ide.mcu.externaltools.gnu-tools-for-stm32.7-2018-q2-update.win32_1.4.0.202007081208/tools/bin/../lib/gcc/arm-none-eabi/7.3.1/../../../../arm-none-eabi/lib/thumb/v7-m/crt0.o
LOAD HAL/keypad_driver/keypad.o
LOAD HAL/lcd_driver/lcd.o
LOAD MCAL/EXTI_driver/EXTI_driver.o
LOAD MCAL/RCC_driver/RCC.o
LOAD MCAL/USART/USART.o
LOAD MCAL/gpio_driver/GPIO_driver.o
LOAD Src/main.o
LOAD Src/syscalls.o
LOAD Src/sysmem.o
LOAD Startup/startup_stm32f103c6tx.o
START GROUP
LOAD c:/st/stm32cubeide_1.4.0/stm32cubeide/plugins/com.st.stm32cube.ide.mcu.externaltools.gnu-tools-for-stm32.7-2018-q2-update.win32_1.4.0.202007081208/tools/bin/../lib/gcc/arm-none-eabi/7.3.1/../../../../arm-none-eabi/lib/thumb/v7-m\libc_nano.a
LOAD c:/st/stm32cubeide_1.4.0/stm32cubeide/plugins/com.st.stm32cube.ide.mcu.externaltools.gnu-tools-for-stm32.7-2018-q2-update.win32_1.4.0.202007081208/tools/bin/../lib/gcc/arm-none-eabi/7.3.1/../../../../arm-none-eabi/lib/thumb/v7-m\libm.a
END GROUP
START GROUP
LOAD c:/st/stm32cubeide_1.4.0/stm32cubeide/plugins/com.st.stm32cube.ide.mcu.externaltools.gnu-tools-for-stm32.7-2018-q2-update.win32_1.4.0.202007081208/tools/bin/../lib/gcc/arm-none-eabi/7.3.1/thumb/v7-m\libgcc.a
LOAD c:/st/stm32cubeide_1.4.0/stm32cubeide/plugins/com.st.stm32cube.ide.mcu.externaltools.gnu-tools-for-stm32.7-2018-q2-update.win32_1.4.0.202007081208/tools/bin/../lib/gcc/arm-none-eabi/7.3.1/../../../../arm-none-eabi/lib/thumb/v7-m\libg_nano.a
LOAD c:/st/stm32cubeide_1.4.0/stm32cubeide/plugins/com.st.stm32cube.ide.mcu.externaltools.gnu-tools-for-stm32.7-2018-q2-update.win32_1.4.0.202007081208/tools/bin/../lib/gcc/arm-none-eabi/7.3.1/../../../../arm-none-eabi/lib/thumb/v7-m\libc_nano.a
END GROUP
START GROUP
LOAD c:/st/stm32cubeide_1.4.0/stm32cubeide/plugins/com.st.stm32cube.ide.mcu.externaltools.gnu-tools-for-stm32.7-2018-q2-update.win32_1.4.0.202007081208/tools/bin/../lib/gcc/arm-none-eabi/7.3.1/thumb/v7-m\libgcc.a
LOAD c:/st/stm32cubeide_1.4.0/stm32cubeide/plugins/com.st.stm32cube.ide.mcu.externaltools.gnu-tools-for-stm32.7-2018-q2-update.win32_1.4.0.202007081208/tools/bin/../lib/gcc/arm-none-eabi/7.3.1/../../../../arm-none-eabi/lib/thumb/v7-m\libc_nano.a
LOAD c:/st/stm32cubeide_1.4.0/stm32cubeide/plugins/com.st.stm32cube.ide.mcu.externaltools.gnu-tools-for-stm32.7-2018-q2-update.win32_1.4.0.202007081208/tools/bin/../lib/gcc/arm-none-eabi/7.3.1/../../../../arm-none-eabi/lib/thumb/v7-m\libnosys.a
END GROUP
START GROUP
LOAD c:/st/stm32cubeide_1.4.0/stm32cubeide/plugins/com.st.stm32cube.ide.mcu.externaltools.gnu-tools-for-stm32.7-2018-q2-update.win32_1.4.0.202007081208/tools/bin/../lib/gcc/arm-none-eabi/7.3.1/thumb/v7-m\libgcc.a
LOAD c:/st/stm32cubeide_1.4.0/stm32cubeide/plugins/com.st.stm32cube.ide.mcu.externaltools.gnu-tools-for-stm32.7-2018-q2-update.win32_1.4.0.202007081208/tools/bin/../lib/gcc/arm-none-eabi/7.3.1/../../../../arm-none-eabi/lib/thumb/v7-m\libc_nano.a
LOAD c:/st/stm32cubeide_1.4.0/stm32cubeide/plugins/com.st.stm32cube.ide.mcu.externaltools.gnu-tools-for-stm32.7-2018-q2-update.win32_1.4.0.202007081208/tools/bin/../lib/gcc/arm-none-eabi/7.3.1/../../../../arm-none-eabi/lib/thumb/v7-m\libnosys.a
END GROUP
LOAD c:/st/stm32cubeide_1.4.0/stm32cubeide/plugins/com.st.stm32cube.ide.mcu.externaltools.gnu-tools-for-stm32.7-2018-q2-update.win32_1.4.0.202007081208/tools/bin/../lib/gcc/arm-none-eabi/7.3.1/thumb/v7-m/crtend.o
LOAD c:/st/stm32cubeide_1.4.0/stm32cubeide/plugins/com.st.stm32cube.ide.mcu.externaltools.gnu-tools-for-stm32.7-2018-q2-update.win32_1.4.0.202007081208/tools/bin/../lib/gcc/arm-none-eabi/7.3.1/thumb/v7-m/crtn.o
                0x0000000020002800                _estack = (ORIGIN (RAM) + LENGTH (RAM))
                0x0000000000000200                _Min_Heap_Size = 0x200
                0x0000000000000400                _Min_Stack_Size = 0x400

.isr_vector     0x0000000008000000      0x130
                0x0000000008000000                . = ALIGN (0x4)
 *(.isr_vector)
 .isr_vector    0x0000000008000000      0x130 Startup/startup_stm32f103c6tx.o
                0x0000000008000000                g_pfnVectors
                0x0000000008000130                . = ALIGN (0x4)

.text           0x0000000008000130      0x9e8
                0x0000000008000130                . = ALIGN (0x4)
 *(.text)
 .text          0x0000000008000130       0x40 c:/st/stm32cubeide_1.4.0/stm32cubeide/plugins/com.st.stm32cube.ide.mcu.externaltools.gnu-tools-for-stm32.7-2018-q2-update.win32_1.4.0.202007081208/tools/bin/../lib/gcc/arm-none-eabi/7.3.1/thumb/v7-m/crtbegin.o
 *(.text*)
 .text.EXTI0_IRQHandler
                0x0000000008000170       0x24 MCAL/EXTI_driver/EXTI_driver.o
                0x0000000008000170                EXTI0_IRQHandler
 .text.EXTI1_IRQHandler
                0x0000000008000194       0x24 MCAL/EXTI_driver/EXTI_driver.o
                0x0000000008000194                EXTI1_IRQHandler
 .text.EXTI2_IRQHandler
                0x00000000080001b8       0x24 MCAL/EXTI_driver/EXTI_driver.o
                0x00000000080001b8                EXTI2_IRQHandler
 .text.EXTI3_IRQHandler
                0x00000000080001dc       0x24 MCAL/EXTI_driver/EXTI_driver.o
                0x00000000080001dc                EXTI3_IRQHandler
 .text.EXTI4_IRQHandler
                0x0000000008000200       0x24 MCAL/EXTI_driver/EXTI_driver.o
                0x0000000008000200                EXTI4_IRQHandler
 .text.EXTI9_5_IRQHandler
                0x0000000008000224       0xa8 MCAL/EXTI_driver/EXTI_driver.o
                0x0000000008000224                EXTI9_5_IRQHandler
 .text.EXTI15_10_IRQHandler
                0x00000000080002cc       0xc4 MCAL/EXTI_driver/EXTI_driver.o
                0x00000000080002cc                EXTI15_10_IRQHandler
 .text.MCAL_RCC_GetSYS_CLCKFreq
                0x0000000008000390       0x3c MCAL/RCC_driver/RCC.o
                0x0000000008000390                MCAL_RCC_GetSYS_CLCKFreq
 .text.MCAL_RCC_GetHCLK_CLCKFreq
                0x00000000080003cc       0x28 MCAL/RCC_driver/RCC.o
                0x00000000080003cc                MCAL_RCC_GetHCLK_CLCKFreq
 .text.MCAL_RCC_GetPCLK1_CLCKFreq
                0x00000000080003f4       0x28 MCAL/RCC_driver/RCC.o
                0x00000000080003f4                MCAL_RCC_GetPCLK1_CLCKFreq
 .text.MCAL_RCC_GetPCLK2_CLCKFreq
                0x000000000800041c       0x28 MCAL/RCC_driver/RCC.o
                0x000000000800041c                MCAL_RCC_GetPCLK2_CLCKFreq
 .text.MCAL_UART_Init
                0x0000000008000444      0x198 MCAL/USART/USART.o
                0x0000000008000444                MCAL_UART_Init
 .text.MCAL_UART_GPIO_SetPins
                0x00000000080005dc       0xcc MCAL/USART/USART.o
                0x00000000080005dc                MCAL_UART_GPIO_SetPins
 .text.MCAL_UART_SendDate
                0x00000000080006a8       0x54 MCAL/USART/USART.o
                0x00000000080006a8                MCAL_UART_SendDate
 .text.MCAL_UART_RecieveDate
                0x00000000080006fc       0x90 MCAL/USART/USART.o
                0x00000000080006fc                MCAL_UART_RecieveDate
 .text.USART1_IRQHandler
                0x000000000800078c       0x14 MCAL/USART/USART.o
                0x000000000800078c                USART1_IRQHandler
 .text.USART2_IRQHandler
                0x00000000080007a0       0x14 MCAL/USART/USART.o
                0x00000000080007a0                USART2_IRQHandler
 .text.USART3_IRQHandler
                0x00000000080007b4       0x14 MCAL/USART/USART.o
                0x00000000080007b4                USART3_IRQHandler
 .text.GPIO_CRLH_PIN_POSITION
                0x00000000080007c8       0xc6 MCAL/gpio_driver/GPIO_driver.o
                0x00000000080007c8                GPIO_CRLH_PIN_POSITION
 .text.MCAL_GPIO_init
                0x000000000800088e      0x12a MCAL/gpio_driver/GPIO_driver.o
                0x000000000800088e                MCAL_GPIO_init
 .text.ARAFA_CallBack
                0x00000000080009b8       0x24 Src/main.o
                0x00000000080009b8                ARAFA_CallBack
 .text.clock_init
                0x00000000080009dc       0x40 Src/main.o
                0x00000000080009dc                clock_init
 .text.main     0x0000000008000a1c       0x48 Src/main.o
                0x0000000008000a1c                main
 .text.Reset_Handler
                0x0000000008000a64       0x50 Startup/startup_stm32f103c6tx.o
                0x0000000008000a64                Reset_Handler
 .text.Default_Handler
                0x0000000008000ab4        0x2 Startup/startup_stm32f103c6tx.o
                0x0000000008000ab4                TIM8_TRG_COM_IRQHandler
                0x0000000008000ab4                TIM8_CC_IRQHandler
                0x0000000008000ab4                DebugMon_Handler
                0x0000000008000ab4                TIM1_CC_IRQHandler
                0x0000000008000ab4                HardFault_Handler
                0x0000000008000ab4                TIM6_IRQHandler
                0x0000000008000ab4                SysTick_Handler
                0x0000000008000ab4                PVD_IRQHandler
                0x0000000008000ab4                SDIO_IRQHandler
                0x0000000008000ab4                PendSV_Handler
                0x0000000008000ab4                NMI_Handler
                0x0000000008000ab4                USB_HP_CAN_TX_IRQHandler
                0x0000000008000ab4                I2C2_EV_IRQHandler
                0x0000000008000ab4                UsageFault_Handler
                0x0000000008000ab4                ADC1_2_IRQHandler
                0x0000000008000ab4                SPI1_IRQHandler
                0x0000000008000ab4                CAN_SCE_IRQHandler
                0x0000000008000ab4                TAMPER_IRQHandler
                0x0000000008000ab4                TIM8_UP_IRQHandler
                0x0000000008000ab4                DMA2_Channel2_IRQHandler
                0x0000000008000ab4                DMA1_Channel4_IRQHandler
                0x0000000008000ab4                RTC_IRQHandler
                0x0000000008000ab4                DMA1_Channel7_IRQHandler
                0x0000000008000ab4                UART5_IRQHandler
                0x0000000008000ab4                ADC3_IRQHandler
                0x0000000008000ab4                TIM4_IRQHandler
                0x0000000008000ab4                CAN_RX1_IRQHandler
                0x0000000008000ab4                DMA2_Channel1_IRQHandler
                0x0000000008000ab4                I2C1_EV_IRQHandler
                0x0000000008000ab4                DMA1_Channel6_IRQHandler
                0x0000000008000ab4                UART4_IRQHandler
                0x0000000008000ab4                TIM3_IRQHandler
                0x0000000008000ab4                RCC_IRQHandler
                0x0000000008000ab4                TIM1_TRG_COM_IRQHandler
                0x0000000008000ab4                DMA1_Channel1_IRQHandler
                0x0000000008000ab4                Default_Handler
                0x0000000008000ab4                TIM7_IRQHandler
                0x0000000008000ab4                TIM5_IRQHandler
                0x0000000008000ab4                SPI2_IRQHandler
                0x0000000008000ab4                USB_LP_CAN_RX0_IRQHandler
                0x0000000008000ab4                MemManage_Handler
                0x0000000008000ab4                SVC_Handler
                0x0000000008000ab4                DMA1_Channel5_IRQHandler
                0x0000000008000ab4                DMA1_Channel3_IRQHandler
                0x0000000008000ab4                FSMC_IRQHandler
                0x0000000008000ab4                TIM1_UP_IRQHandler
                0x0000000008000ab4                WWDG_IRQHandler
                0x0000000008000ab4                TIM2_IRQHandler
                0x0000000008000ab4                TIM1_BRK_IRQHandler
                0x0000000008000ab4                RTCAlarm_IRQHandler
                0x0000000008000ab4                DMA2_Channel4_5_IRQHandler
                0x0000000008000ab4                I2C2_ER_IRQHandler
                0x0000000008000ab4                DMA1_Channel2_IRQHandler
                0x0000000008000ab4                TIM8_BRK_IRQHandler
                0x0000000008000ab4                FLASH_IRQHandler
                0x0000000008000ab4                BusFault_Handler
                0x0000000008000ab4                SPI3_IRQHandler
                0x0000000008000ab4                I2C1_ER_IRQHandler
                0x0000000008000ab4                DMA2_Channel3_IRQHandler
 *fill*         0x0000000008000ab6        0x2 
 .text.__libc_init_array
                0x0000000008000ab8       0x48 c:/st/stm32cubeide_1.4.0/stm32cubeide/plugins/com.st.stm32cube.ide.mcu.externaltools.gnu-tools-for-stm32.7-2018-q2-update.win32_1.4.0.202007081208/tools/bin/../lib/gcc/arm-none-eabi/7.3.1/../../../../arm-none-eabi/lib/thumb/v7-m\libc_nano.a(lib_a-init.o)
                0x0000000008000ab8                __libc_init_array
 *(.glue_7)
 .glue_7        0x0000000008000b00        0x0 linker stubs
 *(.glue_7t)
 .glue_7t       0x0000000008000b00        0x0 linker stubs
 *(.eh_frame)
 .eh_frame      0x0000000008000b00        0x0 c:/st/stm32cubeide_1.4.0/stm32cubeide/plugins/com.st.stm32cube.ide.mcu.externaltools.gnu-tools-for-stm32.7-2018-q2-update.win32_1.4.0.202007081208/tools/bin/../lib/gcc/arm-none-eabi/7.3.1/thumb/v7-m/crtbegin.o
 *(.init)
 .init          0x0000000008000b00        0x4 c:/st/stm32cubeide_1.4.0/stm32cubeide/plugins/com.st.stm32cube.ide.mcu.externaltools.gnu-tools-for-stm32.7-2018-q2-update.win32_1.4.0.202007081208/tools/bin/../lib/gcc/arm-none-eabi/7.3.1/thumb/v7-m/crti.o
                0x0000000008000b00                _init
 .init          0x0000000008000b04        0x8 c:/st/stm32cubeide_1.4.0/stm32cubeide/plugins/com.st.stm32cube.ide.mcu.externaltools.gnu-tools-for-stm32.7-2018-q2-update.win32_1.4.0.202007081208/tools/bin/../lib/gcc/arm-none-eabi/7.3.1/thumb/v7-m/crtn.o
 *(.fini)
 .fini          0x0000000008000b0c        0x4 c:/st/stm32cubeide_1.4.0/stm32cubeide/plugins/com.st.stm32cube.ide.mcu.externaltools.gnu-tools-for-stm32.7-2018-q2-update.win32_1.4.0.202007081208/tools/bin/../lib/gcc/arm-none-eabi/7.3.1/thumb/v7-m/crti.o
                0x0000000008000b0c                _fini
 .fini          0x0000000008000b10        0x8 c:/st/stm32cubeide_1.4.0/stm32cubeide/plugins/com.st.stm32cube.ide.mcu.externaltools.gnu-tools-for-stm32.7-2018-q2-update.win32_1.4.0.202007081208/tools/bin/../lib/gcc/arm-none-eabi/7.3.1/thumb/v7-m/crtn.o
                0x0000000008000b18                . = ALIGN (0x4)
                0x0000000008000b18                _etext = .

.vfp11_veneer   0x0000000008000b18        0x0
 .vfp11_veneer  0x0000000008000b18        0x0 linker stubs

.v4_bx          0x0000000008000b18        0x0
 .v4_bx         0x0000000008000b18        0x0 linker stubs

.iplt           0x0000000008000b18        0x0
 .iplt          0x0000000008000b18        0x0 c:/st/stm32cubeide_1.4.0/stm32cubeide/plugins/com.st.stm32cube.ide.mcu.externaltools.gnu-tools-for-stm32.7-2018-q2-update.win32_1.4.0.202007081208/tools/bin/../lib/gcc/arm-none-eabi/7.3.1/thumb/v7-m/crtbegin.o

.rodata         0x0000000008000b18       0x18
                0x0000000008000b18                . = ALIGN (0x4)
 *(.rodata)
 *(.rodata*)
 .rodata.AHBPrescaler
                0x0000000008000b18       0x10 MCAL/RCC_driver/RCC.o
                0x0000000008000b18                AHBPrescaler
 .rodata.APBPrescaler
                0x0000000008000b28        0x8 MCAL/RCC_driver/RCC.o
                0x0000000008000b28                APBPrescaler
                0x0000000008000b30                . = ALIGN (0x4)

.rel.dyn        0x0000000008000b30        0x0
 .rel.iplt      0x0000000008000b30        0x0 c:/st/stm32cubeide_1.4.0/stm32cubeide/plugins/com.st.stm32cube.ide.mcu.externaltools.gnu-tools-for-stm32.7-2018-q2-update.win32_1.4.0.202007081208/tools/bin/../lib/gcc/arm-none-eabi/7.3.1/thumb/v7-m/crtbegin.o

.ARM.extab      0x0000000008000b30        0x0
                0x0000000008000b30                . = ALIGN (0x4)
 *(.ARM.extab* .gnu.linkonce.armextab.*)
                0x0000000008000b30                . = ALIGN (0x4)

.ARM            0x0000000008000b30        0x0
                0x0000000008000b30                . = ALIGN (0x4)
                0x0000000008000b30                __exidx_start = .
 *(.ARM.exidx*)
                0x0000000008000b30                __exidx_end = .
                0x0000000008000b30                . = ALIGN (0x4)

.preinit_array  0x0000000008000b30        0x0
                0x0000000008000b30                . = ALIGN (0x4)
                0x0000000008000b30                PROVIDE (__preinit_array_start = .)
 *(.preinit_array*)
                0x0000000008000b30                PROVIDE (__preinit_array_end = .)
                0x0000000008000b30                . = ALIGN (0x4)

.init_array     0x0000000008000b30        0x4
                0x0000000008000b30                . = ALIGN (0x4)
                0x0000000008000b30                PROVIDE (__init_array_start = .)
 *(SORT_BY_NAME(.init_array.*))
 *(.init_array*)
 .init_array    0x0000000008000b30        0x4 c:/st/stm32cubeide_1.4.0/stm32cubeide/plugins/com.st.stm32cube.ide.mcu.externaltools.gnu-tools-for-stm32.7-2018-q2-update.win32_1.4.0.202007081208/tools/bin/../lib/gcc/arm-none-eabi/7.3.1/thumb/v7-m/crtbegin.o
                0x0000000008000b34                PROVIDE (__init_array_end = .)
                0x0000000008000b34                . = ALIGN (0x4)

.fini_array     0x0000000008000b34        0x4
                0x0000000008000b34                . = ALIGN (0x4)
                [!provide]                        PROVIDE (__fini_array_start = .)
 *(SORT_BY_NAME(.fini_array.*))
 *(.fini_array*)
 .fini_array    0x0000000008000b34        0x4 c:/st/stm32cubeide_1.4.0/stm32cubeide/plugins/com.st.stm32cube.ide.mcu.externaltools.gnu-tools-for-stm32.7-2018-q2-update.win32_1.4.0.202007081208/tools/bin/../lib/gcc/arm-none-eabi/7.3.1/thumb/v7-m/crtbegin.o
                [!provide]                        PROVIDE (__fini_array_end = .)
                0x0000000008000b38                . = ALIGN (0x4)
                0x0000000008000b38                _sidata = LOADADDR (.data)

.data           0x0000000020000000        0x0 load address 0x0000000008000b38
                0x0000000020000000                . = ALIGN (0x4)
                0x0000000020000000                _sdata = .
 *(.data)
 *(.data*)
                0x0000000020000000                . = ALIGN (0x4)
                0x0000000020000000                _edata = .

.igot.plt       0x0000000020000000        0x0 load address 0x0000000008000b38
 .igot.plt      0x0000000020000000        0x0 c:/st/stm32cubeide_1.4.0/stm32cubeide/plugins/com.st.stm32cube.ide.mcu.externaltools.gnu-tools-for-stm32.7-2018-q2-update.win32_1.4.0.202007081208/tools/bin/../lib/gcc/arm-none-eabi/7.3.1/thumb/v7-m/crtbegin.o
                0x0000000020000000                . = ALIGN (0x4)

.bss            0x0000000020000000       0x60 load address 0x0000000008000b38
                0x0000000020000000                _sbss = .
                0x0000000020000000                __bss_start__ = _sbss
 *(.bss)
 .bss           0x0000000020000000       0x1c c:/st/stm32cubeide_1.4.0/stm32cubeide/plugins/com.st.stm32cube.ide.mcu.externaltools.gnu-tools-for-stm32.7-2018-q2-update.win32_1.4.0.202007081208/tools/bin/../lib/gcc/arm-none-eabi/7.3.1/thumb/v7-m/crtbegin.o
 *(.bss*)
 .bss.GP_UART_Config
                0x000000002000001c        0x4 MCAL/USART/USART.o
                0x000000002000001c                GP_UART_Config
 *(COMMON)
 COMMON         0x0000000020000020       0x3c MCAL/EXTI_driver/EXTI_driver.o
                0x0000000020000020                GP_EXTI_CallBack
 COMMON         0x000000002000005c        0x4 Src/main.o
                0x000000002000005c                ch
                0x0000000020000060                . = ALIGN (0x4)
                0x0000000020000060                _ebss = .
                0x0000000020000060                __bss_end__ = _ebss

._user_heap_stack
                0x0000000020000060      0x600 load address 0x0000000008000b38
                0x0000000020000060                . = ALIGN (0x8)
                [!provide]                        PROVIDE (end = .)
                0x0000000020000060                PROVIDE (_end = .)
                0x0000000020000260                . = (. + _Min_Heap_Size)
 *fill*         0x0000000020000060      0x200 
                0x0000000020000660                . = (. + _Min_Stack_Size)
 *fill*         0x0000000020000260      0x400 
                0x0000000020000660                . = ALIGN (0x8)

/DISCARD/
 libc.a(*)
 libm.a(*)
 libgcc.a(*)

.ARM.attributes
                0x0000000000000000       0x29
 *(.ARM.attributes)
 .ARM.attributes
                0x0000000000000000       0x1d c:/st/stm32cubeide_1.4.0/stm32cubeide/plugins/com.st.stm32cube.ide.mcu.externaltools.gnu-tools-for-stm32.7-2018-q2-update.win32_1.4.0.202007081208/tools/bin/../lib/gcc/arm-none-eabi/7.3.1/thumb/v7-m/crti.o
 .ARM.attributes
                0x000000000000001d       0x2d c:/st/stm32cubeide_1.4.0/stm32cubeide/plugins/com.st.stm32cube.ide.mcu.externaltools.gnu-tools-for-stm32.7-2018-q2-update.win32_1.4.0.202007081208/tools/bin/../lib/gcc/arm-none-eabi/7.3.1/thumb/v7-m/crtbegin.o
 .ARM.attributes
                0x000000000000004a       0x33 MCAL/EXTI_driver/EXTI_driver.o
 .ARM.attributes
                0x000000000000007d       0x33 MCAL/RCC_driver/RCC.o
 .ARM.attributes
                0x00000000000000b0       0x33 MCAL/USART/USART.o
 .ARM.attributes
                0x00000000000000e3       0x33 MCAL/gpio_driver/GPIO_driver.o
 .ARM.attributes
                0x0000000000000116       0x33 Src/main.o
 .ARM.attributes
                0x0000000000000149       0x21 Startup/startup_stm32f103c6tx.o
 .ARM.attributes
                0x000000000000016a       0x2d c:/st/stm32cubeide_1.4.0/stm32cubeide/plugins/com.st.stm32cube.ide.mcu.externaltools.gnu-tools-for-stm32.7-2018-q2-update.win32_1.4.0.202007081208/tools/bin/../lib/gcc/arm-none-eabi/7.3.1/../../../../arm-none-eabi/lib/thumb/v7-m\libc_nano.a(lib_a-init.o)
 .ARM.attributes
                0x0000000000000197       0x1d c:/st/stm32cubeide_1.4.0/stm32cubeide/plugins/com.st.stm32cube.ide.mcu.externaltools.gnu-tools-for-stm32.7-2018-q2-update.win32_1.4.0.202007081208/tools/bin/../lib/gcc/arm-none-eabi/7.3.1/thumb/v7-m/crtn.o
OUTPUT(STM32F103C6_Drivers.elf elf32-littlearm)

.debug_info     0x0000000000000000     0x40d6
 .debug_info    0x0000000000000000      0xdca MCAL/EXTI_driver/EXTI_driver.o
 .debug_info    0x0000000000000dca      0xb25 MCAL/RCC_driver/RCC.o
 .debug_info    0x00000000000018ef      0xe25 MCAL/USART/USART.o
 .debug_info    0x0000000000002714      0xd63 MCAL/gpio_driver/GPIO_driver.o
 .debug_info    0x0000000000003477      0xc3d Src/main.o
 .debug_info    0x00000000000040b4       0x22 Startup/startup_stm32f103c6tx.o

.debug_abbrev   0x0000000000000000      0xa73
 .debug_abbrev  0x0000000000000000      0x230 MCAL/EXTI_driver/EXTI_driver.o
 .debug_abbrev  0x0000000000000230      0x19b MCAL/RCC_driver/RCC.o
 .debug_abbrev  0x00000000000003cb      0x23d MCAL/USART/USART.o
 .debug_abbrev  0x0000000000000608      0x232 MCAL/gpio_driver/GPIO_driver.o
 .debug_abbrev  0x000000000000083a      0x227 Src/main.o
 .debug_abbrev  0x0000000000000a61       0x12 Startup/startup_stm32f103c6tx.o

.debug_loc      0x0000000000000000      0xab0
 .debug_loc     0x0000000000000000      0x320 MCAL/EXTI_driver/EXTI_driver.o
 .debug_loc     0x0000000000000320       0xc8 MCAL/RCC_driver/RCC.o
 .debug_loc     0x00000000000003e8      0x294 MCAL/USART/USART.o
 .debug_loc     0x000000000000067c      0x330 MCAL/gpio_driver/GPIO_driver.o
 .debug_loc     0x00000000000009ac      0x104 Src/main.o

.debug_aranges  0x0000000000000000      0x1d8
 .debug_aranges
                0x0000000000000000       0x80 MCAL/EXTI_driver/EXTI_driver.o
 .debug_aranges
                0x0000000000000080       0x38 MCAL/RCC_driver/RCC.o
 .debug_aranges
                0x00000000000000b8       0x60 MCAL/USART/USART.o
 .debug_aranges
                0x0000000000000118       0x60 MCAL/gpio_driver/GPIO_driver.o
 .debug_aranges
                0x0000000000000178       0x38 Src/main.o
 .debug_aranges
                0x00000000000001b0       0x28 Startup/startup_stm32f103c6tx.o

.debug_ranges   0x0000000000000000      0x180
 .debug_ranges  0x0000000000000000       0x70 MCAL/EXTI_driver/EXTI_driver.o
 .debug_ranges  0x0000000000000070       0x28 MCAL/RCC_driver/RCC.o
 .debug_ranges  0x0000000000000098       0x50 MCAL/USART/USART.o
 .debug_ranges  0x00000000000000e8       0x50 MCAL/gpio_driver/GPIO_driver.o
 .debug_ranges  0x0000000000000138       0x28 Src/main.o
 .debug_ranges  0x0000000000000160       0x20 Startup/startup_stm32f103c6tx.o

.debug_macro    0x0000000000000000      0xdb8
 .debug_macro   0x0000000000000000      0x160 MCAL/EXTI_driver/EXTI_driver.o
 .debug_macro   0x0000000000000160      0x15d MCAL/EXTI_driver/EXTI_driver.o
 .debug_macro   0x00000000000002bd       0xd0 MCAL/EXTI_driver/EXTI_driver.o
 .debug_macro   0x000000000000038d      0x355 MCAL/EXTI_driver/EXTI_driver.o
 .debug_macro   0x00000000000006e2      0x13f MCAL/RCC_driver/RCC.o
 .debug_macro   0x0000000000000821       0x58 MCAL/RCC_driver/RCC.o
 .debug_macro   0x0000000000000879      0x16e MCAL/USART/USART.o
 .debug_macro   0x00000000000009e7       0xbe MCAL/USART/USART.o
 .debug_macro   0x0000000000000aa5       0x5e MCAL/USART/USART.o
 .debug_macro   0x0000000000000b03      0x143 MCAL/gpio_driver/GPIO_driver.o
 .debug_macro   0x0000000000000c46      0x172 Src/main.o

.debug_line     0x0000000000000000     0x2104
 .debug_line    0x0000000000000000      0x748 MCAL/EXTI_driver/EXTI_driver.o
 .debug_line    0x0000000000000748      0x5a6 MCAL/RCC_driver/RCC.o
 .debug_line    0x0000000000000cee      0x6ba MCAL/USART/USART.o
 .debug_line    0x00000000000013a8      0x679 MCAL/gpio_driver/GPIO_driver.o
 .debug_line    0x0000000000001a21      0x65f Src/main.o
 .debug_line    0x0000000000002080       0x84 Startup/startup_stm32f103c6tx.o

.debug_str      0x0000000000000000     0x9e2a
 .debug_str     0x0000000000000000     0x92d5 MCAL/EXTI_driver/EXTI_driver.o
                                       0x9546 (size before relaxing)
 .debug_str     0x00000000000092d5      0x446 MCAL/RCC_driver/RCC.o
                                       0x7b69 (size before relaxing)
 .debug_str     0x000000000000971b      0x5a4 MCAL/USART/USART.o
                                       0x9c25 (size before relaxing)
 .debug_str     0x0000000000009cbf       0xee MCAL/gpio_driver/GPIO_driver.o
                                       0x7d18 (size before relaxing)
 .debug_str     0x0000000000009dad       0x4c Src/main.o
                                       0x9b06 (size before relaxing)
 .debug_str     0x0000000000009df9       0x31 Startup/startup_stm32f103c6tx.o
                                         0xa3 (size before relaxing)

.comment        0x0000000000000000       0x7b
 .comment       0x0000000000000000       0x7b MCAL/EXTI_driver/EXTI_driver.o
                                         0x7c (size before relaxing)
 .comment       0x000000000000007b       0x7c MCAL/RCC_driver/RCC.o
 .comment       0x000000000000007b       0x7c MCAL/USART/USART.o
 .comment       0x000000000000007b       0x7c MCAL/gpio_driver/GPIO_driver.o
 .comment       0x000000000000007b       0x7c Src/main.o

.debug_frame    0x0000000000000000      0x5b8
 .debug_frame   0x0000000000000000      0x1b0 MCAL/EXTI_driver/EXTI_driver.o
 .debug_frame   0x00000000000001b0       0x84 MCAL/RCC_driver/RCC.o
 .debug_frame   0x0000000000000234      0x14c MCAL/USART/USART.o
 .debug_frame   0x0000000000000380      0x178 MCAL/gpio_driver/GPIO_driver.o
 .debug_frame   0x00000000000004f8       0x94 Src/main.o
 .debug_frame   0x000000000000058c       0x2c c:/st/stm32cubeide_1.4.0/stm32cubeide/plugins/com.st.stm32cube.ide.mcu.externaltools.gnu-tools-for-stm32.7-2018-q2-update.win32_1.4.0.202007081208/tools/bin/../lib/gcc/arm-none-eabi/7.3.1/../../../../arm-none-eabi/lib/thumb/v7-m\libc_nano.a(lib_a-init.o)
